<html>
<body>
<pre>
<h1>礦ision Build Log</h1>
<h2>Tool Versions:</h2>
IDE-Version: μVision V5.14.0.0
Copyright (C) 2015 ARM Ltd and ARM Germany GmbH. All rights reserved.
License Information: dyq abc, cau, LIC=V859U-S2PBT-ULNCE-5EL57-AANNS-03DYS
 
Tool Versions:
Toolchain:       MDK-ARM Professional  Version: 5.14.0.0
Toolchain Path:  C:\software\ARM\ARMCC\Bin
C Compiler:      Armcc.exe V5.05 update 1 (build 106)
Assembler:       Armasm.exe V5.05 update 1 (build 106)
Linker/Locator:  ArmLink.exe V5.05 update 1 (build 106)
Library Manager: ArmAr.exe V5.05 update 1 (build 106)
Hex Converter:   FromElf.exe V5.05 update 1 (build 106)
CPU DLL:         SARMCM3.DLL V5.14.0.0
Dialog DLL:      DCM.DLL V1.13.1.0
Target DLL:      STLink\ST-LINKIII-KEIL_SWO.dll V2.0.14.0_KEIL
Dialog DLL:      TARMSTM.DLL V1.64.0.0
 
<h2>Project:</h2>
F:\基于Android和can总线的玉米精量播种机\MCU端代码\USER\motor_driver.uvprojx
Project File Date:  05/24/2018

<h2>Output:</h2>
Rebuild target 'driver'
compiling main.c...
main.c(34): warning:  #177-D: variable "buffer_send" was declared but never referenced
        u8 buffer_send[15];
main.c(35): warning:  #550-D: variable "lati" was set but never used
        u32 lati,longti;
main.c(35): warning:  #550-D: variable "longti" was set but never used
        u32 lati,longti;
main.c: 3 warnings, 0 errors
compiling system_stm32f10x.c...
compiling stm32f10x_it.c...
compiling YTCH_Driver.c...
YTCH_Driver.c(216): warning:  #111-D: statement is unreachable
                                break;
YTCH_Driver.c(228): warning:  #111-D: statement is unreachable
                                break;
YTCH_Driver.c(242): warning:  #111-D: statement is unreachable
                                break;
YTCH_Driver.c(245): warning:  #111-D: statement is unreachable
                                        break;                          
YTCH_Driver.c: 4 warnings, 0 errors
compiling delay.c...
compiling sys.c...
compiling usart.c...
compiling can.c...
..\HARDWARE\can.c(171): warning:  #223-D: function "CAN_Master_Handler" declared implicitly
      CAN_Master_Handler(&RxMessage);
..\HARDWARE\can.c: 1 warning, 0 errors
compiling seedparameter.c...
compiling timer2.c...
compiling led.c...
compiling order.c...
compiling usb_communication.c...
compiling gps.c...
compiling transfer.c...
transfer.c(39): warning:  #1-D: last line of file ends without a newline
        
transfer.c: 1 warning, 0 errors
compiling usart3.c...
compiling misc.c...
compiling stm32f10x_can.c...
compiling stm32f10x_exti.c...
compiling stm32f10x_gpio.c...
compiling stm32f10x_rcc.c...
compiling stm32f10x_tim.c...
compiling stm32f10x_usart.c...
compiling stm32f10x_dma.c...
compiling core_cm3.c...
assembling startup_stm32f10x_cl.s...
linking...
Program Size: Code=10992 RO-data=368 RW-data=68 ZI-data=3892  
FromELF: creating hex file...
"..\OBJ\motor_driver.axf" - 0 Error(s), 9 Warning(s).

<h2>Collection of Component include folders:</h2>
  F:\基于Android和can总线的玉米精量播种机\MCU端代码\USER\RTE
  C:\software\ARM\PACK\Keil\STM32F1xx_DFP\1.0.5\Device\Include

<h2>Collection of Component Files used:</h2>
</pre>
</body>
</html>
