Component: ARM Compiler 5.05 update 1 (build 106) Tool: armlink [4d0efa]

==============================================================================

Section Cross References

    main.o(i.main) refers to misc.o(i.NVIC_PriorityGroupConfig) for NVIC_PriorityGroupConfig
    main.o(i.main) refers to usb_communication.o(i.DMA_Config) for DMA_Config
    main.o(i.main) refers to usart.o(i.uart_init) for uart_init
    main.o(i.main) refers to stm32f10x_dma.o(i.DMA_Cmd) for DMA_Cmd
    main.o(i.main) refers to stm32f10x_usart.o(i.USART_Cmd) for USART_Cmd
    main.o(i.main) refers to delay.o(i.delay_init) for delay_init
    main.o(i.main) refers to led.o(i.LED_Init) for LED_Init
    main.o(i.main) refers to usart3.o(i.USART3_Init) for USART3_Init
    main.o(i.main) refers to can.o(i.CAN2_Mode_Init) for CAN2_Mode_Init
    main.o(i.main) refers to timer2.o(i.TIM2_Init) for TIM2_Init
    main.o(i.main) refers to ytch_driver.o(i.Switch_Driver_Mode) for Switch_Driver_Mode
    main.o(i.main) refers to ytch_driver.o(i.Enable_Driver) for Enable_Driver
    main.o(i.main) refers to stm32f10x_can.o(i.CAN_TransmitStatus) for CAN_TransmitStatus
    main.o(i.main) refers to gps.o(i.GPS_Analysis) for GPS_Analysis
    main.o(i.main) refers to transfer.o(i.transferH) for transferH
    main.o(i.main) refers to transfer.o(i.transferM) for transferM
    main.o(i.main) refers to transfer.o(i.transferL) for transferL
    main.o(i.main) refers to transfer.o(i.transferLL) for transferLL
    main.o(i.main) refers to order.o(i.Ch_TX_Send1) for Ch_TX_Send1
    main.o(i.main) refers to order.o(i.Ch_TX_Send2) for Ch_TX_Send2
    main.o(i.main) refers to dflt_clz.o(x$fpl$dflt) for __aeabi_i2d
    main.o(i.main) refers to dflt_clz.o(x$fpl$dfltu) for __aeabi_ui2d
    main.o(i.main) refers to dmul.o(x$fpl$dmul) for __aeabi_dmul
    main.o(i.main) refers to ddiv.o(x$fpl$ddiv) for __aeabi_ddiv
    main.o(i.main) refers to dfixu.o(x$fpl$dfixu) for __aeabi_d2uiz
    main.o(i.main) refers to ytch_driver.o(i.PVM_Set_Speed) for PVM_Set_Speed
    main.o(i.main) refers to seedparameter.o(i.Seed_Para_Tochar) for Seed_Para_Tochar
    main.o(i.main) refers to main.o(.bss) for buffer_read
    main.o(i.main) refers to usart3.o(.data) for USART3_RX_STA
    main.o(i.main) refers to usart3.o(.bss) for USART3_RX_BUF
    main.o(i.main) refers to main.o(.data) for meterspeed
    main.o(i.main) refers to stm32f10x_it.o(.data) for flag
    system_stm32f10x.o(i.SetSysClock) refers to system_stm32f10x.o(i.SetSysClockTo72) for SetSysClockTo72
    system_stm32f10x.o(i.SystemCoreClockUpdate) refers to system_stm32f10x.o(.data) for SystemCoreClock
    system_stm32f10x.o(i.SystemInit) refers to system_stm32f10x.o(i.SetSysClock) for SetSysClock
    stm32f10x_it.o(i.DMA1_Channel5_IRQHandler) refers to stm32f10x_dma.o(i.DMA_GetFlagStatus) for DMA_GetFlagStatus
    stm32f10x_it.o(i.DMA1_Channel5_IRQHandler) refers to stm32f10x_dma.o(i.DMA_ClearFlag) for DMA_ClearFlag
    stm32f10x_it.o(i.DMA1_Channel5_IRQHandler) refers to seedparameter.o(i.Seed_Para_Analysis) for Seed_Para_Analysis
    stm32f10x_it.o(i.DMA1_Channel5_IRQHandler) refers to rt_memclr.o(.text) for __aeabi_memclr
    stm32f10x_it.o(i.DMA1_Channel5_IRQHandler) refers to stm32f10x_it.o(.data) for flag
    stm32f10x_it.o(i.DMA1_Channel5_IRQHandler) refers to main.o(.bss) for buffer_read
    stm32f10x_it.o(i.DMA1_Channel5_IRQHandler) refers to main.o(.data) for sp
    stm32f10x_it.o(i.TIM2_IRQHandler) refers to stm32f10x_tim.o(i.TIM_GetITStatus) for TIM_GetITStatus
    stm32f10x_it.o(i.TIM2_IRQHandler) refers to stm32f10x_tim.o(i.TIM_ClearITPendingBit) for TIM_ClearITPendingBit
    stm32f10x_it.o(i.TIM2_IRQHandler) refers to ytch_driver.o(.data) for timer2_cnt
    ytch_driver.o(i.CAN_Master_Handler) refers to main.o(.data) for meterspeed
    ytch_driver.o(i.CAN_Master_Handler) refers to ytch_driver.o(.data) for sdo_recv_cnt
    ytch_driver.o(i.CAN_Master_Handler) refers to ytch_driver.o(.bss) for sdo_recv_msg
    ytch_driver.o(i.Disable_Driver) refers to ytch_driver.o(i.Write_Driver_Reg) for Write_Driver_Reg
    ytch_driver.o(i.Enable_Driver) refers to ytch_driver.o(i.Write_Driver_Reg) for Write_Driver_Reg
    ytch_driver.o(i.PPM_Set_Position) refers to ytch_driver.o(i.Write_Driver_Reg) for Write_Driver_Reg
    ytch_driver.o(i.PVM_Set_Speed) refers to ytch_driver.o(i.Write_Driver_Reg) for Write_Driver_Reg
    ytch_driver.o(i.Read_Driver_Reg) refers to stm32f10x_can.o(i.CAN_Transmit) for CAN_Transmit
    ytch_driver.o(i.Read_Driver_Reg) refers to timer2.o(i.Start_Timer2) for Start_Timer2
    ytch_driver.o(i.Read_Driver_Reg) refers to ytch_driver.o(.data) for sdo_recv_cnt
    ytch_driver.o(i.Read_Driver_Reg) refers to ytch_driver.o(.bss) for sdo_recv_msg
    ytch_driver.o(i.Read_Position) refers to ytch_driver.o(i.Read_Driver_Reg) for Read_Driver_Reg
    ytch_driver.o(i.Read_Speed) refers to ytch_driver.o(i.Read_Driver_Reg) for Read_Driver_Reg
[...]
    Removing stm32f10x_exti.o(i.EXTI_GenerateSWInterrupt), (16 bytes).
    Removing stm32f10x_exti.o(i.EXTI_GetFlagStatus), (24 bytes).
    Removing stm32f10x_exti.o(i.EXTI_GetITStatus), (40 bytes).
    Removing stm32f10x_exti.o(i.EXTI_Init), (148 bytes).
    Removing stm32f10x_exti.o(i.EXTI_StructInit), (16 bytes).
    Removing stm32f10x_gpio.o(i.GPIO_AFIODeInit), (20 bytes).
    Removing stm32f10x_gpio.o(i.GPIO_DeInit), (200 bytes).
    Removing stm32f10x_gpio.o(i.GPIO_ETH_MediaInterfaceConfig), (12 bytes).
    Removing stm32f10x_gpio.o(i.GPIO_EXTILineConfig), (64 bytes).
    Removing stm32f10x_gpio.o(i.GPIO_EventOutputCmd), (12 bytes).
    Removing stm32f10x_gpio.o(i.GPIO_EventOutputConfig), (32 bytes).
    Removing stm32f10x_gpio.o(i.GPIO_ReadInputData), (8 bytes).
    Removing stm32f10x_gpio.o(i.GPIO_ReadInputDataBit), (18 bytes).
    Removing stm32f10x_gpio.o(i.GPIO_ReadOutputData), (8 bytes).
    Removing stm32f10x_gpio.o(i.GPIO_ReadOutputDataBit), (18 bytes).
    Removing stm32f10x_gpio.o(i.GPIO_SetBits), (4 bytes).
    Removing stm32f10x_gpio.o(i.GPIO_StructInit), (16 bytes).
    Removing stm32f10x_gpio.o(i.GPIO_Write), (4 bytes).
    Removing stm32f10x_gpio.o(i.GPIO_WriteBit), (10 bytes).
    Removing stm32f10x_rcc.o(i.RCC_ADCCLKConfig), (24 bytes).
    Removing stm32f10x_rcc.o(i.RCC_AHBPeriphResetCmd), (32 bytes).
    Removing stm32f10x_rcc.o(i.RCC_AdjustHSICalibrationValue), (24 bytes).
    Removing stm32f10x_rcc.o(i.RCC_BackupResetCmd), (12 bytes).
    Removing stm32f10x_rcc.o(i.RCC_ClearFlag), (20 bytes).
    Removing stm32f10x_rcc.o(i.RCC_ClearITPendingBit), (12 bytes).
    Removing stm32f10x_rcc.o(i.RCC_ClockSecuritySystemCmd), (12 bytes).
    Removing stm32f10x_rcc.o(i.RCC_DeInit), (92 bytes).
    Removing stm32f10x_rcc.o(i.RCC_GetFlagStatus), (60 bytes).
    Removing stm32f10x_rcc.o(i.RCC_GetITStatus), (24 bytes).
    Removing stm32f10x_rcc.o(i.RCC_GetSYSCLKSource), (16 bytes).
    Removing stm32f10x_rcc.o(i.RCC_HCLKConfig), (24 bytes).
    Removing stm32f10x_rcc.o(i.RCC_HSEConfig), (76 bytes).
    Removing stm32f10x_rcc.o(i.RCC_HSICmd), (12 bytes).
    Removing stm32f10x_rcc.o(i.RCC_I2S2CLKConfig), (12 bytes).
    Removing stm32f10x_rcc.o(i.RCC_I2S3CLKConfig), (12 bytes).
    Removing stm32f10x_rcc.o(i.RCC_ITConfig), (32 bytes).
    Removing stm32f10x_rcc.o(i.RCC_LSEConfig), (52 bytes).
    Removing stm32f10x_rcc.o(i.RCC_LSICmd), (12 bytes).
    Removing stm32f10x_rcc.o(i.RCC_MCOConfig), (12 bytes).
    Removing stm32f10x_rcc.o(i.RCC_OTGFSCLKConfig), (12 bytes).
    Removing stm32f10x_rcc.o(i.RCC_PCLK1Config), (24 bytes).
    Removing stm32f10x_rcc.o(i.RCC_PCLK2Config), (24 bytes).
    Removing stm32f10x_rcc.o(i.RCC_PLL2Cmd), (12 bytes).
    Removing stm32f10x_rcc.o(i.RCC_PLL2Config), (24 bytes).
    Removing stm32f10x_rcc.o(i.RCC_PLL3Cmd), (12 bytes).
    Removing stm32f10x_rcc.o(i.RCC_PLL3Config), (24 bytes).
    Removing stm32f10x_rcc.o(i.RCC_PLLCmd), (12 bytes).
    Removing stm32f10x_rcc.o(i.RCC_PLLConfig), (28 bytes).
    Removing stm32f10x_rcc.o(i.RCC_PREDIV1Config), (32 bytes).
    Removing stm32f10x_rcc.o(i.RCC_PREDIV2Config), (24 bytes).
    Removing stm32f10x_rcc.o(i.RCC_RTCCLKCmd), (12 bytes).
    Removing stm32f10x_rcc.o(i.RCC_RTCCLKConfig), (16 bytes).
    Removing stm32f10x_rcc.o(i.RCC_SYSCLKConfig), (24 bytes).
    Removing stm32f10x_rcc.o(i.RCC_WaitForHSEStartUp), (56 bytes).
    Removing stm32f10x_tim.o(i.TI1_Config), (128 bytes).
    Removing stm32f10x_tim.o(i.TI2_Config), (152 bytes).
    Removing stm32f10x_tim.o(i.TI3_Config), (144 bytes).
    Removing stm32f10x_tim.o(i.TI4_Config), (152 bytes).
    Removing stm32f10x_tim.o(i.TIM_ARRPreloadConfig), (24 bytes).
    Removing stm32f10x_tim.o(i.TIM_BDTRConfig), (32 bytes).
    Removing stm32f10x_tim.o(i.TIM_BDTRStructInit), (18 bytes).
    Removing stm32f10x_tim.o(i.TIM_CCPreloadControl), (24 bytes).
    Removing stm32f10x_tim.o(i.TIM_CCxCmd), (30 bytes).
    Removing stm32f10x_tim.o(i.TIM_CCxNCmd), (30 bytes).
    Removing stm32f10x_tim.o(i.TIM_ClearFlag), (6 bytes).
    Removing stm32f10x_tim.o(i.TIM_ClearOC1Ref), (18 bytes).
    Removing stm32f10x_tim.o(i.TIM_ClearOC2Ref), (24 bytes).
    Removing stm32f10x_tim.o(i.TIM_ClearOC3Ref), (18 bytes).
    Removing stm32f10x_tim.o(i.TIM_ClearOC4Ref), (24 bytes).
    Removing stm32f10x_tim.o(i.TIM_CounterModeConfig), (18 bytes).
    Removing stm32f10x_tim.o(i.TIM_CtrlPWMOutputs), (30 bytes).
    Removing stm32f10x_tim.o(i.TIM_DMACmd), (18 bytes).
    Removing stm32f10x_tim.o(i.TIM_DMAConfig), (10 bytes).
    Removing stm32f10x_tim.o(i.TIM_DeInit), (488 bytes).
    Removing stm32f10x_tim.o(i.TIM_ETRClockMode1Config), (54 bytes).
    Removing stm32f10x_tim.o(i.TIM_ETRClockMode2Config), (32 bytes).
    Removing stm32f10x_tim.o(i.TIM_ETRConfig), (28 bytes).
    Removing stm32f10x_tim.o(i.TIM_EncoderInterfaceConfig), (66 bytes).
    Removing stm32f10x_tim.o(i.TIM_ForcedOC1Config), (18 bytes).
    Removing stm32f10x_tim.o(i.TIM_ForcedOC2Config), (26 bytes).
    Removing stm32f10x_tim.o(i.TIM_ForcedOC3Config), (18 bytes).
    Removing stm32f10x_tim.o(i.TIM_ForcedOC4Config), (26 bytes).
    Removing stm32f10x_tim.o(i.TIM_GenerateEvent), (4 bytes).
    Removing stm32f10x_tim.o(i.TIM_GetCapture1), (6 bytes).
    Removing stm32f10x_tim.o(i.TIM_GetCapture2), (6 bytes).
    Removing stm32f10x_tim.o(i.TIM_GetCapture3), (6 bytes).
    Removing stm32f10x_tim.o(i.TIM_GetCapture4), (8 bytes).
    Removing stm32f10x_tim.o(i.TIM_GetCounter), (6 bytes).
    Removing stm32f10x_tim.o(i.TIM_GetFlagStatus), (18 bytes).
    Removing stm32f10x_tim.o(i.TIM_GetPrescaler), (6 bytes).
    Removing stm32f10x_tim.o(i.TIM_ICInit), (172 bytes).
    Removing stm32f10x_tim.o(i.TIM_ICStructInit), (18 bytes).
    Removing stm32f10x_tim.o(i.TIM_ITRxExternalClockConfig), (24 bytes).
    Removing stm32f10x_tim.o(i.TIM_InternalClockConfig), (12 bytes).
    Removing stm32f10x_tim.o(i.TIM_OC1FastConfig), (18 bytes).
    Removing stm32f10x_tim.o(i.TIM_OC1Init), (152 bytes).
    Removing stm32f10x_tim.o(i.TIM_OC1NPolarityConfig), (18 bytes).
    Removing stm32f10x_tim.o(i.TIM_OC1PolarityConfig), (18 bytes).
    Removing stm32f10x_tim.o(i.TIM_OC1PreloadConfig), (18 bytes).
    Removing stm32f10x_tim.o(i.TIM_OC2FastConfig), (26 bytes).
    Removing stm32f10x_tim.o(i.TIM_OC2Init), (164 bytes).
    Removing stm32f10x_tim.o(i.TIM_OC2NPolarityConfig), (26 bytes).
    Removing stm32f10x_tim.o(i.TIM_OC2PolarityConfig), (26 bytes).
    Removing stm32f10x_tim.o(i.TIM_OC2PreloadConfig), (26 bytes).
    Removing stm32f10x_tim.o(i.TIM_OC3FastConfig), (18 bytes).
    Removing stm32f10x_tim.o(i.TIM_OC3Init), (160 bytes).
    Removing stm32f10x_tim.o(i.TIM_OC3NPolarityConfig), (26 bytes).
    Removing stm32f10x_tim.o(i.TIM_OC3PolarityConfig), (26 bytes).
    Removing stm32f10x_tim.o(i.TIM_OC3PreloadConfig), (18 bytes).
    Removing stm32f10x_tim.o(i.TIM_OC4FastConfig), (26 bytes).
    Removing stm32f10x_tim.o(i.TIM_OC4Init), (124 bytes).
    Removing stm32f10x_tim.o(i.TIM_OC4PolarityConfig), (26 bytes).
    Removing stm32f10x_tim.o(i.TIM_OC4PreloadConfig), (26 bytes).
    Removing stm32f10x_tim.o(i.TIM_OCStructInit), (20 bytes).
    Removing stm32f10x_tim.o(i.TIM_PWMIConfig), (124 bytes).
    Removing stm32f10x_tim.o(i.TIM_PrescalerConfig), (6 bytes).
    Removing stm32f10x_tim.o(i.TIM_SelectCCDMA), (24 bytes).
    Removing stm32f10x_tim.o(i.TIM_SelectCOM), (24 bytes).
    Removing stm32f10x_tim.o(i.TIM_SelectHallSensor), (24 bytes).
    Removing stm32f10x_tim.o(i.TIM_SelectInputTrigger), (18 bytes).
    Removing stm32f10x_tim.o(i.TIM_SelectMasterSlaveMode), (18 bytes).
    Removing stm32f10x_tim.o(i.TIM_SelectOCxM), (82 bytes).
    Removing stm32f10x_tim.o(i.TIM_SelectOnePulseMode), (18 bytes).
    Removing stm32f10x_tim.o(i.TIM_SelectOutputTrigger), (18 bytes).
    Removing stm32f10x_tim.o(i.TIM_SelectSlaveMode), (18 bytes).
    Removing stm32f10x_tim.o(i.TIM_SetAutoreload), (4 bytes).
    Removing stm32f10x_tim.o(i.TIM_SetClockDivision), (18 bytes).
    Removing stm32f10x_tim.o(i.TIM_SetCompare1), (4 bytes).
    Removing stm32f10x_tim.o(i.TIM_SetCompare2), (4 bytes).
    Removing stm32f10x_tim.o(i.TIM_SetCompare3), (4 bytes).
    Removing stm32f10x_tim.o(i.TIM_SetCompare4), (6 bytes).
    Removing stm32f10x_tim.o(i.TIM_SetIC1Prescaler), (18 bytes).
    Removing stm32f10x_tim.o(i.TIM_SetIC2Prescaler), (26 bytes).
    Removing stm32f10x_tim.o(i.TIM_SetIC3Prescaler), (18 bytes).
    Removing stm32f10x_tim.o(i.TIM_SetIC4Prescaler), (26 bytes).
    Removing stm32f10x_tim.o(i.TIM_TIxExternalClockConfig), (62 bytes).
    Removing stm32f10x_tim.o(i.TIM_TimeBaseStructInit), (18 bytes).
    Removing stm32f10x_tim.o(i.TIM_UpdateDisableConfig), (24 bytes).
    Removing stm32f10x_tim.o(i.TIM_UpdateRequestConfig), (24 bytes).
    Removing stm32f10x_usart.o(i.USART_ClearFlag), (18 bytes).
    Removing stm32f10x_usart.o(i.USART_ClearITPendingBit), (30 bytes).
    Removing stm32f10x_usart.o(i.USART_ClockInit), (34 bytes).
    Removing stm32f10x_usart.o(i.USART_ClockStructInit), (12 bytes).
    Removing stm32f10x_usart.o(i.USART_HalfDuplexCmd), (24 bytes).
    Removing stm32f10x_usart.o(i.USART_IrDACmd), (24 bytes).
    Removing stm32f10x_usart.o(i.USART_IrDAConfig), (18 bytes).
    Removing stm32f10x_usart.o(i.USART_LINBreakDetectLengthConfig), (18 bytes).
    Removing stm32f10x_usart.o(i.USART_LINCmd), (24 bytes).
    Removing stm32f10x_usart.o(i.USART_OneBitMethodCmd), (24 bytes).
    Removing stm32f10x_usart.o(i.USART_OverSampling8Cmd), (22 bytes).
    Removing stm32f10x_usart.o(i.USART_ReceiverWakeUpCmd), (24 bytes).
    Removing stm32f10x_usart.o(i.USART_SendBreak), (10 bytes).
    Removing stm32f10x_usart.o(i.USART_SetAddress), (18 bytes).
    Removing stm32f10x_usart.o(i.USART_SetGuardTime), (16 bytes).
    Removing stm32f10x_usart.o(i.USART_SetPrescaler), (16 bytes).
    Removing stm32f10x_usart.o(i.USART_SmartCardCmd), (24 bytes).
    Removing stm32f10x_usart.o(i.USART_SmartCardNACKCmd), (24 bytes).
    Removing stm32f10x_usart.o(i.USART_StructInit), (24 bytes).
    Removing stm32f10x_usart.o(i.USART_WakeUpConfig), (18 bytes).
    Removing stm32f10x_dma.o(i.DMA_ClearITPendingBit), (28 bytes).
    Removing stm32f10x_dma.o(i.DMA_GetCurrDataCounter), (8 bytes).
    Removing stm32f10x_dma.o(i.DMA_GetITStatus), (44 bytes).
    Removing stm32f10x_dma.o(i.DMA_SetCurrDataCounter), (4 bytes).
    Removing stm32f10x_dma.o(i.DMA_StructInit), (26 bytes).
    Removing core_cm3.o(.emb_text), (32 bytes).

214 unused section(s) (total 9644 bytes) removed from the image.

==============================================================================

Image Symbol Table

    Local Symbols

    Symbol Name                              Value     Ov Type        Size  Object(Section)

    ../clib/angel/boardlib.s                 0x00000000   Number         0  boardshut.o ABSOLUTE
    ../clib/angel/boardlib.s                 0x00000000   Number         0  boardinit3.o ABSOLUTE
    ../clib/angel/boardlib.s                 0x00000000   Number         0  boardinit2.o ABSOLUTE
    ../clib/angel/boardlib.s                 0x00000000   Number         0  boardinit1.o ABSOLUTE
    ../clib/angel/handlers.s                 0x00000000   Number         0  __scatter_zi.o ABSOLUTE
    ../clib/angel/handlers.s                 0x00000000   Number         0  __scatter_copy.o ABSOLUTE
    ../clib/angel/kernel.s                   0x00000000   Number         0  rtexit2.o ABSOLUTE
    ../clib/angel/kernel.s                   0x00000000   Number         0  __rtentry.o ABSOLUTE
    ../clib/angel/kernel.s                   0x00000000   Number         0  rtexit.o ABSOLUTE
    ../clib/angel/kernel.s                   0x00000000   Number         0  __rtentry4.o ABSOLUTE
    ../clib/angel/kernel.s                   0x00000000   Number         0  __rtentry2.o ABSOLUTE
    ../clib/angel/rt.s                       0x00000000   Number         0  rt_raise.o ABSOLUTE
    ../clib/angel/scatter.s                  0x00000000   Number         0  __scatter.o ABSOLUTE
    ../clib/angel/startup.s                  0x00000000   Number         0  __main.o ABSOLUTE
    ../clib/angel/sys.s                      0x00000000   Number         0  use_no_semi_2.o ABSOLUTE
    ../clib/angel/sys.s                      0x00000000   Number         0  indicate_semi.o ABSOLUTE
    ../clib/angel/sys.s                      0x00000000   Number         0  libspace.o ABSOLUTE
    ../clib/angel/sys.s                      0x00000000   Number         0  use_no_semi.o ABSOLUTE
    ../clib/angel/sys.s                      0x00000000   Number         0  sys_stackheap_outer.o ABSOLUTE
    ../clib/angel/sysapp.c                   0x00000000   Number         0  sys_wrch.o ABSOLUTE
    ../clib/angel/sysapp.c                   0x00000000   Number         0  sys_command.o ABSOLUTE
    ../clib/armsys.c                         0x00000000   Number         0  no_argv.o ABSOLUTE
    ../clib/armsys.c                         0x00000000   Number         0  argv_veneer.o ABSOLUTE
    ../clib/armsys.c                         0x00000000   Number         0  _get_argv_nomalloc.o ABSOLUTE
    ../clib/armsys.c                         0x00000000   Number         0  argv_veneer.o ABSOLUTE
    ../clib/heapalloc.c                      0x00000000   Number         0  hrguard.o ABSOLUTE
    ../clib/heapaux.c                        0x00000000   Number         0  heapauxi.o ABSOLUTE
    ../clib/libinit.s                        0x00000000   Number         0  libinit.o ABSOLUTE
    ../clib/libinit.s                        0x00000000   Number         0  libinit2.o ABSOLUTE
    ../clib/libinit.s                        0x00000000   Number         0  libshutdown2.o ABSOLUTE
    ../clib/libinit.s                        0x00000000   Number         0  libshutdown.o ABSOLUTE
    ../clib/memcpset.s                       0x00000000   Number         0  rt_memclr_w.o ABSOLUTE
    ../clib/memcpset.s                       0x00000000   Number         0  rt_memclr.o ABSOLUTE
    ../clib/signal.c                         0x00000000   Number         0  defsig_pvfn_inner.o ABSOLUTE
    ../clib/signal.c                         0x00000000   Number         0  defsig_abrt_inner.o ABSOLUTE
    ../clib/signal.c                         0x00000000   Number         0  defsig_rtred_inner.o ABSOLUTE
    ../clib/signal.c                         0x00000000   Number         0  defsig_general.o ABSOLUTE
    ../clib/signal.c                         0x00000000   Number         0  defsig_segv_inner.o ABSOLUTE
    ../clib/signal.c                         0x00000000   Number         0  defsig_other.o ABSOLUTE
    ../clib/signal.c                         0x00000000   Number         0  defsig_fpe_inner.o ABSOLUTE
    ../clib/signal.c                         0x00000000   Number         0  defsig_cppl_inner.o ABSOLUTE
    ../clib/signal.c                         0x00000000   Number         0  defsig_exit.o ABSOLUTE
    ../clib/signal.c                         0x00000000   Number         0  defsig_rtmem_inner.o ABSOLUTE
    ../clib/signal.c                         0x00000000   Number         0  __raise.o ABSOLUTE
    ../clib/signal.c                         0x00000000   Number         0  defsig_stak_inner.o ABSOLUTE
    ../clib/signal.c                         0x00000000   Number         0  defsig_rtmem_formal.o ABSOLUTE
    ../clib/signal.c                         0x00000000   Number         0  defsig_rtmem_outer.o ABSOLUTE
    ../clib/signal.s                         0x00000000   Number         0  defsig.o ABSOLUTE
    ../clib/stdlib.c                         0x00000000   Number         0  exit.o ABSOLUTE
    ../clib/string.c                         0x00000000   Number         0  strchr.o ABSOLUTE
    ../clib/string.c                         0x00000000   Number         0  strstr.o ABSOLUTE
    ../fplib/ddiv.s                          0x00000000   Number         0  ddiv.o ABSOLUTE
    ../fplib/dfixu.s                         0x00000000   Number         0  dfixu.o ABSOLUTE
    ../fplib/dflt.s                          0x00000000   Number         0  dflt_clz.o ABSOLUTE
    ../fplib/dmul.s                          0x00000000   Number         0  dmul.o ABSOLUTE
    ../fplib/dnaninf.s                       0x00000000   Number         0  dnaninf.o ABSOLUTE
    ../fplib/dretinf.s                       0x00000000   Number         0  dretinf.o ABSOLUTE
    ../fplib/faddsub.s                       0x00000000   Number         0  faddsub_clz.o ABSOLUTE
    ../fplib/fdiv.s                          0x00000000   Number         0  fdiv.o ABSOLUTE
    ../fplib/ffixu.s                         0x00000000   Number         0  ffixu.o ABSOLUTE
    ../fplib/fflt.s                          0x00000000   Number         0  fflt_clz.o ABSOLUTE
    ../fplib/fmul.s                          0x00000000   Number         0  fmul.o ABSOLUTE
    ../fplib/fnaninf.s                       0x00000000   Number         0  fnaninf.o ABSOLUTE
    ../fplib/fpinit.s                        0x00000000   Number         0  fpinit.o ABSOLUTE
    ../fplib/fretinf.s                       0x00000000   Number         0  fretinf.o ABSOLUTE
    ../fplib/usenofp.s                       0x00000000   Number         0  usenofp.o ABSOLUTE
    ..\CORE\core_cm3.c                       0x00000000   Number         0  core_cm3.o ABSOLUTE
    ..\CORE\startup_stm32f10x_cl.s           0x00000000   Number         0  startup_stm32f10x_cl.o ABSOLUTE
    ..\HARDWARE\can.c                        0x00000000   Number         0  can.o ABSOLUTE
    ..\HARDWARE\gps.c                        0x00000000   Number         0  gps.o ABSOLUTE
    ..\HARDWARE\led.c                        0x00000000   Number         0  led.o ABSOLUTE
    ..\HARDWARE\order.c                      0x00000000   Number         0  order.o ABSOLUTE
    ..\HARDWARE\seedparameter.c              0x00000000   Number         0  seedparameter.o ABSOLUTE
    ..\HARDWARE\timer2.c                     0x00000000   Number         0  timer2.o ABSOLUTE
    ..\HARDWARE\usb_communication.c          0x00000000   Number         0  usb_communication.o ABSOLUTE
    ..\LIB\src\misc.c                        0x00000000   Number         0  misc.o ABSOLUTE
    ..\LIB\src\stm32f10x_can.c               0x00000000   Number         0  stm32f10x_can.o ABSOLUTE
    ..\LIB\src\stm32f10x_dma.c               0x00000000   Number         0  stm32f10x_dma.o ABSOLUTE
    ..\LIB\src\stm32f10x_exti.c              0x00000000   Number         0  stm32f10x_exti.o ABSOLUTE
    ..\LIB\src\stm32f10x_gpio.c              0x00000000   Number         0  stm32f10x_gpio.o ABSOLUTE
    ..\LIB\src\stm32f10x_rcc.c               0x00000000   Number         0  stm32f10x_rcc.o ABSOLUTE
    ..\LIB\src\stm32f10x_tim.c               0x00000000   Number         0  stm32f10x_tim.o ABSOLUTE
    ..\LIB\src\stm32f10x_usart.c             0x00000000   Number         0  stm32f10x_usart.o ABSOLUTE
    ..\SYS\delay\delay.c                     0x00000000   Number         0  delay.o ABSOLUTE
    ..\SYS\sys\sys.c                         0x00000000   Number         0  sys.o ABSOLUTE
    ..\SYS\usart\usart.c                     0x00000000   Number         0  usart.o ABSOLUTE
    ..\\CORE\\core_cm3.c                     0x00000000   Number         0  core_cm3.o ABSOLUTE
    ..\\SYS\\sys\\sys.c                      0x00000000   Number         0  sys.o ABSOLUTE
    YTCH_Driver.c                            0x00000000   Number         0  ytch_driver.o ABSOLUTE
    dc.s                                     0x00000000   Number         0  dc.o ABSOLUTE
    main.c                                   0x00000000   Number         0  main.o ABSOLUTE
    stm32f10x_it.c                           0x00000000   Number         0  stm32f10x_it.o ABSOLUTE
    system_stm32f10x.c                       0x00000000   Number         0  system_stm32f10x.o ABSOLUTE
    transfer.c                               0x00000000   Number         0  transfer.o ABSOLUTE
    usart3.c                                 0x00000000   Number         0  usart3.o ABSOLUTE
    RESET                                    0x08000000   Section      336  startup_stm32f10x_cl.o(RESET)
    !!!main                                  0x08000150   Section        8  __main.o(!!!main)
    !!!scatter                               0x08000158   Section       52  __scatter.o(!!!scatter)
    !!handler_copy                           0x0800018c   Section       26  __scatter_copy.o(!!handler_copy)
    !!handler_zi                             0x080001a8   Section       28  __scatter_zi.o(!!handler_zi)
    .ARM.Collect$$libinit$$00000000          0x080001c4   Section        2  libinit.o(.ARM.Collect$$libinit$$00000000)
    .ARM.Collect$$libinit$$00000002          0x080001c6   Section        0  libinit2.o(.ARM.Collect$$libinit$$00000002)
    .ARM.Collect$$libinit$$00000004          0x080001c6   Section        0  libinit2.o(.ARM.Collect$$libinit$$00000004)
    .ARM.Collect$$libinit$$0000000A          0x080001c6   Section        0  libinit2.o(.ARM.Collect$$libinit$$0000000A)
    .ARM.Collect$$libinit$$0000000C          0x080001c6   Section        0  libinit2.o(.ARM.Collect$$libinit$$0000000C)
    .ARM.Collect$$libinit$$0000000E          0x080001c6   Section        0  libinit2.o(.ARM.Collect$$libinit$$0000000E)
    .ARM.Collect$$libinit$$00000011          0x080001c6   Section        0  libinit2.o(.ARM.Collect$$libinit$$00000011)
    .ARM.Collect$$libinit$$00000013          0x080001c6   Section        0  libinit2.o(.ARM.Collect$$libinit$$00000013)
    .ARM.Collect$$libinit$$00000015          0x080001c6   Section        0  libinit2.o(.ARM.Collect$$libinit$$00000015)
    .ARM.Collect$$libinit$$00000017          0x080001c6   Section        0  libinit2.o(.ARM.Collect$$libinit$$00000017)
    .ARM.Collect$$libinit$$00000019          0x080001c6   Section        0  libinit2.o(.ARM.Collect$$libinit$$00000019)
    .ARM.Collect$$libinit$$0000001B          0x080001c6   Section        0  libinit2.o(.ARM.Collect$$libinit$$0000001B)
    .ARM.Collect$$libinit$$0000001D          0x080001c6   Section        0  libinit2.o(.ARM.Collect$$libinit$$0000001D)
    .ARM.Collect$$libinit$$0000001F          0x080001c6   Section        0  libinit2.o(.ARM.Collect$$libinit$$0000001F)
    .ARM.Collect$$libinit$$00000021          0x080001c6   Section        0  libinit2.o(.ARM.Collect$$libinit$$00000021)
    .ARM.Collect$$libinit$$00000023          0x080001c6   Section        0  libinit2.o(.ARM.Collect$$libinit$$00000023)
    .ARM.Collect$$libinit$$00000025          0x080001c6   Section        0  libinit2.o(.ARM.Collect$$libinit$$00000025)
    .ARM.Collect$$libinit$$0000002C          0x080001c6   Section        0  libinit2.o(.ARM.Collect$$libinit$$0000002C)
    .ARM.Collect$$libinit$$0000002E          0x080001c6   Section        0  libinit2.o(.ARM.Collect$$libinit$$0000002E)
    .ARM.Collect$$libinit$$00000030          0x080001c6   Section        0  libinit2.o(.ARM.Collect$$libinit$$00000030)
    .ARM.Collect$$libinit$$00000032          0x080001c6   Section        0  libinit2.o(.ARM.Collect$$libinit$$00000032)
    .ARM.Collect$$libinit$$00000033          0x080001c6   Section        2  libinit2.o(.ARM.Collect$$libinit$$00000033)
    .ARM.Collect$$libshutdown$$00000000      0x080001c8   Section        2  libshutdown.o(.ARM.Collect$$libshutdown$$00000000)
    .ARM.Collect$$libshutdown$$00000003      0x080001ca   Section        0  libshutdown2.o(.ARM.Collect$$libshutdown$$00000003)
    .ARM.Collect$$libshutdown$$00000006      0x080001ca   Section        0  libshutdown2.o(.ARM.Collect$$libshutdown$$00000006)
    .ARM.Collect$$libshutdown$$00000009      0x080001ca   Section        0  libshutdown2.o(.ARM.Collect$$libshutdown$$00000009)
    .ARM.Collect$$libshutdown$$0000000B      0x080001ca   Section        0  libshutdown2.o(.ARM.Collect$$libshutdown$$0000000B)
    .ARM.Collect$$libshutdown$$0000000E      0x080001ca   Section        0  libshutdown2.o(.ARM.Collect$$libshutdown$$0000000E)
    .ARM.Collect$$libshutdown$$0000000F      0x080001ca   Section        2  libshutdown2.o(.ARM.Collect$$libshutdown$$0000000F)
    .ARM.Collect$$rtentry$$00000000          0x080001cc   Section        0  __rtentry.o(.ARM.Collect$$rtentry$$00000000)
    .ARM.Collect$$rtentry$$00000002          0x080001cc   Section        0  __rtentry2.o(.ARM.Collect$$rtentry$$00000002)
    .ARM.Collect$$rtentry$$00000004          0x080001cc   Section        6  __rtentry4.o(.ARM.Collect$$rtentry$$00000004)
    .ARM.Collect$$rtentry$$00000009          0x080001d2   Section        0  __rtentry2.o(.ARM.Collect$$rtentry$$00000009)
    .ARM.Collect$$rtentry$$0000000A          0x080001d2   Section        4  __rtentry2.o(.ARM.Collect$$rtentry$$0000000A)
    .ARM.Collect$$rtentry$$0000000C          0x080001d6   Section        0  __rtentry2.o(.ARM.Collect$$rtentry$$0000000C)
    .ARM.Collect$$rtentry$$0000000D          0x080001d6   Section        8  __rtentry2.o(.ARM.Collect$$rtentry$$0000000D)
    .ARM.Collect$$rtexit$$00000000           0x080001de   Section        2  rtexit.o(.ARM.Collect$$rtexit$$00000000)
    .ARM.Collect$$rtexit$$00000002           0x080001e0   Section        0  rtexit2.o(.ARM.Collect$$rtexit$$00000002)
    .ARM.Collect$$rtexit$$00000003           0x080001e0   Section        4  rtexit2.o(.ARM.Collect$$rtexit$$00000003)
    .ARM.Collect$$rtexit$$00000004           0x080001e4   Section        6  rtexit2.o(.ARM.Collect$$rtexit$$00000004)
    .text                                    0x080001ec   Section       64  startup_stm32f10x_cl.o(.text)
    .text                                    0x0800022c   Section        2  use_no_semi_2.o(.text)
    .text                                    0x0800022e   Section        0  strchr.o(.text)
    .text                                    0x08000242   Section        0  strstr.o(.text)
    .text                                    0x08000266   Section       68  rt_memclr.o(.text)
    .text                                    0x080002aa   Section        0  heapauxi.o(.text)
    .text                                    0x080002b0   Section        2  use_no_semi.o(.text)
    .text                                    0x080002b2   Section       78  rt_memclr_w.o(.text)
    .text                                    0x08000300   Section       74  sys_stackheap_outer.o(.text)
    .text                                    0x0800034a   Section        0  exit.o(.text)
    .text                                    0x08000358   Section        8  libspace.o(.text)
    i.BusFault_Handler                       0x08000360   Section        0  stm32f10x_it.o(i.BusFault_Handler)
    i.CAN2_Mode_Init                         0x08000364   Section        0  can.o(i.CAN2_Mode_Init)
    i.CAN2_RX0_IRQHandler                    0x08000470   Section        0  can.o(i.CAN2_RX0_IRQHandler)
    i.CAN_FilterInit                         0x0800048c   Section        0  stm32f10x_can.o(i.CAN_FilterInit)
    i.CAN_ITConfig                           0x08000594   Section        0  stm32f10x_can.o(i.CAN_ITConfig)
    i.CAN_Init                               0x080005a6   Section        0  stm32f10x_can.o(i.CAN_Init)
    i.CAN_Master_Handler                     0x080006bc   Section        0  ytch_driver.o(i.CAN_Master_Handler)
    i.CAN_Receive                            0x0800072c   Section        0  stm32f10x_can.o(i.CAN_Receive)
    i.CAN_Transmit                           0x0800081c   Section        0  stm32f10x_can.o(i.CAN_Transmit)
    i.CAN_TransmitStatus                     0x08000944   Section        0  stm32f10x_can.o(i.CAN_TransmitStatus)
    i.Ch_TX_Send1                            0x080009e4   Section        0  order.o(i.Ch_TX_Send1)
    i.Ch_TX_Send2                            0x08000a14   Section        0  order.o(i.Ch_TX_Send2)
    i.DMA1_Channel5_IRQHandler               0x08000a44   Section        0  stm32f10x_it.o(i.DMA1_Channel5_IRQHandler)
    i.DMA_ClearFlag                          0x08000a7c   Section        0  stm32f10x_dma.o(i.DMA_ClearFlag)
    i.DMA_Cmd                                0x08000a98   Section        0  stm32f10x_dma.o(i.DMA_Cmd)
    i.DMA_Config                             0x08000ab0   Section        0  usb_communication.o(i.DMA_Config)
    i.DMA_DeInit                             0x08000b28   Section        0  stm32f10x_dma.o(i.DMA_DeInit)
    i.DMA_GetFlagStatus                      0x08000c74   Section        0  stm32f10x_dma.o(i.DMA_GetFlagStatus)
    i.DMA_ITConfig                           0x08000ca0   Section        0  stm32f10x_dma.o(i.DMA_ITConfig)
    i.DMA_Init                               0x08000cb2   Section        0  stm32f10x_dma.o(i.DMA_Init)
    i.DebugMon_Handler                       0x08000cee   Section        0  stm32f10x_it.o(i.DebugMon_Handler)
    i.Enable_Driver                          0x08000cf0   Section        0  ytch_driver.o(i.Enable_Driver)
    i.GPIO_Init                              0x08000d4c   Section        0  stm32f10x_gpio.o(i.GPIO_Init)
    i.GPIO_PinLockConfig                     0x08000e62   Section        0  stm32f10x_gpio.o(i.GPIO_PinLockConfig)
    i.GPIO_PinRemapConfig                    0x08000e74   Section        0  stm32f10x_gpio.o(i.GPIO_PinRemapConfig)
    i.GPIO_ResetBits                         0x08000f04   Section        0  stm32f10x_gpio.o(i.GPIO_ResetBits)
    i.GPS_Analysis                           0x08000f08   Section        0  gps.o(i.GPS_Analysis)
    i.HardFault_Handler                      0x08000f18   Section        0  stm32f10x_it.o(i.HardFault_Handler)
    i.LED_Init                               0x08000f1c   Section        0  led.o(i.LED_Init)
    i.MemManage_Handler                      0x08000f50   Section        0  stm32f10x_it.o(i.MemManage_Handler)
    i.NMEA_Comma_Pos                         0x08000f54   Section        0  gps.o(i.NMEA_Comma_Pos)
    i.NMEA_GPRMC_Analysis                    0x08000f88   Section        0  gps.o(i.NMEA_GPRMC_Analysis)
    i.NMEA_Pow                               0x080011e8   Section        0  gps.o(i.NMEA_Pow)
    i.NMEA_Str2num                           0x080011fe   Section        0  gps.o(i.NMEA_Str2num)
    i.NMI_Handler                            0x080012e8   Section        0  stm32f10x_it.o(i.NMI_Handler)
    i.NVIC_Init                              0x080012ec   Section        0  misc.o(i.NVIC_Init)
    i.NVIC_PriorityGroupConfig               0x0800135c   Section        0  misc.o(i.NVIC_PriorityGroupConfig)
    i.PVM_Set_Speed                          0x08001370   Section        0  ytch_driver.o(i.PVM_Set_Speed)
    i.PendSV_Handler                         0x0800138e   Section        0  stm32f10x_it.o(i.PendSV_Handler)
    i.RCC_AHBPeriphClockCmd                  0x08001390   Section        0  stm32f10x_rcc.o(i.RCC_AHBPeriphClockCmd)
    i.RCC_APB1PeriphClockCmd                 0x080013b0   Section        0  stm32f10x_rcc.o(i.RCC_APB1PeriphClockCmd)
    i.RCC_APB1PeriphResetCmd                 0x080013d0   Section        0  stm32f10x_rcc.o(i.RCC_APB1PeriphResetCmd)
    i.RCC_APB2PeriphClockCmd                 0x080013f0   Section        0  stm32f10x_rcc.o(i.RCC_APB2PeriphClockCmd)
    i.RCC_APB2PeriphResetCmd                 0x08001410   Section        0  stm32f10x_rcc.o(i.RCC_APB2PeriphResetCmd)
    i.RCC_GetClocksFreq                      0x08001430   Section        0  stm32f10x_rcc.o(i.RCC_GetClocksFreq)
    i.SEED_Pow                               0x080015bc   Section        0  seedparameter.o(i.SEED_Pow)
    i.SVC_Handler                            0x080015d2   Section        0  stm32f10x_it.o(i.SVC_Handler)
    i.Seed_Para_Analysis                     0x080015d4   Section        0  seedparameter.o(i.Seed_Para_Analysis)
    i.Seed_Para_Tochar                       0x080016f8   Section        0  seedparameter.o(i.Seed_Para_Tochar)
    i.SetSysClock                            0x08001732   Section        0  system_stm32f10x.o(i.SetSysClock)
    SetSysClock                              0x08001733   Thumb Code     8  system_stm32f10x.o(i.SetSysClock)
    i.SetSysClockTo72                        0x0800173c   Section        0  system_stm32f10x.o(i.SetSysClockTo72)
    SetSysClockTo72                          0x0800173d   Thumb Code   264  system_stm32f10x.o(i.SetSysClockTo72)
    i.Start_Timer2                           0x08001854   Section        0  timer2.o(i.Start_Timer2)
    i.Switch_Driver_Mode                     0x08001868   Section        0  ytch_driver.o(i.Switch_Driver_Mode)
    i.SysTick_CLKSourceConfig                0x08001886   Section        0  misc.o(i.SysTick_CLKSourceConfig)
    i.SysTick_Handler                        0x080018ae   Section        0  stm32f10x_it.o(i.SysTick_Handler)
    i.SystemInit                             0x080018b0   Section        0  system_stm32f10x.o(i.SystemInit)
    i.TIM2_IRQHandler                        0x0800191c   Section        0  stm32f10x_it.o(i.TIM2_IRQHandler)
    i.TIM2_Init                              0x08001940   Section        0  timer2.o(i.TIM2_Init)
    i.TIM4_IRQHandler                        0x0800199c   Section        0  usart3.o(i.TIM4_IRQHandler)
    i.TIM4_Init                              0x080019cc   Section        0  usart3.o(i.TIM4_Init)
    i.TIM4_Set                               0x08001a24   Section        0  usart3.o(i.TIM4_Set)
    i.TIM_ClearITPendingBit                  0x08001a4c   Section        0  stm32f10x_tim.o(i.TIM_ClearITPendingBit)
    i.TIM_Cmd                                0x08001a52   Section        0  stm32f10x_tim.o(i.TIM_Cmd)
    i.TIM_GetITStatus                        0x08001a6a   Section        0  stm32f10x_tim.o(i.TIM_GetITStatus)
    i.TIM_ITConfig                           0x08001a8c   Section        0  stm32f10x_tim.o(i.TIM_ITConfig)
    i.TIM_SetCounter                         0x08001a9e   Section        0  stm32f10x_tim.o(i.TIM_SetCounter)
    i.TIM_TimeBaseInit                       0x08001aa4   Section        0  stm32f10x_tim.o(i.TIM_TimeBaseInit)
    i.USART3_IRQHandler                      0x08001b48   Section        0  usart3.o(i.USART3_IRQHandler)
    i.USART3_Init                            0x08001bac   Section        0  usart3.o(i.USART3_Init)
    i.USART_Cmd                              0x08001c74   Section        0  stm32f10x_usart.o(i.USART_Cmd)
    i.USART_DMACmd                           0x08001c8c   Section        0  stm32f10x_usart.o(i.USART_DMACmd)
    i.USART_DeInit                           0x08001ca0   Section        0  stm32f10x_usart.o(i.USART_DeInit)
    i.USART_GetFlagStatus                    0x08001d3c   Section        0  stm32f10x_usart.o(i.USART_GetFlagStatus)
    i.USART_GetITStatus                      0x08001d56   Section        0  stm32f10x_usart.o(i.USART_GetITStatus)
    i.USART_ITConfig                         0x08001daa   Section        0  stm32f10x_usart.o(i.USART_ITConfig)
    i.USART_Init                             0x08001df4   Section        0  stm32f10x_usart.o(i.USART_Init)
    i.USART_ReceiveData                      0x08001ecc   Section        0  stm32f10x_usart.o(i.USART_ReceiveData)
    i.USART_SendData                         0x08001ed6   Section        0  stm32f10x_usart.o(i.USART_SendData)
    i.UsageFault_Handler                     0x08001ede   Section        0  stm32f10x_it.o(i.UsageFault_Handler)
    i.Write_Driver_Reg                       0x08001ee4   Section        0  ytch_driver.o(i.Write_Driver_Reg)
    i._sys_exit                              0x08001ffc   Section        0  usart.o(i._sys_exit)
    i.delay_init                             0x08002004   Section        0  delay.o(i.delay_init)
    i.main                                   0x08002048   Section        0  main.o(i.main)
    i.transferH                              0x080022f8   Section        0  transfer.o(i.transferH)
    i.transferL                              0x080022fe   Section        0  transfer.o(i.transferL)
    i.transferLL                             0x08002306   Section        0  transfer.o(i.transferLL)
    i.transferM                              0x0800230c   Section        0  transfer.o(i.transferM)
    i.uart_init                              0x08002314   Section        0  usart.o(i.uart_init)
    x$fpl$ddiv                               0x08002398   Section      688  ddiv.o(x$fpl$ddiv)
    ddiv_entry                               0x0800239f   Thumb Code     0  ddiv.o(x$fpl$ddiv)
    x$fpl$dfixu                              0x08002648   Section       90  dfixu.o(x$fpl$dfixu)
    x$fpl$dflt                               0x080026a2   Section       46  dflt_clz.o(x$fpl$dflt)
    x$fpl$dfltu                              0x080026d0   Section       38  dflt_clz.o(x$fpl$dfltu)
    x$fpl$dmul                               0x080026f8   Section      340  dmul.o(x$fpl$dmul)
    x$fpl$dnaninf                            0x0800284c   Section      156  dnaninf.o(x$fpl$dnaninf)
    x$fpl$dretinf                            0x080028e8   Section       12  dretinf.o(x$fpl$dretinf)
    x$fpl$fadd                               0x080028f4   Section      196  faddsub_clz.o(x$fpl$fadd)
    _fadd1                                   0x08002903   Thumb Code     0  faddsub_clz.o(x$fpl$fadd)
    x$fpl$fdiv                               0x080029b8   Section      388  fdiv.o(x$fpl$fdiv)
    _fdiv1                                   0x080029b9   Thumb Code     0  fdiv.o(x$fpl$fdiv)
    x$fpl$ffixu                              0x08002b3c   Section       62  ffixu.o(x$fpl$ffixu)
    x$fpl$ffltu                              0x08002b7c   Section       38  fflt_clz.o(x$fpl$ffltu)
    x$fpl$fmul                               0x08002ba4   Section      258  fmul.o(x$fpl$fmul)
    x$fpl$fnaninf                            0x08002ca6   Section      140  fnaninf.o(x$fpl$fnaninf)
    x$fpl$fretinf                            0x08002d32   Section       10  fretinf.o(x$fpl$fretinf)
    x$fpl$fsub                               0x08002d3c   Section      234  faddsub_clz.o(x$fpl$fsub)
    _fsub1                                   0x08002d4b   Thumb Code     0  faddsub_clz.o(x$fpl$fsub)
    x$fpl$usenofp                            0x08002e26   Section        0  usenofp.o(x$fpl$usenofp)
    .data                                    0x20000000   Section        8  main.o(.data)
    .data                                    0x20000008   Section       20  system_stm32f10x.o(.data)
    .data                                    0x2000001c   Section        1  stm32f10x_it.o(.data)
    .data                                    0x20000020   Section        8  ytch_driver.o(.data)
    .data                                    0x20000028   Section        4  delay.o(.data)
    fac_us                                   0x20000028   Data           1  delay.o(.data)
    fac_ms                                   0x2000002a   Data           2  delay.o(.data)
    .data                                    0x2000002c   Section        2  usart3.o(.data)
    .data                                    0x2000002e   Section       20  stm32f10x_rcc.o(.data)
    APBAHBPrescTable                         0x2000002e   Data          16  stm32f10x_rcc.o(.data)
    ADCPrescTable                            0x2000003e   Data           4  stm32f10x_rcc.o(.data)
    .bss                                     0x20000044   Section      191  main.o(.bss)
    .bss                                     0x20000104   Section       20  ytch_driver.o(.bss)
    .bss                                     0x20000118   Section     2048  usart3.o(.bss)
    .bss                                     0x20000918   Section       96  libspace.o(.bss)
    HEAP                                     0x20000978   Section      512  startup_stm32f10x_cl.o(HEAP)
    Heap_Mem                                 0x20000978   Data         512  startup_stm32f10x_cl.o(HEAP)
    STACK                                    0x20000b78   Section     1024  startup_stm32f10x_cl.o(STACK)
    Stack_Mem                                0x20000b78   Data        1024  startup_stm32f10x_cl.o(STACK)
    __initial_sp                             0x20000f78   Data           0  startup_stm32f10x_cl.o(STACK)

    Global Symbols

    Symbol Name                              Value     Ov Type        Size  Object(Section)

    BuildAttributes$$THM_ISAv4$P$D$K$B$S$PE$A:L22UL41UL21$X:L11$S22US41US21$IEEE1$IW$USESV6$~STKCKD$USESV7$~SHL$OSPACE$ROPI$EBA8$UX$STANDARDLIB$REQ8$PRES8$EABIv2 0x00000000   Number         0  anon$$obj.o ABSOLUTE
    __ARM_use_no_argv                        0x00000000   Number         0  main.o ABSOLUTE
    __ARM_exceptions_init                     - Undefined Weak Reference
    __alloca_initialize                       - Undefined Weak Reference
    __arm_preinit_                            - Undefined Weak Reference
    __cpp_initialize__aeabi_                  - Undefined Weak Reference
    __cxa_finalize                            - Undefined Weak Reference
    __rt_locale                               - Undefined Weak Reference
    __sigvec_lookup                           - Undefined Weak Reference
    _atexit_init                              - Undefined Weak Reference
    _call_atexit_fns                          - Undefined Weak Reference
    _clock_init                               - Undefined Weak Reference
    _fp_trap_init                             - Undefined Weak Reference
    _fp_trap_shutdown                         - Undefined Weak Reference
    _get_lc_collate                           - Undefined Weak Reference
    _get_lc_ctype                             - Undefined Weak Reference
    _get_lc_monetary                          - Undefined Weak Reference
    _get_lc_numeric                           - Undefined Weak Reference
    _get_lc_time                              - Undefined Weak Reference
    _getenv_init                              - Undefined Weak Reference
    _handle_redirection                       - Undefined Weak Reference
    _init_alloc                               - Undefined Weak Reference
    _init_user_alloc                          - Undefined Weak Reference
    _initio                                   - Undefined Weak Reference
    _rand_init                                - Undefined Weak Reference
    _signal_finish                            - Undefined Weak Reference
    _signal_init                              - Undefined Weak Reference
    _terminate_alloc                          - Undefined Weak Reference
    _terminate_user_alloc                     - Undefined Weak Reference
    _terminateio                              - Undefined Weak Reference
    __Vectors_Size                           0x00000150   Number         0  startup_stm32f10x_cl.o ABSOLUTE
    __Vectors                                0x08000000   Data           4  startup_stm32f10x_cl.o(RESET)
    __Vectors_End                            0x08000150   Data           0  startup_stm32f10x_cl.o(RESET)
    __main                                   0x08000151   Thumb Code     8  __main.o(!!!main)
    __scatterload                            0x08000159   Thumb Code     0  __scatter.o(!!!scatter)
    __scatterload_rt2                        0x08000159   Thumb Code    44  __scatter.o(!!!scatter)
    __scatterload_rt2_thumb_only             0x08000159   Thumb Code     0  __scatter.o(!!!scatter)
    __scatterload_null                       0x08000167   Thumb Code     0  __scatter.o(!!!scatter)
    __scatterload_copy                       0x0800018d   Thumb Code    26  __scatter_copy.o(!!handler_copy)
    __scatterload_zeroinit                   0x080001a9   Thumb Code    28  __scatter_zi.o(!!handler_zi)
    __rt_lib_init                            0x080001c5   Thumb Code     0  libinit.o(.ARM.Collect$$libinit$$00000000)
    __rt_lib_init_alloca_1                   0x080001c7   Thumb Code     0  libinit2.o(.ARM.Collect$$libinit$$0000002E)
    __rt_lib_init_argv_1                     0x080001c7   Thumb Code     0  libinit2.o(.ARM.Collect$$libinit$$0000002C)
    __rt_lib_init_atexit_1                   0x080001c7   Thumb Code     0  libinit2.o(.ARM.Collect$$libinit$$0000001B)
    __rt_lib_init_clock_1                    0x080001c7   Thumb Code     0  libinit2.o(.ARM.Collect$$libinit$$00000021)
    __rt_lib_init_cpp_1                      0x080001c7   Thumb Code     0  libinit2.o(.ARM.Collect$$libinit$$00000032)
    __rt_lib_init_exceptions_1               0x080001c7   Thumb Code     0  libinit2.o(.ARM.Collect$$libinit$$00000030)
    __rt_lib_init_fp_1                       0x080001c7   Thumb Code     0  libinit2.o(.ARM.Collect$$libinit$$00000002)
    __rt_lib_init_fp_trap_1                  0x080001c7   Thumb Code     0  libinit2.o(.ARM.Collect$$libinit$$0000001F)
    __rt_lib_init_getenv_1                   0x080001c7   Thumb Code     0  libinit2.o(.ARM.Collect$$libinit$$00000023)
    __rt_lib_init_heap_1                     0x080001c7   Thumb Code     0  libinit2.o(.ARM.Collect$$libinit$$0000000A)
    __rt_lib_init_lc_collate_1               0x080001c7   Thumb Code     0  libinit2.o(.ARM.Collect$$libinit$$00000011)
    __rt_lib_init_lc_ctype_1                 0x080001c7   Thumb Code     0  libinit2.o(.ARM.Collect$$libinit$$00000013)
    __rt_lib_init_lc_monetary_1              0x080001c7   Thumb Code     0  libinit2.o(.ARM.Collect$$libinit$$00000015)
    __rt_lib_init_lc_numeric_1               0x080001c7   Thumb Code     0  libinit2.o(.ARM.Collect$$libinit$$00000017)
    __rt_lib_init_lc_time_1                  0x080001c7   Thumb Code     0  libinit2.o(.ARM.Collect$$libinit$$00000019)
    __rt_lib_init_preinit_1                  0x080001c7   Thumb Code     0  libinit2.o(.ARM.Collect$$libinit$$00000004)
    __rt_lib_init_rand_1                     0x080001c7   Thumb Code     0  libinit2.o(.ARM.Collect$$libinit$$0000000E)
    __rt_lib_init_return                     0x080001c7   Thumb Code     0  libinit2.o(.ARM.Collect$$libinit$$00000033)
    __rt_lib_init_signal_1                   0x080001c7   Thumb Code     0  libinit2.o(.ARM.Collect$$libinit$$0000001D)
    __rt_lib_init_stdio_1                    0x080001c7   Thumb Code     0  libinit2.o(.ARM.Collect$$libinit$$00000025)
    __rt_lib_init_user_alloc_1               0x080001c7   Thumb Code     0  libinit2.o(.ARM.Collect$$libinit$$0000000C)
    __rt_lib_shutdown                        0x080001c9   Thumb Code     0  libshutdown.o(.ARM.Collect$$libshutdown$$00000000)
    __rt_lib_shutdown_fp_trap_1              0x080001cb   Thumb Code     0  libshutdown2.o(.ARM.Collect$$libshutdown$$00000006)
    __rt_lib_shutdown_heap_1                 0x080001cb   Thumb Code     0  libshutdown2.o(.ARM.Collect$$libshutdown$$0000000E)
    __rt_lib_shutdown_return                 0x080001cb   Thumb Code     0  libshutdown2.o(.ARM.Collect$$libshutdown$$0000000F)
    __rt_lib_shutdown_signal_1               0x080001cb   Thumb Code     0  libshutdown2.o(.ARM.Collect$$libshutdown$$00000009)
    __rt_lib_shutdown_stdio_1                0x080001cb   Thumb Code     0  libshutdown2.o(.ARM.Collect$$libshutdown$$00000003)
    __rt_lib_shutdown_user_alloc_1           0x080001cb   Thumb Code     0  libshutdown2.o(.ARM.Collect$$libshutdown$$0000000B)
    __rt_entry                               0x080001cd   Thumb Code     0  __rtentry.o(.ARM.Collect$$rtentry$$00000000)
    __rt_entry_presh_1                       0x080001cd   Thumb Code     0  __rtentry2.o(.ARM.Collect$$rtentry$$00000002)
    __rt_entry_sh                            0x080001cd   Thumb Code     0  __rtentry4.o(.ARM.Collect$$rtentry$$00000004)
    __rt_entry_li                            0x080001d3   Thumb Code     0  __rtentry2.o(.ARM.Collect$$rtentry$$0000000A)
    __rt_entry_postsh_1                      0x080001d3   Thumb Code     0  __rtentry2.o(.ARM.Collect$$rtentry$$00000009)
    __rt_entry_main                          0x080001d7   Thumb Code     0  __rtentry2.o(.ARM.Collect$$rtentry$$0000000D)
    __rt_entry_postli_1                      0x080001d7   Thumb Code     0  __rtentry2.o(.ARM.Collect$$rtentry$$0000000C)
    __rt_exit                                0x080001df   Thumb Code     0  rtexit.o(.ARM.Collect$$rtexit$$00000000)
    __rt_exit_ls                             0x080001e1   Thumb Code     0  rtexit2.o(.ARM.Collect$$rtexit$$00000003)
    __rt_exit_prels_1                        0x080001e1   Thumb Code     0  rtexit2.o(.ARM.Collect$$rtexit$$00000002)
    __rt_exit_exit                           0x080001e5   Thumb Code     0  rtexit2.o(.ARM.Collect$$rtexit$$00000004)
    Reset_Handler                            0x080001ed   Thumb Code     8  startup_stm32f10x_cl.o(.text)
    ADC1_2_IRQHandler                        0x08000207   Thumb Code     0  startup_stm32f10x_cl.o(.text)
    CAN1_RX0_IRQHandler                      0x08000207   Thumb Code     0  startup_stm32f10x_cl.o(.text)
    CAN1_RX1_IRQHandler                      0x08000207   Thumb Code     0  startup_stm32f10x_cl.o(.text)
    CAN1_SCE_IRQHandler                      0x08000207   Thumb Code     0  startup_stm32f10x_cl.o(.text)
    CAN1_TX_IRQHandler                       0x08000207   Thumb Code     0  startup_stm32f10x_cl.o(.text)
    CAN2_RX1_IRQHandler                      0x08000207   Thumb Code     0  startup_stm32f10x_cl.o(.text)
    CAN2_SCE_IRQHandler                      0x08000207   Thumb Code     0  startup_stm32f10x_cl.o(.text)
    CAN2_TX_IRQHandler                       0x08000207   Thumb Code     0  startup_stm32f10x_cl.o(.text)
    DMA1_Channel1_IRQHandler                 0x08000207   Thumb Code     0  startup_stm32f10x_cl.o(.text)
    DMA1_Channel2_IRQHandler                 0x08000207   Thumb Code     0  startup_stm32f10x_cl.o(.text)
    DMA1_Channel3_IRQHandler                 0x08000207   Thumb Code     0  startup_stm32f10x_cl.o(.text)
    DMA1_Channel4_IRQHandler                 0x08000207   Thumb Code     0  startup_stm32f10x_cl.o(.text)
    DMA1_Channel6_IRQHandler                 0x08000207   Thumb Code     0  startup_stm32f10x_cl.o(.text)
    DMA1_Channel7_IRQHandler                 0x08000207   Thumb Code     0  startup_stm32f10x_cl.o(.text)
    DMA2_Channel1_IRQHandler                 0x08000207   Thumb Code     0  startup_stm32f10x_cl.o(.text)
    DMA2_Channel2_IRQHandler                 0x08000207   Thumb Code     0  startup_stm32f10x_cl.o(.text)
    DMA2_Channel3_IRQHandler                 0x08000207   Thumb Code     0  startup_stm32f10x_cl.o(.text)
    DMA2_Channel4_IRQHandler                 0x08000207   Thumb Code     0  startup_stm32f10x_cl.o(.text)
    DMA2_Channel5_IRQHandler                 0x08000207   Thumb Code     0  startup_stm32f10x_cl.o(.text)
    ETH_IRQHandler                           0x08000207   Thumb Code     0  startup_stm32f10x_cl.o(.text)
    ETH_WKUP_IRQHandler                      0x08000207   Thumb Code     0  startup_stm32f10x_cl.o(.text)
    EXTI0_IRQHandler                         0x08000207   Thumb Code     0  startup_stm32f10x_cl.o(.text)
    EXTI15_10_IRQHandler                     0x08000207   Thumb Code     0  startup_stm32f10x_cl.o(.text)
    EXTI1_IRQHandler                         0x08000207   Thumb Code     0  startup_stm32f10x_cl.o(.text)
    EXTI2_IRQHandler                         0x08000207   Thumb Code     0  startup_stm32f10x_cl.o(.text)
    EXTI3_IRQHandler                         0x08000207   Thumb Code     0  startup_stm32f10x_cl.o(.text)
    EXTI4_IRQHandler                         0x08000207   Thumb Code     0  startup_stm32f10x_cl.o(.text)
    EXTI9_5_IRQHandler                       0x08000207   Thumb Code     0  startup_stm32f10x_cl.o(.text)
    FLASH_IRQHandler                         0x08000207   Thumb Code     0  startup_stm32f10x_cl.o(.text)
    I2C1_ER_IRQHandler                       0x08000207   Thumb Code     0  startup_stm32f10x_cl.o(.text)
    I2C1_EV_IRQHandler                       0x08000207   Thumb Code     0  startup_stm32f10x_cl.o(.text)
    I2C2_ER_IRQHandler                       0x08000207   Thumb Code     0  startup_stm32f10x_cl.o(.text)
    I2C2_EV_IRQHandler                       0x08000207   Thumb Code     0  startup_stm32f10x_cl.o(.text)
    OTG_FS_IRQHandler                        0x08000207   Thumb Code     0  startup_stm32f10x_cl.o(.text)
    OTG_FS_WKUP_IRQHandler                   0x08000207   Thumb Code     0  startup_stm32f10x_cl.o(.text)
    PVD_IRQHandler                           0x08000207   Thumb Code     0  startup_stm32f10x_cl.o(.text)
    RCC_IRQHandler                           0x08000207   Thumb Code     0  startup_stm32f10x_cl.o(.text)
    RTCAlarm_IRQHandler                      0x08000207   Thumb Code     0  startup_stm32f10x_cl.o(.text)
    RTC_IRQHandler                           0x08000207   Thumb Code     0  startup_stm32f10x_cl.o(.text)
    SPI1_IRQHandler                          0x08000207   Thumb Code     0  startup_stm32f10x_cl.o(.text)
    SPI2_IRQHandler                          0x08000207   Thumb Code     0  startup_stm32f10x_cl.o(.text)
    SPI3_IRQHandler                          0x08000207   Thumb Code     0  startup_stm32f10x_cl.o(.text)
    TAMPER_IRQHandler                        0x08000207   Thumb Code     0  startup_stm32f10x_cl.o(.text)
    TIM1_BRK_IRQHandler                      0x08000207   Thumb Code     0  startup_stm32f10x_cl.o(.text)
    TIM1_CC_IRQHandler                       0x08000207   Thumb Code     0  startup_stm32f10x_cl.o(.text)
    TIM1_TRG_COM_IRQHandler                  0x08000207   Thumb Code     0  startup_stm32f10x_cl.o(.text)
    TIM1_UP_IRQHandler                       0x08000207   Thumb Code     0  startup_stm32f10x_cl.o(.text)
    TIM3_IRQHandler                          0x08000207   Thumb Code     0  startup_stm32f10x_cl.o(.text)
    TIM5_IRQHandler                          0x08000207   Thumb Code     0  startup_stm32f10x_cl.o(.text)
    TIM6_IRQHandler                          0x08000207   Thumb Code     0  startup_stm32f10x_cl.o(.text)
    TIM7_IRQHandler                          0x08000207   Thumb Code     0  startup_stm32f10x_cl.o(.text)
    UART4_IRQHandler                         0x08000207   Thumb Code     0  startup_stm32f10x_cl.o(.text)
    UART5_IRQHandler                         0x08000207   Thumb Code     0  startup_stm32f10x_cl.o(.text)
    USART1_IRQHandler                        0x08000207   Thumb Code     0  startup_stm32f10x_cl.o(.text)
    USART2_IRQHandler                        0x08000207   Thumb Code     0  startup_stm32f10x_cl.o(.text)
    WWDG_IRQHandler                          0x08000207   Thumb Code     0  startup_stm32f10x_cl.o(.text)
    __user_initial_stackheap                 0x08000209   Thumb Code     0  startup_stm32f10x_cl.o(.text)
    __use_no_semihosting                     0x0800022d   Thumb Code     2  use_no_semi_2.o(.text)
    strchr                                   0x0800022f   Thumb Code    20  strchr.o(.text)
    strstr                                   0x08000243   Thumb Code    36  strstr.o(.text)
    __aeabi_memclr                           0x08000267   Thumb Code     0  rt_memclr.o(.text)
    __rt_memclr                              0x08000267   Thumb Code    68  rt_memclr.o(.text)
    _memset                                  0x0800026b   Thumb Code     0  rt_memclr.o(.text)
    __use_two_region_memory                  0x080002ab   Thumb Code     2  heapauxi.o(.text)
    __rt_heap_escrow$2region                 0x080002ad   Thumb Code     2  heapauxi.o(.text)
    __rt_heap_expand$2region                 0x080002af   Thumb Code     2  heapauxi.o(.text)
    __I$use$semihosting                      0x080002b1   Thumb Code     0  use_no_semi.o(.text)
    __use_no_semihosting_swi                 0x080002b1   Thumb Code     2  use_no_semi.o(.text)
    __aeabi_memclr4                          0x080002b3   Thumb Code     0  rt_memclr_w.o(.text)
    __aeabi_memclr8                          0x080002b3   Thumb Code     0  rt_memclr_w.o(.text)
    __rt_memclr_w                            0x080002b3   Thumb Code    78  rt_memclr_w.o(.text)
    _memset_w                                0x080002b7   Thumb Code     0  rt_memclr_w.o(.text)
    __user_setup_stackheap                   0x08000301   Thumb Code    74  sys_stackheap_outer.o(.text)
    exit                                     0x0800034b   Thumb Code    12  exit.o(.text)
    __user_libspace                          0x08000359   Thumb Code     8  libspace.o(.text)
    __user_perproc_libspace                  0x08000359   Thumb Code     0  libspace.o(.text)
    __user_perthread_libspace                0x08000359   Thumb Code     0  libspace.o(.text)
    BusFault_Handler                         0x08000361   Thumb Code     4  stm32f10x_it.o(i.BusFault_Handler)
    CAN2_Mode_Init                           0x08000365   Thumb Code   254  can.o(i.CAN2_Mode_Init)
    CAN2_RX0_IRQHandler                      0x08000471   Thumb Code    24  can.o(i.CAN2_RX0_IRQHandler)
    CAN_FilterInit                           0x0800048d   Thumb Code   258  stm32f10x_can.o(i.CAN_FilterInit)
    CAN_ITConfig                             0x08000595   Thumb Code    18  stm32f10x_can.o(i.CAN_ITConfig)
    CAN_Init                                 0x080005a7   Thumb Code   276  stm32f10x_can.o(i.CAN_Init)
    CAN_Master_Handler                       0x080006bd   Thumb Code    98  ytch_driver.o(i.CAN_Master_Handler)
    CAN_Receive                              0x0800072d   Thumb Code   240  stm32f10x_can.o(i.CAN_Receive)
    CAN_Transmit                             0x0800081d   Thumb Code   294  stm32f10x_can.o(i.CAN_Transmit)
    CAN_TransmitStatus                       0x08000945   Thumb Code   138  stm32f10x_can.o(i.CAN_TransmitStatus)
    Ch_TX_Send1                              0x080009e5   Thumb Code    44  order.o(i.Ch_TX_Send1)
    Ch_TX_Send2                              0x08000a15   Thumb Code    44  order.o(i.Ch_TX_Send2)
    DMA1_Channel5_IRQHandler                 0x08000a45   Thumb Code    44  stm32f10x_it.o(i.DMA1_Channel5_IRQHandler)
    DMA_ClearFlag                            0x08000a7d   Thumb Code    18  stm32f10x_dma.o(i.DMA_ClearFlag)
    DMA_Cmd                                  0x08000a99   Thumb Code    24  stm32f10x_dma.o(i.DMA_Cmd)
    DMA_Config                               0x08000ab1   Thumb Code   112  usb_communication.o(i.DMA_Config)
    DMA_DeInit                               0x08000b29   Thumb Code   324  stm32f10x_dma.o(i.DMA_DeInit)
    DMA_GetFlagStatus                        0x08000c75   Thumb Code    36  stm32f10x_dma.o(i.DMA_GetFlagStatus)
    DMA_ITConfig                             0x08000ca1   Thumb Code    18  stm32f10x_dma.o(i.DMA_ITConfig)
    DMA_Init                                 0x08000cb3   Thumb Code    60  stm32f10x_dma.o(i.DMA_Init)
    DebugMon_Handler                         0x08000cef   Thumb Code     2  stm32f10x_it.o(i.DebugMon_Handler)
    Enable_Driver                            0x08000cf1   Thumb Code    92  ytch_driver.o(i.Enable_Driver)
    GPIO_Init                                0x08000d4d   Thumb Code   278  stm32f10x_gpio.o(i.GPIO_Init)
    GPIO_PinLockConfig                       0x08000e63   Thumb Code    18  stm32f10x_gpio.o(i.GPIO_PinLockConfig)
    GPIO_PinRemapConfig                      0x08000e75   Thumb Code   138  stm32f10x_gpio.o(i.GPIO_PinRemapConfig)
    GPIO_ResetBits                           0x08000f05   Thumb Code     4  stm32f10x_gpio.o(i.GPIO_ResetBits)
    GPS_Analysis                             0x08000f09   Thumb Code    16  gps.o(i.GPS_Analysis)
    HardFault_Handler                        0x08000f19   Thumb Code     4  stm32f10x_it.o(i.HardFault_Handler)
    LED_Init                                 0x08000f1d   Thumb Code    46  led.o(i.LED_Init)
    MemManage_Handler                        0x08000f51   Thumb Code     4  stm32f10x_it.o(i.MemManage_Handler)
    NMEA_Comma_Pos                           0x08000f55   Thumb Code    50  gps.o(i.NMEA_Comma_Pos)
    NMEA_GPRMC_Analysis                      0x08000f89   Thumb Code   596  gps.o(i.NMEA_GPRMC_Analysis)
    NMEA_Pow                                 0x080011e9   Thumb Code    22  gps.o(i.NMEA_Pow)
    NMEA_Str2num                             0x080011ff   Thumb Code   234  gps.o(i.NMEA_Str2num)
    NMI_Handler                              0x080012e9   Thumb Code     2  stm32f10x_it.o(i.NMI_Handler)
    NVIC_Init                                0x080012ed   Thumb Code   100  misc.o(i.NVIC_Init)
    NVIC_PriorityGroupConfig                 0x0800135d   Thumb Code    10  misc.o(i.NVIC_PriorityGroupConfig)
    PVM_Set_Speed                            0x08001371   Thumb Code    30  ytch_driver.o(i.PVM_Set_Speed)
    PendSV_Handler                           0x0800138f   Thumb Code     2  stm32f10x_it.o(i.PendSV_Handler)
    RCC_AHBPeriphClockCmd                    0x08001391   Thumb Code    26  stm32f10x_rcc.o(i.RCC_AHBPeriphClockCmd)
    RCC_APB1PeriphClockCmd                   0x080013b1   Thumb Code    26  stm32f10x_rcc.o(i.RCC_APB1PeriphClockCmd)
    RCC_APB1PeriphResetCmd                   0x080013d1   Thumb Code    26  stm32f10x_rcc.o(i.RCC_APB1PeriphResetCmd)
    RCC_APB2PeriphClockCmd                   0x080013f1   Thumb Code    26  stm32f10x_rcc.o(i.RCC_APB2PeriphClockCmd)
    RCC_APB2PeriphResetCmd                   0x08001411   Thumb Code    26  stm32f10x_rcc.o(i.RCC_APB2PeriphResetCmd)
    RCC_GetClocksFreq                        0x08001431   Thumb Code   374  stm32f10x_rcc.o(i.RCC_GetClocksFreq)
    SEED_Pow                                 0x080015bd   Thumb Code    22  seedparameter.o(i.SEED_Pow)
    SVC_Handler                              0x080015d3   Thumb Code     2  stm32f10x_it.o(i.SVC_Handler)
    Seed_Para_Analysis                       0x080015d5   Thumb Code   292  seedparameter.o(i.Seed_Para_Analysis)
    Seed_Para_Tochar                         0x080016f9   Thumb Code    58  seedparameter.o(i.Seed_Para_Tochar)
    Start_Timer2                             0x08001855   Thumb Code    20  timer2.o(i.Start_Timer2)
    Switch_Driver_Mode                       0x08001869   Thumb Code    30  ytch_driver.o(i.Switch_Driver_Mode)
    SysTick_CLKSourceConfig                  0x08001887   Thumb Code    40  misc.o(i.SysTick_CLKSourceConfig)
    SysTick_Handler                          0x080018af   Thumb Code     2  stm32f10x_it.o(i.SysTick_Handler)
    SystemInit                               0x080018b1   Thumb Code    92  system_stm32f10x.o(i.SystemInit)
    TIM2_IRQHandler                          0x0800191d   Thumb Code    32  stm32f10x_it.o(i.TIM2_IRQHandler)
    TIM2_Init                                0x08001941   Thumb Code    92  timer2.o(i.TIM2_Init)
    TIM4_IRQHandler                          0x0800199d   Thumb Code    40  usart3.o(i.TIM4_IRQHandler)
    TIM4_Init                                0x080019cd   Thumb Code    82  usart3.o(i.TIM4_Init)
    TIM4_Set                                 0x08001a25   Thumb Code    34  usart3.o(i.TIM4_Set)
    TIM_ClearITPendingBit                    0x08001a4d   Thumb Code     6  stm32f10x_tim.o(i.TIM_ClearITPendingBit)
    TIM_Cmd                                  0x08001a53   Thumb Code    24  stm32f10x_tim.o(i.TIM_Cmd)
    TIM_GetITStatus                          0x08001a6b   Thumb Code    34  stm32f10x_tim.o(i.TIM_GetITStatus)
    TIM_ITConfig                             0x08001a8d   Thumb Code    18  stm32f10x_tim.o(i.TIM_ITConfig)
    TIM_SetCounter                           0x08001a9f   Thumb Code     4  stm32f10x_tim.o(i.TIM_SetCounter)
    TIM_TimeBaseInit                         0x08001aa5   Thumb Code   122  stm32f10x_tim.o(i.TIM_TimeBaseInit)
    USART3_IRQHandler                        0x08001b49   Thumb Code    84  usart3.o(i.USART3_IRQHandler)
    USART3_Init                              0x08001bad   Thumb Code   188  usart3.o(i.USART3_Init)
    USART_Cmd                                0x08001c75   Thumb Code    24  stm32f10x_usart.o(i.USART_Cmd)
    USART_DMACmd                             0x08001c8d   Thumb Code    18  stm32f10x_usart.o(i.USART_DMACmd)
    USART_DeInit                             0x08001ca1   Thumb Code   134  stm32f10x_usart.o(i.USART_DeInit)
    USART_GetFlagStatus                      0x08001d3d   Thumb Code    26  stm32f10x_usart.o(i.USART_GetFlagStatus)
    USART_GetITStatus                        0x08001d57   Thumb Code    84  stm32f10x_usart.o(i.USART_GetITStatus)
    USART_ITConfig                           0x08001dab   Thumb Code    74  stm32f10x_usart.o(i.USART_ITConfig)
    USART_Init                               0x08001df5   Thumb Code   210  stm32f10x_usart.o(i.USART_Init)
    USART_ReceiveData                        0x08001ecd   Thumb Code    10  stm32f10x_usart.o(i.USART_ReceiveData)
    USART_SendData                           0x08001ed7   Thumb Code     8  stm32f10x_usart.o(i.USART_SendData)
    UsageFault_Handler                       0x08001edf   Thumb Code     4  stm32f10x_it.o(i.UsageFault_Handler)
    Write_Driver_Reg                         0x08001ee5   Thumb Code   264  ytch_driver.o(i.Write_Driver_Reg)
    _sys_exit                                0x08001ffd   Thumb Code     6  usart.o(i._sys_exit)
    delay_init                               0x08002005   Thumb Code    50  delay.o(i.delay_init)
    main                                     0x08002049   Thumb Code   632  main.o(i.main)
    transferH                                0x080022f9   Thumb Code     6  transfer.o(i.transferH)
    transferL                                0x080022ff   Thumb Code     8  transfer.o(i.transferL)
    transferLL                               0x08002307   Thumb Code     6  transfer.o(i.transferLL)
    transferM                                0x0800230d   Thumb Code     8  transfer.o(i.transferM)
    uart_init                                0x08002315   Thumb Code   124  usart.o(i.uart_init)
    __aeabi_ddiv                             0x08002399   Thumb Code     0  ddiv.o(x$fpl$ddiv)
    _ddiv                                    0x08002399   Thumb Code   552  ddiv.o(x$fpl$ddiv)
    __aeabi_d2uiz                            0x08002649   Thumb Code     0  dfixu.o(x$fpl$dfixu)
    _dfixu                                   0x08002649   Thumb Code    90  dfixu.o(x$fpl$dfixu)
    __aeabi_i2d                              0x080026a3   Thumb Code     0  dflt_clz.o(x$fpl$dflt)
    _dflt                                    0x080026a3   Thumb Code    46  dflt_clz.o(x$fpl$dflt)
    __aeabi_ui2d                             0x080026d1   Thumb Code     0  dflt_clz.o(x$fpl$dfltu)
    _dfltu                                   0x080026d1   Thumb Code    38  dflt_clz.o(x$fpl$dfltu)
    __aeabi_dmul                             0x080026f9   Thumb Code     0  dmul.o(x$fpl$dmul)
    _dmul                                    0x080026f9   Thumb Code   332  dmul.o(x$fpl$dmul)
    __fpl_dnaninf                            0x0800284d   Thumb Code   156  dnaninf.o(x$fpl$dnaninf)
    __fpl_dretinf                            0x080028e9   Thumb Code    12  dretinf.o(x$fpl$dretinf)
    __aeabi_fadd                             0x080028f5   Thumb Code     0  faddsub_clz.o(x$fpl$fadd)
    _fadd                                    0x080028f5   Thumb Code   196  faddsub_clz.o(x$fpl$fadd)
    __aeabi_fdiv                             0x080029b9   Thumb Code     0  fdiv.o(x$fpl$fdiv)
    _fdiv                                    0x080029b9   Thumb Code   384  fdiv.o(x$fpl$fdiv)
    __aeabi_f2uiz                            0x08002b3d   Thumb Code     0  ffixu.o(x$fpl$ffixu)
    _ffixu                                   0x08002b3d   Thumb Code    62  ffixu.o(x$fpl$ffixu)
    __aeabi_ui2f                             0x08002b7d   Thumb Code     0  fflt_clz.o(x$fpl$ffltu)
    _ffltu                                   0x08002b7d   Thumb Code    38  fflt_clz.o(x$fpl$ffltu)
    __aeabi_fmul                             0x08002ba5   Thumb Code     0  fmul.o(x$fpl$fmul)
    _fmul                                    0x08002ba5   Thumb Code   258  fmul.o(x$fpl$fmul)
    __fpl_fnaninf                            0x08002ca7   Thumb Code   140  fnaninf.o(x$fpl$fnaninf)
    __fpl_fretinf                            0x08002d33   Thumb Code    10  fretinf.o(x$fpl$fretinf)
    __aeabi_fsub                             0x08002d3d   Thumb Code     0  faddsub_clz.o(x$fpl$fsub)
    _fsub                                    0x08002d3d   Thumb Code   234  faddsub_clz.o(x$fpl$fsub)
    __I$use$fp                               0x08002e26   Number         0  usenofp.o(x$fpl$usenofp)
    Region$$Table$$Base                      0x08002e28   Number         0  anon$$obj.o(Region$$Table)
    Region$$Table$$Limit                     0x08002e48   Number         0  anon$$obj.o(Region$$Table)
    sp                                       0x20000000   Data           6  main.o(.data)
    meterspeed                               0x20000006   Data           2  main.o(.data)
    SystemCoreClock                          0x20000008   Data           4  system_stm32f10x.o(.data)
    AHBPrescTable                            0x2000000c   Data          16  system_stm32f10x.o(.data)
    flag                                     0x2000001c   Data           1  stm32f10x_it.o(.data)
    timer2_cnt                               0x20000020   Data           4  ytch_driver.o(.data)
    sdo_recv_cnt                             0x20000024   Data           4  ytch_driver.o(.data)
    USART3_RX_STA                            0x2000002c   Data           2  usart3.o(.data)
    gpsx                                     0x20000044   Data         166  main.o(.bss)
    buffer_read                              0x200000ea   Data          16  main.o(.bss)
    buffer_back                              0x200000fa   Data           9  main.o(.bss)
    sdo_recv_msg                             0x20000104   Data          20  ytch_driver.o(.bss)
    USART3_TX_BUF                            0x20000118   Data        1024  usart3.o(.bss)
    USART3_RX_BUF                            0x20000518   Data        1024  usart3.o(.bss)
    __libspace_start                         0x20000918   Data          96  libspace.o(.bss)
    __temporary_stack_top$libspace           0x20000978   Data           0  libspace.o(.bss)



==============================================================================

Memory Map of the image

  Image Entry point : 0x08000151

  Load Region LR_IROM1 (Base: 0x08000000, Size: 0x00002e8c, Max: 0x00040000, ABSOLUTE)

    Execution Region ER_IROM1 (Base: 0x08000000, Size: 0x00002e48, Max: 0x00040000, ABSOLUTE)

    Base Addr    Size         Type   Attr      Idx    E Section Name        Object

    0x08000000   0x00000150   Data   RO         2164    RESET               startup_stm32f10x_cl.o
    0x08000150   0x00000008   Code   RO         2181  * !!!main             c_w.l(__main.o)
    0x08000158   0x00000034   Code   RO         2384    !!!scatter          c_w.l(__scatter.o)
    0x0800018c   0x0000001a   Code   RO         2386    !!handler_copy      c_w.l(__scatter_copy.o)
    0x080001a6   0x00000002   PAD
    0x080001a8   0x0000001c   Code   RO         2388    !!handler_zi        c_w.l(__scatter_zi.o)
    0x080001c4   0x00000002   Code   RO         2259    .ARM.Collect$$libinit$$00000000  c_w.l(libinit.o)
    0x080001c6   0x00000000   Code   RO         2266    .ARM.Collect$$libinit$$00000002  c_w.l(libinit2.o)
    0x080001c6   0x00000000   Code   RO         2268    .ARM.Collect$$libinit$$00000004  c_w.l(libinit2.o)
    0x080001c6   0x00000000   Code   RO         2271    .ARM.Collect$$libinit$$0000000A  c_w.l(libinit2.o)
    0x080001c6   0x00000000   Code   RO         2273    .ARM.Collect$$libinit$$0000000C  c_w.l(libinit2.o)
    0x080001c6   0x00000000   Code   RO         2275    .ARM.Collect$$libinit$$0000000E  c_w.l(libinit2.o)
    0x080001c6   0x00000000   Code   RO         2278    .ARM.Collect$$libinit$$00000011  c_w.l(libinit2.o)
    0x080001c6   0x00000000   Code   RO         2280    .ARM.Collect$$libinit$$00000013  c_w.l(libinit2.o)
    0x080001c6   0x00000000   Code   RO         2282    .ARM.Collect$$libinit$$00000015  c_w.l(libinit2.o)
    0x080001c6   0x00000000   Code   RO         2284    .ARM.Collect$$libinit$$00000017  c_w.l(libinit2.o)
    0x080001c6   0x00000000   Code   RO         2286    .ARM.Collect$$libinit$$00000019  c_w.l(libinit2.o)
    0x080001c6   0x00000000   Code   RO         2288    .ARM.Collect$$libinit$$0000001B  c_w.l(libinit2.o)
    0x080001c6   0x00000000   Code   RO         2290    .ARM.Collect$$libinit$$0000001D  c_w.l(libinit2.o)
    0x080001c6   0x00000000   Code   RO         2292    .ARM.Collect$$libinit$$0000001F  c_w.l(libinit2.o)
    0x080001c6   0x00000000   Code   RO         2294    .ARM.Collect$$libinit$$00000021  c_w.l(libinit2.o)
    0x080001c6   0x00000000   Code   RO         2296    .ARM.Collect$$libinit$$00000023  c_w.l(libinit2.o)
    0x080001c6   0x00000000   Code   RO         2298    .ARM.Collect$$libinit$$00000025  c_w.l(libinit2.o)
    0x080001c6   0x00000000   Code   RO         2302    .ARM.Collect$$libinit$$0000002C  c_w.l(libinit2.o)
    0x080001c6   0x00000000   Code   RO         2304    .ARM.Collect$$libinit$$0000002E  c_w.l(libinit2.o)
    0x080001c6   0x00000000   Code   RO         2306    .ARM.Collect$$libinit$$00000030  c_w.l(libinit2.o)
    0x080001c6   0x00000000   Code   RO         2308    .ARM.Collect$$libinit$$00000032  c_w.l(libinit2.o)
    0x080001c6   0x00000002   Code   RO         2309    .ARM.Collect$$libinit$$00000033  c_w.l(libinit2.o)
    0x080001c8   0x00000002   Code   RO         2327    .ARM.Collect$$libshutdown$$00000000  c_w.l(libshutdown.o)
    0x080001ca   0x00000000   Code   RO         2338    .ARM.Collect$$libshutdown$$00000003  c_w.l(libshutdown2.o)
    0x080001ca   0x00000000   Code   RO         2341    .ARM.Collect$$libshutdown$$00000006  c_w.l(libshutdown2.o)
    0x080001ca   0x00000000   Code   RO         2344    .ARM.Collect$$libshutdown$$00000009  c_w.l(libshutdown2.o)
    0x080001ca   0x00000000   Code   RO         2346    .ARM.Collect$$libshutdown$$0000000B  c_w.l(libshutdown2.o)
    0x080001ca   0x00000000   Code   RO         2349    .ARM.Collect$$libshutdown$$0000000E  c_w.l(libshutdown2.o)
    0x080001ca   0x00000002   Code   RO         2350    .ARM.Collect$$libshutdown$$0000000F  c_w.l(libshutdown2.o)
    0x080001cc   0x00000000   Code   RO         2223    .ARM.Collect$$rtentry$$00000000  c_w.l(__rtentry.o)
    0x080001cc   0x00000000   Code   RO         2236    .ARM.Collect$$rtentry$$00000002  c_w.l(__rtentry2.o)
    0x080001cc   0x00000006   Code   RO         2248    .ARM.Collect$$rtentry$$00000004  c_w.l(__rtentry4.o)
    0x080001d2   0x00000000   Code   RO         2238    .ARM.Collect$$rtentry$$00000009  c_w.l(__rtentry2.o)
    0x080001d2   0x00000004   Code   RO         2239    .ARM.Collect$$rtentry$$0000000A  c_w.l(__rtentry2.o)
    0x080001d6   0x00000000   Code   RO         2241    .ARM.Collect$$rtentry$$0000000C  c_w.l(__rtentry2.o)
    0x080001d6   0x00000008   Code   RO         2242    .ARM.Collect$$rtentry$$0000000D  c_w.l(__rtentry2.o)
    0x080001de   0x00000002   Code   RO         2263    .ARM.Collect$$rtexit$$00000000  c_w.l(rtexit.o)
    0x080001e0   0x00000000   Code   RO         2311    .ARM.Collect$$rtexit$$00000002  c_w.l(rtexit2.o)
    0x080001e0   0x00000004   Code   RO         2312    .ARM.Collect$$rtexit$$00000003  c_w.l(rtexit2.o)
    0x080001e4   0x00000006   Code   RO         2313    .ARM.Collect$$rtexit$$00000004  c_w.l(rtexit2.o)
    0x080001ea   0x00000002   PAD
    0x080001ec   0x00000040   Code   RO         2165    .text               startup_stm32f10x_cl.o
    0x0800022c   0x00000002   Code   RO         2171    .text               c_w.l(use_no_semi_2.o)
    0x0800022e   0x00000014   Code   RO         2173    .text               c_w.l(strchr.o)
    0x08000242   0x00000024   Code   RO         2175    .text               c_w.l(strstr.o)
    0x08000266   0x00000044   Code   RO         2177    .text               c_w.l(rt_memclr.o)
    0x080002aa   0x00000006   Code   RO         2179    .text               c_w.l(heapauxi.o)
    0x080002b0   0x00000002   Code   RO         2221    .text               c_w.l(use_no_semi.o)
    0x080002b2   0x0000004e   Code   RO         2224    .text               c_w.l(rt_memclr_w.o)
    0x08000300   0x0000004a   Code   RO         2250    .text               c_w.l(sys_stackheap_outer.o)
    0x0800034a   0x0000000c   Code   RO         2252    .text               c_w.l(exit.o)
    0x08000356   0x00000002   PAD
    0x08000358   0x00000008   Code   RO         2260    .text               c_w.l(libspace.o)
    0x08000360   0x00000004   Code   RO          207    i.BusFault_Handler  stm32f10x_it.o
    0x08000364   0x0000010c   Code   RO          466    i.CAN2_Mode_Init    can.o
    0x08000470   0x0000001c   Code   RO          467    i.CAN2_RX0_IRQHandler  can.o
    0x0800048c   0x00000108   Code   RO          781    i.CAN_FilterInit    stm32f10x_can.o
    0x08000594   0x00000012   Code   RO          787    i.CAN_ITConfig      stm32f10x_can.o
    0x080005a6   0x00000114   Code   RO          788    i.CAN_Init          stm32f10x_can.o
    0x080006ba   0x00000002   PAD
    0x080006bc   0x00000070   Code   RO          296    i.CAN_Master_Handler  ytch_driver.o
    0x0800072c   0x000000f0   Code   RO          791    i.CAN_Receive       stm32f10x_can.o
    0x0800081c   0x00000126   Code   RO          796    i.CAN_Transmit      stm32f10x_can.o
    0x08000942   0x00000002   PAD
    0x08000944   0x000000a0   Code   RO          797    i.CAN_TransmitStatus  stm32f10x_can.o
    0x080009e4   0x00000030   Code   RO          570    i.Ch_TX_Send1       order.o
    0x08000a14   0x00000030   Code   RO          571    i.Ch_TX_Send2       order.o
    0x08000a44   0x00000038   Code   RO          208    i.DMA1_Channel5_IRQHandler  stm32f10x_it.o
    0x08000a7c   0x0000001c   Code   RO         2080    i.DMA_ClearFlag     stm32f10x_dma.o
    0x08000a98   0x00000018   Code   RO         2082    i.DMA_Cmd           stm32f10x_dma.o
    0x08000ab0   0x00000078   Code   RO          588    i.DMA_Config        usb_communication.o
    0x08000b28   0x0000014c   Code   RO         2083    i.DMA_DeInit        stm32f10x_dma.o
    0x08000c74   0x0000002c   Code   RO         2085    i.DMA_GetFlagStatus  stm32f10x_dma.o
    0x08000ca0   0x00000012   Code   RO         2087    i.DMA_ITConfig      stm32f10x_dma.o
    0x08000cb2   0x0000003c   Code   RO         2088    i.DMA_Init          stm32f10x_dma.o
    0x08000cee   0x00000002   Code   RO          209    i.DebugMon_Handler  stm32f10x_it.o
    0x08000cf0   0x0000005c   Code   RO          298    i.Enable_Driver     ytch_driver.o
    0x08000d4c   0x00000116   Code   RO          990    i.GPIO_Init         stm32f10x_gpio.o
    0x08000e62   0x00000012   Code   RO          991    i.GPIO_PinLockConfig  stm32f10x_gpio.o
    0x08000e74   0x00000090   Code   RO          992    i.GPIO_PinRemapConfig  stm32f10x_gpio.o
    0x08000f04   0x00000004   Code   RO          997    i.GPIO_ResetBits    stm32f10x_gpio.o
    0x08000f08   0x00000010   Code   RO          600    i.GPS_Analysis      gps.o
    0x08000f18   0x00000004   Code   RO          210    i.HardFault_Handler  stm32f10x_it.o
    0x08000f1c   0x00000034   Code   RO          558    i.LED_Init          led.o
    0x08000f50   0x00000004   Code   RO          211    i.MemManage_Handler  stm32f10x_it.o
    0x08000f54   0x00000032   Code   RO          602    i.NMEA_Comma_Pos    gps.o
    0x08000f86   0x00000002   PAD
    0x08000f88   0x00000260   Code   RO          607    i.NMEA_GPRMC_Analysis  gps.o
    0x080011e8   0x00000016   Code   RO          608    i.NMEA_Pow          gps.o
    0x080011fe   0x000000ea   Code   RO          609    i.NMEA_Str2num      gps.o
    0x080012e8   0x00000002   Code   RO          212    i.NMI_Handler       stm32f10x_it.o
    0x080012ea   0x00000002   PAD
    0x080012ec   0x00000070   Code   RO          739    i.NVIC_Init         misc.o
    0x0800135c   0x00000014   Code   RO          740    i.NVIC_PriorityGroupConfig  misc.o
    0x08001370   0x0000001e   Code   RO          300    i.PVM_Set_Speed     ytch_driver.o
    0x0800138e   0x00000002   Code   RO          213    i.PendSV_Handler    stm32f10x_it.o
    0x08001390   0x00000020   Code   RO         1099    i.RCC_AHBPeriphClockCmd  stm32f10x_rcc.o
    0x080013b0   0x00000020   Code   RO         1101    i.RCC_APB1PeriphClockCmd  stm32f10x_rcc.o
    0x080013d0   0x00000020   Code   RO         1102    i.RCC_APB1PeriphResetCmd  stm32f10x_rcc.o
    0x080013f0   0x00000020   Code   RO         1103    i.RCC_APB2PeriphClockCmd  stm32f10x_rcc.o
    0x08001410   0x00000020   Code   RO         1104    i.RCC_APB2PeriphResetCmd  stm32f10x_rcc.o
    0x08001430   0x0000018c   Code   RO         1111    i.RCC_GetClocksFreq  stm32f10x_rcc.o
    0x080015bc   0x00000016   Code   RO          502    i.SEED_Pow          seedparameter.o
    0x080015d2   0x00000002   Code   RO          214    i.SVC_Handler       stm32f10x_it.o
    0x080015d4   0x00000124   Code   RO          503    i.Seed_Para_Analysis  seedparameter.o
    0x080016f8   0x0000003a   Code   RO          504    i.Seed_Para_Tochar  seedparameter.o
    0x08001732   0x00000008   Code   RO          151    i.SetSysClock       system_stm32f10x.o
    0x0800173a   0x00000002   PAD
    0x0800173c   0x00000118   Code   RO          152    i.SetSysClockTo72   system_stm32f10x.o
    0x08001854   0x00000014   Code   RO          534    i.Start_Timer2      timer2.o
    0x08001868   0x0000001e   Code   RO          305    i.Switch_Driver_Mode  ytch_driver.o
    0x08001886   0x00000028   Code   RO          743    i.SysTick_CLKSourceConfig  misc.o
    0x080018ae   0x00000002   Code   RO          215    i.SysTick_Handler   stm32f10x_it.o
    0x080018b0   0x0000006c   Code   RO          154    i.SystemInit        system_stm32f10x.o
    0x0800191c   0x00000024   Code   RO          216    i.TIM2_IRQHandler   stm32f10x_it.o
    0x08001940   0x0000005c   Code   RO          536    i.TIM2_Init         timer2.o
    0x0800199c   0x00000030   Code   RO          696    i.TIM4_IRQHandler   usart3.o
    0x080019cc   0x00000058   Code   RO          697    i.TIM4_Init         usart3.o
    0x08001a24   0x00000028   Code   RO          698    i.TIM4_Set          usart3.o
    0x08001a4c   0x00000006   Code   RO         1363    i.TIM_ClearITPendingBit  stm32f10x_tim.o
    0x08001a52   0x00000018   Code   RO         1368    i.TIM_Cmd           stm32f10x_tim.o
    0x08001a6a   0x00000022   Code   RO         1389    i.TIM_GetITStatus   stm32f10x_tim.o
    0x08001a8c   0x00000012   Code   RO         1393    i.TIM_ITConfig      stm32f10x_tim.o
    0x08001a9e   0x00000004   Code   RO         1433    i.TIM_SetCounter    stm32f10x_tim.o
    0x08001aa2   0x00000002   PAD
    0x08001aa4   0x000000a4   Code   RO         1439    i.TIM_TimeBaseInit  stm32f10x_tim.o
    0x08001b48   0x00000064   Code   RO          699    i.USART3_IRQHandler  usart3.o
    0x08001bac   0x000000c8   Code   RO          700    i.USART3_Init       usart3.o
    0x08001c74   0x00000018   Code   RO         1904    i.USART_Cmd         stm32f10x_usart.o
    0x08001c8c   0x00000012   Code   RO         1905    i.USART_DMACmd      stm32f10x_usart.o
    0x08001c9e   0x00000002   PAD
    0x08001ca0   0x0000009c   Code   RO         1906    i.USART_DeInit      stm32f10x_usart.o
    0x08001d3c   0x0000001a   Code   RO         1907    i.USART_GetFlagStatus  stm32f10x_usart.o
    0x08001d56   0x00000054   Code   RO         1908    i.USART_GetITStatus  stm32f10x_usart.o
    0x08001daa   0x0000004a   Code   RO         1910    i.USART_ITConfig    stm32f10x_usart.o
    0x08001df4   0x000000d8   Code   RO         1911    i.USART_Init        stm32f10x_usart.o
    0x08001ecc   0x0000000a   Code   RO         1918    i.USART_ReceiveData  stm32f10x_usart.o
    0x08001ed6   0x00000008   Code   RO         1921    i.USART_SendData    stm32f10x_usart.o
    0x08001ede   0x00000004   Code   RO          217    i.UsageFault_Handler  stm32f10x_it.o
    0x08001ee2   0x00000002   PAD
    0x08001ee4   0x00000118   Code   RO          306    i.Write_Driver_Reg  ytch_driver.o
    0x08001ffc   0x00000006   Code   RO          428    i._sys_exit         usart.o
    0x08002002   0x00000002   PAD
    0x08002004   0x00000044   Code   RO          373    i.delay_init        delay.o
    0x08002048   0x000002b0   Code   RO            1    i.main              main.o
    0x080022f8   0x00000006   Code   RO          666    i.transferH         transfer.o
    0x080022fe   0x00000008   Code   RO          667    i.transferL         transfer.o
    0x08002306   0x00000006   Code   RO          668    i.transferLL        transfer.o
    0x0800230c   0x00000008   Code   RO          669    i.transferM         transfer.o
    0x08002314   0x00000084   Code   RO          430    i.uart_init         usart.o
    0x08002398   0x000002b0   Code   RO         2184    x$fpl$ddiv          fz_ws.l(ddiv.o)
    0x08002648   0x0000005a   Code   RO         2187    x$fpl$dfixu         fz_ws.l(dfixu.o)
    0x080026a2   0x0000002e   Code   RO         2192    x$fpl$dflt          fz_ws.l(dflt_clz.o)
    0x080026d0   0x00000026   Code   RO         2191    x$fpl$dfltu         fz_ws.l(dflt_clz.o)
    0x080026f6   0x00000002   PAD
    0x080026f8   0x00000154   Code   RO         2197    x$fpl$dmul          fz_ws.l(dmul.o)
    0x0800284c   0x0000009c   Code   RO         2226    x$fpl$dnaninf       fz_ws.l(dnaninf.o)
    0x080028e8   0x0000000c   Code   RO         2228    x$fpl$dretinf       fz_ws.l(dretinf.o)
    0x080028f4   0x000000c4   Code   RO         2199    x$fpl$fadd          fz_ws.l(faddsub_clz.o)
    0x080029b8   0x00000184   Code   RO         2206    x$fpl$fdiv          fz_ws.l(fdiv.o)
    0x08002b3c   0x0000003e   Code   RO         2209    x$fpl$ffixu         fz_ws.l(ffixu.o)
    0x08002b7a   0x00000002   PAD
    0x08002b7c   0x00000026   Code   RO         2213    x$fpl$ffltu         fz_ws.l(fflt_clz.o)
    0x08002ba2   0x00000002   PAD
    0x08002ba4   0x00000102   Code   RO         2219    x$fpl$fmul          fz_ws.l(fmul.o)
    0x08002ca6   0x0000008c   Code   RO         2230    x$fpl$fnaninf       fz_ws.l(fnaninf.o)
    0x08002d32   0x0000000a   Code   RO         2232    x$fpl$fretinf       fz_ws.l(fretinf.o)
    0x08002d3c   0x000000ea   Code   RO         2201    x$fpl$fsub          fz_ws.l(faddsub_clz.o)
    0x08002e26   0x00000000   Code   RO         2234    x$fpl$usenofp       fz_ws.l(usenofp.o)
    0x08002e26   0x00000002   PAD
    0x08002e28   0x00000020   Data   RO         2382    Region$$Table       anon$$obj.o


    Execution Region RW_IRAM1 (Base: 0x20000000, Size: 0x00000f78, Max: 0x00010000, ABSOLUTE)

    Base Addr    Size         Type   Attr      Idx    E Section Name        Object

    0x20000000   0x00000008   Data   RW            3    .data               main.o
    0x20000008   0x00000014   Data   RW          155    .data               system_stm32f10x.o
    0x2000001c   0x00000001   Data   RW          218    .data               stm32f10x_it.o
    0x2000001d   0x00000003   PAD
    0x20000020   0x00000008   Data   RW          308    .data               ytch_driver.o
    0x20000028   0x00000004   Data   RW          376    .data               delay.o
    0x2000002c   0x00000002   Data   RW          702    .data               usart3.o
    0x2000002e   0x00000014   Data   RW         1139    .data               stm32f10x_rcc.o
    0x20000042   0x00000002   PAD
    0x20000044   0x000000bf   Zero   RW            2    .bss                main.o
    0x20000103   0x00000001   PAD
    0x20000104   0x00000014   Zero   RW          307    .bss                ytch_driver.o
    0x20000118   0x00000800   Zero   RW          701    .bss                usart3.o
    0x20000918   0x00000060   Zero   RW         2261    .bss                c_w.l(libspace.o)
    0x20000978   0x00000200   Zero   RW         2163    HEAP                startup_stm32f10x_cl.o
    0x20000b78   0x00000400   Zero   RW         2162    STACK               startup_stm32f10x_cl.o


==============================================================================

Image component sizes


      Code (inc. data)   RO Data    RW Data    ZI Data      Debug   Object Name

       296         18          0          0          0       1499   can.o
        68         18          0          4          0        677   delay.o
       930         12          0          0          0       3940   gps.o
        52          6          0          0          0        483   led.o
       688         56          0          8        191     295051   main.o
       172         22          0          0          0       1969   misc.o
        96          8          0          0          0       1368   order.o
       372          0          0          0          0       2339   seedparameter.o
        64         26        336          0       1536        796   startup_stm32f10x_cl.o
      1252         28          0          0          0       4913   stm32f10x_can.o
       506         26          0          0          0       4973   stm32f10x_dma.o
       444          6          0          0          0       3800   stm32f10x_gpio.o
       118         16          0          1          0       4930   stm32f10x_it.o
       556         52          0         20          0       6796   stm32f10x_rcc.o
       250         42          0          0          0       3927   stm32f10x_tim.o
       616         28          0          0          0       7095   stm32f10x_usart.o
         0          0          0          0          0         32   sys.o
       396         32          0         20          0     221701   system_stm32f10x.o
       112          0          0          0          0       1103   timer2.o
        28          0          0          0          0       1833   transfer.o
       138          8          0          0          0       1128   usart.o
       476         48          0          2       2048       3375   usart3.o
       120          8          0          0          0        697   usb_communication.o
       544         46          0          8         20       4049   ytch_driver.o

    ----------------------------------------------------------------------
      8312        506        368         68       3796     578474   Object Totals
         0          0         32          0          0          0   (incl. Generated)
        18          0          0          5          1          0   (incl. Padding)

    ----------------------------------------------------------------------

      Code (inc. data)   RO Data    RW Data    ZI Data      Debug   Library Member Name

         8          0          0          0          0         68   __main.o
         0          0          0          0          0          0   __rtentry.o
        12          0          0          0          0          0   __rtentry2.o
         6          0          0          0          0          0   __rtentry4.o
        52          8          0          0          0          0   __scatter.o
        26          0          0          0          0          0   __scatter_copy.o
        28          0          0          0          0          0   __scatter_zi.o
        12          0          0          0          0         72   exit.o
         6          0          0          0          0        152   heapauxi.o
         2          0          0          0          0          0   libinit.o
         2          0          0          0          0          0   libinit2.o
         2          0          0          0          0          0   libshutdown.o
         2          0          0          0          0          0   libshutdown2.o
         8          4          0          0         96         68   libspace.o
        68          0          0          0          0         68   rt_memclr.o
        78          0          0          0          0         80   rt_memclr_w.o
         2          0          0          0          0          0   rtexit.o
        10          0          0          0          0          0   rtexit2.o
        20          0          0          0          0         68   strchr.o
        36          0          0          0          0         80   strstr.o
        74          0          0          0          0         80   sys_stackheap_outer.o
         2          0          0          0          0         68   use_no_semi.o
         2          0          0          0          0         68   use_no_semi_2.o
       688        140          0          0          0        208   ddiv.o
        90          4          0          0          0         92   dfixu.o
        84          0          0          0          0        136   dflt_clz.o
       340         12          0          0          0        104   dmul.o
       156          4          0          0          0         92   dnaninf.o
        12          0          0          0          0         68   dretinf.o
       430          8          0          0          0        168   faddsub_clz.o
       388         76          0          0          0         96   fdiv.o
        62          4          0          0          0         84   ffixu.o
        38          0          0          0          0         68   fflt_clz.o
       258          4          0          0          0         84   fmul.o
       140          4          0          0          0         84   fnaninf.o
        10          0          0          0          0         68   fretinf.o
         0          0          0          0          0          0   usenofp.o

    ----------------------------------------------------------------------
      3168        268          0          0         96       2224   Library Totals
        14          0          0          0          0          0   (incl. Padding)

    ----------------------------------------------------------------------

      Code (inc. data)   RO Data    RW Data    ZI Data      Debug   Library Name

       458         12          0          0         96        872   c_w.l
      2696        256          0          0          0       1352   fz_ws.l

    ----------------------------------------------------------------------
      3168        268          0          0         96       2224   Library Totals

    ----------------------------------------------------------------------

==============================================================================


      Code (inc. data)   RO Data    RW Data    ZI Data      Debug   

     11480        774        368         68       3892     575182   Grand Totals
     11480        774        368         68       3892     575182   ELF Image Totals
     11480        774        368         68          0          0   ROM Totals

==============================================================================

    Total RO  Size (Code + RO Data)                11848 (  11.57kB)
    Total RW  Size (RW Data + ZI Data)              3960 (   3.87kB)
    Total ROM Size (Code + RO Data + RW Data)      11916 (  11.64kB)

==============================================================================

