Component: ARM Compiler 5.05 update 1 (build 106) Tool: armlink [4d0efa]

==============================================================================

Section Cross References

    main.o(i.main) refers to misc.o(i.NVIC_PriorityGroupConfig) for NVIC_PriorityGroupConfig
    main.o(i.main) refers to usb_communication.o(i.DMA_Config) for DMA_Config
    main.o(i.main) refers to usart.o(i.uart_init) for uart_init
    main.o(i.main) refers to stm32f10x_dma.o(i.DMA_Cmd) for DMA_Cmd
    main.o(i.main) refers to stm32f10x_usart.o(i.USART_Cmd) for USART_Cmd
    main.o(i.main) refers to delay.o(i.delay_init) for delay_init
    main.o(i.main) refers to led.o(i.LED_Init) for LED_Init
    main.o(i.main) refers to usart3.o(i.USART3_Init) for USART3_Init
    main.o(i.main) refers to can.o(i.CAN2_Mode_Init) for CAN2_Mode_Init
    main.o(i.main) refers to timer2.o(i.TIM2_Init) for TIM2_Init
    main.o(i.main) refers to ytch_driver.o(i.Switch_Driver_Mode) for Switch_Driver_Mode
    main.o(i.main) refers to ytch_driver.o(i.Enable_Driver) for Enable_Driver
    main.o(i.main) refers to delay.o(i.delay_ms) for delay_ms
    main.o(i.main) refers to stm32f10x_dma.o(i.DMA_GetFlagStatus) for DMA_GetFlagStatus
    main.o(i.main) refers to stm32f10x_dma.o(i.DMA_ClearFlag) for DMA_ClearFlag
    main.o(i.main) refers to order.o(i.Ch_TX_Send2) for Ch_TX_Send2
    main.o(i.main) refers to seedparameter.o(i.Seed_Para_Analysis) for Seed_Para_Analysis
    main.o(i.main) refers to gps.o(i.GPS_Analysis) for GPS_Analysis
    main.o(i.main) refers to transfer.o(i.transferH) for transferH
    main.o(i.main) refers to transfer.o(i.transferM) for transferM
    main.o(i.main) refers to transfer.o(i.transferL) for transferL
    main.o(i.main) refers to transfer.o(i.transferLL) for transferLL
    main.o(i.main) refers to order.o(i.Ch_TX_Send1) for Ch_TX_Send1
    main.o(i.main) refers to dflt_clz.o(x$fpl$dflt) for __aeabi_i2d
    main.o(i.main) refers to dflt_clz.o(x$fpl$dfltu) for __aeabi_ui2d
    main.o(i.main) refers to dmul.o(x$fpl$dmul) for __aeabi_dmul
    main.o(i.main) refers to ddiv.o(x$fpl$ddiv) for __aeabi_ddiv
    main.o(i.main) refers to dfixu.o(x$fpl$dfixu) for __aeabi_d2uiz
    main.o(i.main) refers to ytch_driver.o(i.PVM_Set_Speed) for PVM_Set_Speed
    main.o(i.main) refers to main.o(.data) for sp
    main.o(i.main) refers to usart3.o(.data) for USART3_RX_STA
    main.o(i.main) refers to usart3.o(.bss) for USART3_RX_BUF
    main.o(i.main) refers to main.o(.bss) for gpsx
    system_stm32f10x.o(i.SetSysClock) refers to system_stm32f10x.o(i.SetSysClockTo72) for SetSysClockTo72
    system_stm32f10x.o(i.SystemCoreClockUpdate) refers to system_stm32f10x.o(.data) for SystemCoreClock
    system_stm32f10x.o(i.SystemInit) refers to system_stm32f10x.o(i.SetSysClock) for SetSysClock
    stm32f10x_it.o(i.TIM2_IRQHandler) refers to stm32f10x_tim.o(i.TIM_GetITStatus) for TIM_GetITStatus
    stm32f10x_it.o(i.TIM2_IRQHandler) refers to stm32f10x_tim.o(i.TIM_ClearITPendingBit) for TIM_ClearITPendingBit
    stm32f10x_it.o(i.TIM2_IRQHandler) refers to ytch_driver.o(.data) for timer2_cnt
    ytch_driver.o(i.CAN_Master_Handler) refers to ytch_driver.o(.data) for sdo_recv_cnt
    ytch_driver.o(i.CAN_Master_Handler) refers to ytch_driver.o(.bss) for sdo_recv_msg
    ytch_driver.o(i.Disable_Driver) refers to ytch_driver.o(i.Write_Driver_Reg) for Write_Driver_Reg
    ytch_driver.o(i.Enable_Driver) refers to ytch_driver.o(i.Write_Driver_Reg) for Write_Driver_Reg
    ytch_driver.o(i.PPM_Set_Position) refers to ytch_driver.o(i.Write_Driver_Reg) for Write_Driver_Reg
    ytch_driver.o(i.PVM_Set_Speed) refers to ytch_driver.o(i.Write_Driver_Reg) for Write_Driver_Reg
    ytch_driver.o(i.Read_Driver_Reg) refers to stm32f10x_can.o(i.CAN_Transmit) for CAN_Transmit
    ytch_driver.o(i.Read_Driver_Reg) refers to timer2.o(i.Start_Timer2) for Start_Timer2
    ytch_driver.o(i.Read_Driver_Reg) refers to ytch_driver.o(.data) for sdo_recv_cnt
    ytch_driver.o(i.Read_Driver_Reg) refers to ytch_driver.o(.bss) for sdo_recv_msg
    ytch_driver.o(i.Read_Position) refers to ytch_driver.o(i.Read_Driver_Reg) for Read_Driver_Reg
    ytch_driver.o(i.Read_Speed) refers to ytch_driver.o(i.Read_Driver_Reg) for Read_Driver_Reg
    ytch_driver.o(i.Read_Statusword) refers to ytch_driver.o(i.Read_Driver_Reg) for Read_Driver_Reg
    ytch_driver.o(i.Switch_Driver_Mode) refers to ytch_driver.o(i.Write_Driver_Reg) for Write_Driver_Reg
    ytch_driver.o(i.Write_Driver_Reg) refers to stm32f10x_can.o(i.CAN_Transmit) for CAN_Transmit
    ytch_driver.o(i.Write_Driver_Reg) refers to timer2.o(i.Start_Timer2) for Start_Timer2
    ytch_driver.o(i.Write_Driver_Reg) refers to ytch_driver.o(.data) for sdo_recv_cnt
    ytch_driver.o(i.Write_Driver_Reg) refers to ytch_driver.o(.bss) for sdo_recv_msg
    delay.o(i.delay_init) refers to misc.o(i.SysTick_CLKSourceConfig) for SysTick_CLKSourceConfig
    delay.o(i.delay_init) refers to system_stm32f10x.o(.data) for SystemCoreClock
[...]
    Removing ytch_driver.o(i.Read_Position), (30 bytes).
    Removing ytch_driver.o(i.Read_Speed), (30 bytes).
    Removing ytch_driver.o(i.Read_Statusword), (30 bytes).
    Removing delay.o(i.delay_us), (76 bytes).
    Removing sys.o(.emb_text), (6 bytes).
    Removing sys.o(i.INTX_DISABLE), (4 bytes).
    Removing sys.o(i.INTX_ENABLE), (4 bytes).
    Removing sys.o(i.WFI_SET), (4 bytes).
    Removing usart.o(i.fputc), (28 bytes).
    Removing usart.o(.bss), (200 bytes).
    Removing usart.o(.data), (6 bytes).
    Removing can.o(i.CAN1_Mode_Init), (216 bytes).
    Removing can.o(i.CAN1_Receive_Msg), (64 bytes).
    Removing can.o(i.CAN1_Send_Msg), (108 bytes).
    Removing timer2.o(i.Stop_Timer2), (22 bytes).
    Removing gps.o(i.NMEA_BDGSV_Analysis), (308 bytes).
    Removing gps.o(i.NMEA_GNGGA_Analysis), (104 bytes).
    Removing gps.o(i.NMEA_GNGSA_Analysis), (184 bytes).
    Removing gps.o(i.NMEA_GNVTG_Analysis), (88 bytes).
    Removing gps.o(i.NMEA_GPGSV_Analysis), (300 bytes).
    Removing misc.o(i.NVIC_SetVectorTable), (20 bytes).
    Removing misc.o(i.NVIC_SystemLPConfig), (32 bytes).
    Removing stm32f10x_can.o(i.CAN_CancelTransmit), (48 bytes).
    Removing stm32f10x_can.o(i.CAN_ClearFlag), (56 bytes).
    Removing stm32f10x_can.o(i.CAN_ClearITPendingBit), (168 bytes).
    Removing stm32f10x_can.o(i.CAN_DBGFreeze), (22 bytes).
    Removing stm32f10x_can.o(i.CAN_DeInit), (56 bytes).
    Removing stm32f10x_can.o(i.CAN_FIFORelease), (22 bytes).
    Removing stm32f10x_can.o(i.CAN_GetFlagStatus), (120 bytes).
    Removing stm32f10x_can.o(i.CAN_GetITStatus), (288 bytes).
    Removing stm32f10x_can.o(i.CAN_GetLSBTransmitErrorCounter), (12 bytes).
    Removing stm32f10x_can.o(i.CAN_GetLastErrorCode), (12 bytes).
    Removing stm32f10x_can.o(i.CAN_GetReceiveErrorCounter), (10 bytes).
    Removing stm32f10x_can.o(i.CAN_MessagePending), (30 bytes).
    Removing stm32f10x_can.o(i.CAN_OperatingModeRequest), (162 bytes).
    Removing stm32f10x_can.o(i.CAN_SlaveStartBank), (52 bytes).
    Removing stm32f10x_can.o(i.CAN_Sleep), (30 bytes).
    Removing stm32f10x_can.o(i.CAN_StructInit), (32 bytes).
    Removing stm32f10x_can.o(i.CAN_TTComModeCmd), (118 bytes).
    Removing stm32f10x_can.o(i.CAN_TransmitStatus), (160 bytes).
    Removing stm32f10x_can.o(i.CAN_WakeUp), (48 bytes).
    Removing stm32f10x_can.o(i.CheckITStatus), (18 bytes).
    Removing stm32f10x_exti.o(i.EXTI_ClearFlag), (12 bytes).
    Removing stm32f10x_exti.o(i.EXTI_ClearITPendingBit), (12 bytes).
    Removing stm32f10x_exti.o(i.EXTI_DeInit), (36 bytes).
    Removing stm32f10x_exti.o(i.EXTI_GenerateSWInterrupt), (16 bytes).
    Removing stm32f10x_exti.o(i.EXTI_GetFlagStatus), (24 bytes).
    Removing stm32f10x_exti.o(i.EXTI_GetITStatus), (40 bytes).
    Removing stm32f10x_exti.o(i.EXTI_Init), (148 bytes).
    Removing stm32f10x_exti.o(i.EXTI_StructInit), (16 bytes).
    Removing stm32f10x_gpio.o(i.GPIO_AFIODeInit), (20 bytes).
    Removing stm32f10x_gpio.o(i.GPIO_DeInit), (200 bytes).
    Removing stm32f10x_gpio.o(i.GPIO_ETH_MediaInterfaceConfig), (12 bytes).
    Removing stm32f10x_gpio.o(i.GPIO_EXTILineConfig), (64 bytes).
    Removing stm32f10x_gpio.o(i.GPIO_EventOutputCmd), (12 bytes).
    Removing stm32f10x_gpio.o(i.GPIO_EventOutputConfig), (32 bytes).
    Removing stm32f10x_gpio.o(i.GPIO_ReadInputData), (8 bytes).
    Removing stm32f10x_gpio.o(i.GPIO_ReadInputDataBit), (18 bytes).
    Removing stm32f10x_gpio.o(i.GPIO_ReadOutputData), (8 bytes).
    Removing stm32f10x_gpio.o(i.GPIO_ReadOutputDataBit), (18 bytes).
    Removing stm32f10x_gpio.o(i.GPIO_SetBits), (4 bytes).
    Removing stm32f10x_gpio.o(i.GPIO_StructInit), (16 bytes).
    Removing stm32f10x_gpio.o(i.GPIO_Write), (4 bytes).
    Removing stm32f10x_gpio.o(i.GPIO_WriteBit), (10 bytes).
    Removing stm32f10x_rcc.o(i.RCC_ADCCLKConfig), (24 bytes).
    Removing stm32f10x_rcc.o(i.RCC_AHBPeriphResetCmd), (32 bytes).
    Removing stm32f10x_rcc.o(i.RCC_AdjustHSICalibrationValue), (24 bytes).
    Removing stm32f10x_rcc.o(i.RCC_BackupResetCmd), (12 bytes).
    Removing stm32f10x_rcc.o(i.RCC_ClearFlag), (20 bytes).
    Removing stm32f10x_rcc.o(i.RCC_ClearITPendingBit), (12 bytes).
    Removing stm32f10x_rcc.o(i.RCC_ClockSecuritySystemCmd), (12 bytes).
    Removing stm32f10x_rcc.o(i.RCC_DeInit), (92 bytes).
    Removing stm32f10x_rcc.o(i.RCC_GetFlagStatus), (60 bytes).
    Removing stm32f10x_rcc.o(i.RCC_GetITStatus), (24 bytes).
    Removing stm32f10x_rcc.o(i.RCC_GetSYSCLKSource), (16 bytes).
    Removing stm32f10x_rcc.o(i.RCC_HCLKConfig), (24 bytes).
    Removing stm32f10x_rcc.o(i.RCC_HSEConfig), (76 bytes).
    Removing stm32f10x_rcc.o(i.RCC_HSICmd), (12 bytes).
    Removing stm32f10x_rcc.o(i.RCC_I2S2CLKConfig), (12 bytes).
    Removing stm32f10x_rcc.o(i.RCC_I2S3CLKConfig), (12 bytes).
    Removing stm32f10x_rcc.o(i.RCC_ITConfig), (32 bytes).
    Removing stm32f10x_rcc.o(i.RCC_LSEConfig), (52 bytes).
    Removing stm32f10x_rcc.o(i.RCC_LSICmd), (12 bytes).
    Removing stm32f10x_rcc.o(i.RCC_MCOConfig), (12 bytes).
    Removing stm32f10x_rcc.o(i.RCC_OTGFSCLKConfig), (12 bytes).
    Removing stm32f10x_rcc.o(i.RCC_PCLK1Config), (24 bytes).
    Removing stm32f10x_rcc.o(i.RCC_PCLK2Config), (24 bytes).
    Removing stm32f10x_rcc.o(i.RCC_PLL2Cmd), (12 bytes).
    Removing stm32f10x_rcc.o(i.RCC_PLL2Config), (24 bytes).
    Removing stm32f10x_rcc.o(i.RCC_PLL3Cmd), (12 bytes).
    Removing stm32f10x_rcc.o(i.RCC_PLL3Config), (24 bytes).
    Removing stm32f10x_rcc.o(i.RCC_PLLCmd), (12 bytes).
    Removing stm32f10x_rcc.o(i.RCC_PLLConfig), (28 bytes).
    Removing stm32f10x_rcc.o(i.RCC_PREDIV1Config), (32 bytes).
    Removing stm32f10x_rcc.o(i.RCC_PREDIV2Config), (24 bytes).
    Removing stm32f10x_rcc.o(i.RCC_RTCCLKCmd), (12 bytes).
    Removing stm32f10x_rcc.o(i.RCC_RTCCLKConfig), (16 bytes).
    Removing stm32f10x_rcc.o(i.RCC_SYSCLKConfig), (24 bytes).
    Removing stm32f10x_rcc.o(i.RCC_WaitForHSEStartUp), (56 bytes).
    Removing stm32f10x_tim.o(i.TI1_Config), (128 bytes).
    Removing stm32f10x_tim.o(i.TI2_Config), (152 bytes).
    Removing stm32f10x_tim.o(i.TI3_Config), (144 bytes).
    Removing stm32f10x_tim.o(i.TI4_Config), (152 bytes).
    Removing stm32f10x_tim.o(i.TIM_ARRPreloadConfig), (24 bytes).
    Removing stm32f10x_tim.o(i.TIM_BDTRConfig), (32 bytes).
    Removing stm32f10x_tim.o(i.TIM_BDTRStructInit), (18 bytes).
    Removing stm32f10x_tim.o(i.TIM_CCPreloadControl), (24 bytes).
    Removing stm32f10x_tim.o(i.TIM_CCxCmd), (30 bytes).
    Removing stm32f10x_tim.o(i.TIM_CCxNCmd), (30 bytes).
    Removing stm32f10x_tim.o(i.TIM_ClearFlag), (6 bytes).
    Removing stm32f10x_tim.o(i.TIM_ClearOC1Ref), (18 bytes).
    Removing stm32f10x_tim.o(i.TIM_ClearOC2Ref), (24 bytes).
    Removing stm32f10x_tim.o(i.TIM_ClearOC3Ref), (18 bytes).
    Removing stm32f10x_tim.o(i.TIM_ClearOC4Ref), (24 bytes).
    Removing stm32f10x_tim.o(i.TIM_CounterModeConfig), (18 bytes).
    Removing stm32f10x_tim.o(i.TIM_CtrlPWMOutputs), (30 bytes).
    Removing stm32f10x_tim.o(i.TIM_DMACmd), (18 bytes).
    Removing stm32f10x_tim.o(i.TIM_DMAConfig), (10 bytes).
    Removing stm32f10x_tim.o(i.TIM_DeInit), (488 bytes).
    Removing stm32f10x_tim.o(i.TIM_ETRClockMode1Config), (54 bytes).
    Removing stm32f10x_tim.o(i.TIM_ETRClockMode2Config), (32 bytes).
    Removing stm32f10x_tim.o(i.TIM_ETRConfig), (28 bytes).
    Removing stm32f10x_tim.o(i.TIM_EncoderInterfaceConfig), (66 bytes).
    Removing stm32f10x_tim.o(i.TIM_ForcedOC1Config), (18 bytes).
    Removing stm32f10x_tim.o(i.TIM_ForcedOC2Config), (26 bytes).
    Removing stm32f10x_tim.o(i.TIM_ForcedOC3Config), (18 bytes).
    Removing stm32f10x_tim.o(i.TIM_ForcedOC4Config), (26 bytes).
    Removing stm32f10x_tim.o(i.TIM_GenerateEvent), (4 bytes).
    Removing stm32f10x_tim.o(i.TIM_GetCapture1), (6 bytes).
    Removing stm32f10x_tim.o(i.TIM_GetCapture2), (6 bytes).
    Removing stm32f10x_tim.o(i.TIM_GetCapture3), (6 bytes).
    Removing stm32f10x_tim.o(i.TIM_GetCapture4), (8 bytes).
    Removing stm32f10x_tim.o(i.TIM_GetCounter), (6 bytes).
    Removing stm32f10x_tim.o(i.TIM_GetFlagStatus), (18 bytes).
    Removing stm32f10x_tim.o(i.TIM_GetPrescaler), (6 bytes).
    Removing stm32f10x_tim.o(i.TIM_ICInit), (172 bytes).
    Removing stm32f10x_tim.o(i.TIM_ICStructInit), (18 bytes).
    Removing stm32f10x_tim.o(i.TIM_ITRxExternalClockConfig), (24 bytes).
    Removing stm32f10x_tim.o(i.TIM_InternalClockConfig), (12 bytes).
    Removing stm32f10x_tim.o(i.TIM_OC1FastConfig), (18 bytes).
    Removing stm32f10x_tim.o(i.TIM_OC1Init), (152 bytes).
    Removing stm32f10x_tim.o(i.TIM_OC1NPolarityConfig), (18 bytes).
    Removing stm32f10x_tim.o(i.TIM_OC1PolarityConfig), (18 bytes).
    Removing stm32f10x_tim.o(i.TIM_OC1PreloadConfig), (18 bytes).
    Removing stm32f10x_tim.o(i.TIM_OC2FastConfig), (26 bytes).
    Removing stm32f10x_tim.o(i.TIM_OC2Init), (164 bytes).
    Removing stm32f10x_tim.o(i.TIM_OC2NPolarityConfig), (26 bytes).
    Removing stm32f10x_tim.o(i.TIM_OC2PolarityConfig), (26 bytes).
    Removing stm32f10x_tim.o(i.TIM_OC2PreloadConfig), (26 bytes).
    Removing stm32f10x_tim.o(i.TIM_OC3FastConfig), (18 bytes).
    Removing stm32f10x_tim.o(i.TIM_OC3Init), (160 bytes).
    Removing stm32f10x_tim.o(i.TIM_OC3NPolarityConfig), (26 bytes).
    Removing stm32f10x_tim.o(i.TIM_OC3PolarityConfig), (26 bytes).
    Removing stm32f10x_tim.o(i.TIM_OC3PreloadConfig), (18 bytes).
    Removing stm32f10x_tim.o(i.TIM_OC4FastConfig), (26 bytes).
    Removing stm32f10x_tim.o(i.TIM_OC4Init), (124 bytes).
    Removing stm32f10x_tim.o(i.TIM_OC4PolarityConfig), (26 bytes).
    Removing stm32f10x_tim.o(i.TIM_OC4PreloadConfig), (26 bytes).
    Removing stm32f10x_tim.o(i.TIM_OCStructInit), (20 bytes).
    Removing stm32f10x_tim.o(i.TIM_PWMIConfig), (124 bytes).
    Removing stm32f10x_tim.o(i.TIM_PrescalerConfig), (6 bytes).
    Removing stm32f10x_tim.o(i.TIM_SelectCCDMA), (24 bytes).
    Removing stm32f10x_tim.o(i.TIM_SelectCOM), (24 bytes).
    Removing stm32f10x_tim.o(i.TIM_SelectHallSensor), (24 bytes).
    Removing stm32f10x_tim.o(i.TIM_SelectInputTrigger), (18 bytes).
    Removing stm32f10x_tim.o(i.TIM_SelectMasterSlaveMode), (18 bytes).
    Removing stm32f10x_tim.o(i.TIM_SelectOCxM), (82 bytes).
    Removing stm32f10x_tim.o(i.TIM_SelectOnePulseMode), (18 bytes).
    Removing stm32f10x_tim.o(i.TIM_SelectOutputTrigger), (18 bytes).
    Removing stm32f10x_tim.o(i.TIM_SelectSlaveMode), (18 bytes).
    Removing stm32f10x_tim.o(i.TIM_SetAutoreload), (4 bytes).
    Removing stm32f10x_tim.o(i.TIM_SetClockDivision), (18 bytes).
    Removing stm32f10x_tim.o(i.TIM_SetCompare1), (4 bytes).
    Removing stm32f10x_tim.o(i.TIM_SetCompare2), (4 bytes).
    Removing stm32f10x_tim.o(i.TIM_SetCompare3), (4 bytes).
    Removing stm32f10x_tim.o(i.TIM_SetCompare4), (6 bytes).
    Removing stm32f10x_tim.o(i.TIM_SetIC1Prescaler), (18 bytes).
    Removing stm32f10x_tim.o(i.TIM_SetIC2Prescaler), (26 bytes).
    Removing stm32f10x_tim.o(i.TIM_SetIC3Prescaler), (18 bytes).
    Removing stm32f10x_tim.o(i.TIM_SetIC4Prescaler), (26 bytes).
    Removing stm32f10x_tim.o(i.TIM_TIxExternalClockConfig), (62 bytes).
    Removing stm32f10x_tim.o(i.TIM_TimeBaseStructInit), (18 bytes).
    Removing stm32f10x_tim.o(i.TIM_UpdateDisableConfig), (24 bytes).
    Removing stm32f10x_tim.o(i.TIM_UpdateRequestConfig), (24 bytes).
    Removing stm32f10x_usart.o(i.USART_ClearFlag), (18 bytes).
    Removing stm32f10x_usart.o(i.USART_ClearITPendingBit), (30 bytes).
    Removing stm32f10x_usart.o(i.USART_ClockInit), (34 bytes).
    Removing stm32f10x_usart.o(i.USART_ClockStructInit), (12 bytes).
    Removing stm32f10x_usart.o(i.USART_HalfDuplexCmd), (24 bytes).
    Removing stm32f10x_usart.o(i.USART_IrDACmd), (24 bytes).
    Removing stm32f10x_usart.o(i.USART_IrDAConfig), (18 bytes).
    Removing stm32f10x_usart.o(i.USART_LINBreakDetectLengthConfig), (18 bytes).
    Removing stm32f10x_usart.o(i.USART_LINCmd), (24 bytes).
    Removing stm32f10x_usart.o(i.USART_OneBitMethodCmd), (24 bytes).
    Removing stm32f10x_usart.o(i.USART_OverSampling8Cmd), (22 bytes).
    Removing stm32f10x_usart.o(i.USART_ReceiverWakeUpCmd), (24 bytes).
    Removing stm32f10x_usart.o(i.USART_SendBreak), (10 bytes).
    Removing stm32f10x_usart.o(i.USART_SetAddress), (18 bytes).
    Removing stm32f10x_usart.o(i.USART_SetGuardTime), (16 bytes).
    Removing stm32f10x_usart.o(i.USART_SetPrescaler), (16 bytes).
    Removing stm32f10x_usart.o(i.USART_SmartCardCmd), (24 bytes).
    Removing stm32f10x_usart.o(i.USART_SmartCardNACKCmd), (24 bytes).
    Removing stm32f10x_usart.o(i.USART_StructInit), (24 bytes).
    Removing stm32f10x_usart.o(i.USART_WakeUpConfig), (18 bytes).
    Removing stm32f10x_dma.o(i.DMA_ClearITPendingBit), (28 bytes).
    Removing stm32f10x_dma.o(i.DMA_GetCurrDataCounter), (8 bytes).
    Removing stm32f10x_dma.o(i.DMA_GetITStatus), (44 bytes).
    Removing stm32f10x_dma.o(i.DMA_SetCurrDataCounter), (4 bytes).
    Removing stm32f10x_dma.o(i.DMA_StructInit), (26 bytes).
    Removing core_cm3.o(.emb_text), (32 bytes).

214 unused section(s) (total 9728 bytes) removed from the image.

==============================================================================

Image Symbol Table

    Local Symbols

    Symbol Name                              Value     Ov Type        Size  Object(Section)

    ../clib/angel/boardlib.s                 0x00000000   Number         0  boardshut.o ABSOLUTE
    ../clib/angel/boardlib.s                 0x00000000   Number         0  boardinit3.o ABSOLUTE
    ../clib/angel/boardlib.s                 0x00000000   Number         0  boardinit2.o ABSOLUTE
    ../clib/angel/boardlib.s                 0x00000000   Number         0  boardinit1.o ABSOLUTE
    ../clib/angel/handlers.s                 0x00000000   Number         0  __scatter_zi.o ABSOLUTE
    ../clib/angel/handlers.s                 0x00000000   Number         0  __scatter_copy.o ABSOLUTE
    ../clib/angel/kernel.s                   0x00000000   Number         0  __rtentry4.o ABSOLUTE
    ../clib/angel/kernel.s                   0x00000000   Number         0  __rtentry2.o ABSOLUTE
    ../clib/angel/kernel.s                   0x00000000   Number         0  __rtentry.o ABSOLUTE
    ../clib/angel/kernel.s                   0x00000000   Number         0  rtexit2.o ABSOLUTE
    ../clib/angel/kernel.s                   0x00000000   Number         0  rtexit.o ABSOLUTE
    ../clib/angel/rt.s                       0x00000000   Number         0  rt_raise.o ABSOLUTE
    ../clib/angel/scatter.s                  0x00000000   Number         0  __scatter.o ABSOLUTE
    ../clib/angel/startup.s                  0x00000000   Number         0  __main.o ABSOLUTE
    ../clib/angel/sys.s                      0x00000000   Number         0  sys_stackheap_outer.o ABSOLUTE
    ../clib/angel/sys.s                      0x00000000   Number         0  use_no_semi.o ABSOLUTE
    ../clib/angel/sys.s                      0x00000000   Number         0  indicate_semi.o ABSOLUTE
    ../clib/angel/sys.s                      0x00000000   Number         0  libspace.o ABSOLUTE
    ../clib/angel/sys.s                      0x00000000   Number         0  use_no_semi_2.o ABSOLUTE
    ../clib/angel/sysapp.c                   0x00000000   Number         0  sys_wrch.o ABSOLUTE
    ../clib/angel/sysapp.c                   0x00000000   Number         0  sys_command.o ABSOLUTE
    ../clib/armsys.c                         0x00000000   Number         0  no_argv.o ABSOLUTE
    ../clib/armsys.c                         0x00000000   Number         0  _get_argv_nomalloc.o ABSOLUTE
    ../clib/armsys.c                         0x00000000   Number         0  argv_veneer.o ABSOLUTE
    ../clib/armsys.c                         0x00000000   Number         0  argv_veneer.o ABSOLUTE
    ../clib/heapalloc.c                      0x00000000   Number         0  hrguard.o ABSOLUTE
    ../clib/heapaux.c                        0x00000000   Number         0  heapauxi.o ABSOLUTE
    ../clib/libinit.s                        0x00000000   Number         0  libinit2.o ABSOLUTE
    ../clib/libinit.s                        0x00000000   Number         0  libshutdown2.o ABSOLUTE
    ../clib/libinit.s                        0x00000000   Number         0  libshutdown.o ABSOLUTE
    ../clib/libinit.s                        0x00000000   Number         0  libinit.o ABSOLUTE
    ../clib/signal.c                         0x00000000   Number         0  defsig_rtmem_outer.o ABSOLUTE
    ../clib/signal.c                         0x00000000   Number         0  defsig_rtmem_formal.o ABSOLUTE
    ../clib/signal.c                         0x00000000   Number         0  defsig_exit.o ABSOLUTE
    ../clib/signal.c                         0x00000000   Number         0  defsig_rtmem_inner.o ABSOLUTE
    ../clib/signal.c                         0x00000000   Number         0  __raise.o ABSOLUTE
    ../clib/signal.c                         0x00000000   Number         0  defsig_general.o ABSOLUTE
    ../clib/signal.c                         0x00000000   Number         0  defsig_abrt_inner.o ABSOLUTE
    ../clib/signal.c                         0x00000000   Number         0  defsig_stak_inner.o ABSOLUTE
    ../clib/signal.c                         0x00000000   Number         0  defsig_fpe_inner.o ABSOLUTE
    ../clib/signal.c                         0x00000000   Number         0  defsig_other.o ABSOLUTE
    ../clib/signal.c                         0x00000000   Number         0  defsig_rtred_inner.o ABSOLUTE
    ../clib/signal.c                         0x00000000   Number         0  defsig_segv_inner.o ABSOLUTE
    ../clib/signal.c                         0x00000000   Number         0  defsig_cppl_inner.o ABSOLUTE
    ../clib/signal.c                         0x00000000   Number         0  defsig_pvfn_inner.o ABSOLUTE
    ../clib/signal.s                         0x00000000   Number         0  defsig.o ABSOLUTE
    ../clib/stdlib.c                         0x00000000   Number         0  exit.o ABSOLUTE
    ../clib/string.c                         0x00000000   Number         0  strstr.o ABSOLUTE
    ../clib/string.c                         0x00000000   Number         0  strchr.o ABSOLUTE
    ../fplib/ddiv.s                          0x00000000   Number         0  ddiv.o ABSOLUTE
    ../fplib/dfixu.s                         0x00000000   Number         0  dfixu.o ABSOLUTE
    ../fplib/dflt.s                          0x00000000   Number         0  dflt_clz.o ABSOLUTE
    ../fplib/dmul.s                          0x00000000   Number         0  dmul.o ABSOLUTE
    ../fplib/dnaninf.s                       0x00000000   Number         0  dnaninf.o ABSOLUTE
    ../fplib/dretinf.s                       0x00000000   Number         0  dretinf.o ABSOLUTE
    ../fplib/faddsub.s                       0x00000000   Number         0  faddsub_clz.o ABSOLUTE
    ../fplib/fdiv.s                          0x00000000   Number         0  fdiv.o ABSOLUTE
    ../fplib/ffixu.s                         0x00000000   Number         0  ffixu.o ABSOLUTE
    ../fplib/fflt.s                          0x00000000   Number         0  fflt_clz.o ABSOLUTE
    ../fplib/fmul.s                          0x00000000   Number         0  fmul.o ABSOLUTE
    ../fplib/fnaninf.s                       0x00000000   Number         0  fnaninf.o ABSOLUTE
    ../fplib/fpinit.s                        0x00000000   Number         0  fpinit.o ABSOLUTE
    ../fplib/fretinf.s                       0x00000000   Number         0  fretinf.o ABSOLUTE
    ../fplib/usenofp.s                       0x00000000   Number         0  usenofp.o ABSOLUTE
    ..\CORE\core_cm3.c                       0x00000000   Number         0  core_cm3.o ABSOLUTE
    ..\CORE\startup_stm32f10x_cl.s           0x00000000   Number         0  startup_stm32f10x_cl.o ABSOLUTE
    ..\HARDWARE\can.c                        0x00000000   Number         0  can.o ABSOLUTE
    ..\HARDWARE\gps.c                        0x00000000   Number         0  gps.o ABSOLUTE
    ..\HARDWARE\led.c                        0x00000000   Number         0  led.o ABSOLUTE
    ..\HARDWARE\order.c                      0x00000000   Number         0  order.o ABSOLUTE
    ..\HARDWARE\seedparameter.c              0x00000000   Number         0  seedparameter.o ABSOLUTE
    ..\HARDWARE\timer2.c                     0x00000000   Number         0  timer2.o ABSOLUTE
    ..\HARDWARE\usb_communication.c          0x00000000   Number         0  usb_communication.o ABSOLUTE
    ..\LIB\src\misc.c                        0x00000000   Number         0  misc.o ABSOLUTE
    ..\LIB\src\stm32f10x_can.c               0x00000000   Number         0  stm32f10x_can.o ABSOLUTE
    ..\LIB\src\stm32f10x_dma.c               0x00000000   Number         0  stm32f10x_dma.o ABSOLUTE
    ..\LIB\src\stm32f10x_exti.c              0x00000000   Number         0  stm32f10x_exti.o ABSOLUTE
    ..\LIB\src\stm32f10x_gpio.c              0x00000000   Number         0  stm32f10x_gpio.o ABSOLUTE
    ..\LIB\src\stm32f10x_rcc.c               0x00000000   Number         0  stm32f10x_rcc.o ABSOLUTE
    ..\LIB\src\stm32f10x_tim.c               0x00000000   Number         0  stm32f10x_tim.o ABSOLUTE
    ..\LIB\src\stm32f10x_usart.c             0x00000000   Number         0  stm32f10x_usart.o ABSOLUTE
    ..\SYS\delay\delay.c                     0x00000000   Number         0  delay.o ABSOLUTE
    ..\SYS\sys\sys.c                         0x00000000   Number         0  sys.o ABSOLUTE
    ..\SYS\usart\usart.c                     0x00000000   Number         0  usart.o ABSOLUTE
    ..\\CORE\\core_cm3.c                     0x00000000   Number         0  core_cm3.o ABSOLUTE
    ..\\SYS\\sys\\sys.c                      0x00000000   Number         0  sys.o ABSOLUTE
    YTCH_Driver.c                            0x00000000   Number         0  ytch_driver.o ABSOLUTE
    dc.s                                     0x00000000   Number         0  dc.o ABSOLUTE
    main.c                                   0x00000000   Number         0  main.o ABSOLUTE
    stm32f10x_it.c                           0x00000000   Number         0  stm32f10x_it.o ABSOLUTE
    system_stm32f10x.c                       0x00000000   Number         0  system_stm32f10x.o ABSOLUTE
    transfer.c                               0x00000000   Number         0  transfer.o ABSOLUTE
    usart3.c                                 0x00000000   Number         0  usart3.o ABSOLUTE
    RESET                                    0x08000000   Section      336  startup_stm32f10x_cl.o(RESET)
    !!!main                                  0x08000150   Section        8  __main.o(!!!main)
    !!!scatter                               0x08000158   Section       52  __scatter.o(!!!scatter)
    !!handler_copy                           0x0800018c   Section       26  __scatter_copy.o(!!handler_copy)
    !!handler_zi                             0x080001a8   Section       28  __scatter_zi.o(!!handler_zi)
    .ARM.Collect$$libinit$$00000000          0x080001c4   Section        2  libinit.o(.ARM.Collect$$libinit$$00000000)
    .ARM.Collect$$libinit$$00000002          0x080001c6   Section        0  libinit2.o(.ARM.Collect$$libinit$$00000002)
    .ARM.Collect$$libinit$$00000004          0x080001c6   Section        0  libinit2.o(.ARM.Collect$$libinit$$00000004)
    .ARM.Collect$$libinit$$0000000A          0x080001c6   Section        0  libinit2.o(.ARM.Collect$$libinit$$0000000A)
    .ARM.Collect$$libinit$$0000000C          0x080001c6   Section        0  libinit2.o(.ARM.Collect$$libinit$$0000000C)
    .ARM.Collect$$libinit$$0000000E          0x080001c6   Section        0  libinit2.o(.ARM.Collect$$libinit$$0000000E)
    .ARM.Collect$$libinit$$00000011          0x080001c6   Section        0  libinit2.o(.ARM.Collect$$libinit$$00000011)
    .ARM.Collect$$libinit$$00000013          0x080001c6   Section        0  libinit2.o(.ARM.Collect$$libinit$$00000013)
    .ARM.Collect$$libinit$$00000015          0x080001c6   Section        0  libinit2.o(.ARM.Collect$$libinit$$00000015)
    .ARM.Collect$$libinit$$00000017          0x080001c6   Section        0  libinit2.o(.ARM.Collect$$libinit$$00000017)
    .ARM.Collect$$libinit$$00000019          0x080001c6   Section        0  libinit2.o(.ARM.Collect$$libinit$$00000019)
    .ARM.Collect$$libinit$$0000001B          0x080001c6   Section        0  libinit2.o(.ARM.Collect$$libinit$$0000001B)
    .ARM.Collect$$libinit$$0000001D          0x080001c6   Section        0  libinit2.o(.ARM.Collect$$libinit$$0000001D)
    .ARM.Collect$$libinit$$0000001F          0x080001c6   Section        0  libinit2.o(.ARM.Collect$$libinit$$0000001F)
    .ARM.Collect$$libinit$$00000021          0x080001c6   Section        0  libinit2.o(.ARM.Collect$$libinit$$00000021)
    .ARM.Collect$$libinit$$00000023          0x080001c6   Section        0  libinit2.o(.ARM.Collect$$libinit$$00000023)
    .ARM.Collect$$libinit$$00000025          0x080001c6   Section        0  libinit2.o(.ARM.Collect$$libinit$$00000025)
    .ARM.Collect$$libinit$$0000002C          0x080001c6   Section        0  libinit2.o(.ARM.Collect$$libinit$$0000002C)
    .ARM.Collect$$libinit$$0000002E          0x080001c6   Section        0  libinit2.o(.ARM.Collect$$libinit$$0000002E)
    .ARM.Collect$$libinit$$00000030          0x080001c6   Section        0  libinit2.o(.ARM.Collect$$libinit$$00000030)
    .ARM.Collect$$libinit$$00000032          0x080001c6   Section        0  libinit2.o(.ARM.Collect$$libinit$$00000032)
    .ARM.Collect$$libinit$$00000033          0x080001c6   Section        2  libinit2.o(.ARM.Collect$$libinit$$00000033)
    .ARM.Collect$$libshutdown$$00000000      0x080001c8   Section        2  libshutdown.o(.ARM.Collect$$libshutdown$$00000000)
    .ARM.Collect$$libshutdown$$00000003      0x080001ca   Section        0  libshutdown2.o(.ARM.Collect$$libshutdown$$00000003)
    .ARM.Collect$$libshutdown$$00000006      0x080001ca   Section        0  libshutdown2.o(.ARM.Collect$$libshutdown$$00000006)
    .ARM.Collect$$libshutdown$$00000009      0x080001ca   Section        0  libshutdown2.o(.ARM.Collect$$libshutdown$$00000009)
    .ARM.Collect$$libshutdown$$0000000B      0x080001ca   Section        0  libshutdown2.o(.ARM.Collect$$libshutdown$$0000000B)
    .ARM.Collect$$libshutdown$$0000000E      0x080001ca   Section        0  libshutdown2.o(.ARM.Collect$$libshutdown$$0000000E)
    .ARM.Collect$$libshutdown$$0000000F      0x080001ca   Section        2  libshutdown2.o(.ARM.Collect$$libshutdown$$0000000F)
    .ARM.Collect$$rtentry$$00000000          0x080001cc   Section        0  __rtentry.o(.ARM.Collect$$rtentry$$00000000)
    .ARM.Collect$$rtentry$$00000002          0x080001cc   Section        0  __rtentry2.o(.ARM.Collect$$rtentry$$00000002)
    .ARM.Collect$$rtentry$$00000004          0x080001cc   Section        6  __rtentry4.o(.ARM.Collect$$rtentry$$00000004)
    .ARM.Collect$$rtentry$$00000009          0x080001d2   Section        0  __rtentry2.o(.ARM.Collect$$rtentry$$00000009)
    .ARM.Collect$$rtentry$$0000000A          0x080001d2   Section        4  __rtentry2.o(.ARM.Collect$$rtentry$$0000000A)
    .ARM.Collect$$rtentry$$0000000C          0x080001d6   Section        0  __rtentry2.o(.ARM.Collect$$rtentry$$0000000C)
    .ARM.Collect$$rtentry$$0000000D          0x080001d6   Section        8  __rtentry2.o(.ARM.Collect$$rtentry$$0000000D)
    .ARM.Collect$$rtexit$$00000000           0x080001de   Section        2  rtexit.o(.ARM.Collect$$rtexit$$00000000)
    .ARM.Collect$$rtexit$$00000002           0x080001e0   Section        0  rtexit2.o(.ARM.Collect$$rtexit$$00000002)
    .ARM.Collect$$rtexit$$00000003           0x080001e0   Section        4  rtexit2.o(.ARM.Collect$$rtexit$$00000003)
    .ARM.Collect$$rtexit$$00000004           0x080001e4   Section        6  rtexit2.o(.ARM.Collect$$rtexit$$00000004)
    .text                                    0x080001ec   Section       64  startup_stm32f10x_cl.o(.text)
    .text                                    0x0800022c   Section        2  use_no_semi_2.o(.text)
    .text                                    0x0800022e   Section        0  strchr.o(.text)
    .text                                    0x08000242   Section        0  strstr.o(.text)
    .text                                    0x08000266   Section        0  heapauxi.o(.text)
    .text                                    0x0800026c   Section        2  use_no_semi.o(.text)
    .text                                    0x0800026e   Section       74  sys_stackheap_outer.o(.text)
    .text                                    0x080002b8   Section        0  exit.o(.text)
    .text                                    0x080002c4   Section        8  libspace.o(.text)
    i.BusFault_Handler                       0x080002cc   Section        0  stm32f10x_it.o(i.BusFault_Handler)
    i.CAN2_Mode_Init                         0x080002d0   Section        0  can.o(i.CAN2_Mode_Init)
    i.CAN2_RX0_IRQHandler                    0x080003dc   Section        0  can.o(i.CAN2_RX0_IRQHandler)
    i.CAN_FilterInit                         0x080003f8   Section        0  stm32f10x_can.o(i.CAN_FilterInit)
    i.CAN_ITConfig                           0x08000500   Section        0  stm32f10x_can.o(i.CAN_ITConfig)
    i.CAN_Init                               0x08000512   Section        0  stm32f10x_can.o(i.CAN_Init)
    i.CAN_Master_Handler                     0x08000628   Section        0  ytch_driver.o(i.CAN_Master_Handler)
    i.CAN_Receive                            0x08000688   Section        0  stm32f10x_can.o(i.CAN_Receive)
    i.CAN_Transmit                           0x08000778   Section        0  stm32f10x_can.o(i.CAN_Transmit)
    i.Ch_TX_Send1                            0x080008a0   Section        0  order.o(i.Ch_TX_Send1)
    i.Ch_TX_Send2                            0x080008d0   Section        0  order.o(i.Ch_TX_Send2)
    i.DMA_ClearFlag                          0x08000900   Section        0  stm32f10x_dma.o(i.DMA_ClearFlag)
    i.DMA_Cmd                                0x0800091c   Section        0  stm32f10x_dma.o(i.DMA_Cmd)
    i.DMA_Config                             0x08000934   Section        0  usb_communication.o(i.DMA_Config)
    i.DMA_DeInit                             0x08000990   Section        0  stm32f10x_dma.o(i.DMA_DeInit)
    i.DMA_GetFlagStatus                      0x08000adc   Section        0  stm32f10x_dma.o(i.DMA_GetFlagStatus)
    i.DMA_ITConfig                           0x08000b08   Section        0  stm32f10x_dma.o(i.DMA_ITConfig)
    i.DMA_Init                               0x08000b1a   Section        0  stm32f10x_dma.o(i.DMA_Init)
    i.DebugMon_Handler                       0x08000b56   Section        0  stm32f10x_it.o(i.DebugMon_Handler)
    i.Enable_Driver                          0x08000b58   Section        0  ytch_driver.o(i.Enable_Driver)
    i.GPIO_Init                              0x08000bb4   Section        0  stm32f10x_gpio.o(i.GPIO_Init)
    i.GPIO_PinLockConfig                     0x08000cca   Section        0  stm32f10x_gpio.o(i.GPIO_PinLockConfig)
    i.GPIO_PinRemapConfig                    0x08000cdc   Section        0  stm32f10x_gpio.o(i.GPIO_PinRemapConfig)
    i.GPIO_ResetBits                         0x08000d6c   Section        0  stm32f10x_gpio.o(i.GPIO_ResetBits)
    i.GPS_Analysis                           0x08000d70   Section        0  gps.o(i.GPS_Analysis)
    i.HardFault_Handler                      0x08000d80   Section        0  stm32f10x_it.o(i.HardFault_Handler)
    i.LED_Init                               0x08000d84   Section        0  led.o(i.LED_Init)
    i.MemManage_Handler                      0x08000db8   Section        0  stm32f10x_it.o(i.MemManage_Handler)
    i.NMEA_Comma_Pos                         0x08000dbc   Section        0  gps.o(i.NMEA_Comma_Pos)
    i.NMEA_GPRMC_Analysis                    0x08000df0   Section        0  gps.o(i.NMEA_GPRMC_Analysis)
    i.NMEA_Pow                               0x08001050   Section        0  gps.o(i.NMEA_Pow)
    i.NMEA_Str2num                           0x08001066   Section        0  gps.o(i.NMEA_Str2num)
    i.NMI_Handler                            0x08001150   Section        0  stm32f10x_it.o(i.NMI_Handler)
    i.NVIC_Init                              0x08001154   Section        0  misc.o(i.NVIC_Init)
    i.NVIC_PriorityGroupConfig               0x080011c4   Section        0  misc.o(i.NVIC_PriorityGroupConfig)
    i.PVM_Set_Speed                          0x080011d8   Section        0  ytch_driver.o(i.PVM_Set_Speed)
    i.PendSV_Handler                         0x080011f6   Section        0  stm32f10x_it.o(i.PendSV_Handler)
    i.RCC_AHBPeriphClockCmd                  0x080011f8   Section        0  stm32f10x_rcc.o(i.RCC_AHBPeriphClockCmd)
    i.RCC_APB1PeriphClockCmd                 0x08001218   Section        0  stm32f10x_rcc.o(i.RCC_APB1PeriphClockCmd)
    i.RCC_APB1PeriphResetCmd                 0x08001238   Section        0  stm32f10x_rcc.o(i.RCC_APB1PeriphResetCmd)
    i.RCC_APB2PeriphClockCmd                 0x08001258   Section        0  stm32f10x_rcc.o(i.RCC_APB2PeriphClockCmd)
    i.RCC_APB2PeriphResetCmd                 0x08001278   Section        0  stm32f10x_rcc.o(i.RCC_APB2PeriphResetCmd)
    i.RCC_GetClocksFreq                      0x08001298   Section        0  stm32f10x_rcc.o(i.RCC_GetClocksFreq)
    i.SEED_Pow                               0x08001424   Section        0  seedparameter.o(i.SEED_Pow)
    i.SVC_Handler                            0x0800143a   Section        0  stm32f10x_it.o(i.SVC_Handler)
    i.Seed_Para_Analysis                     0x0800143c   Section        0  seedparameter.o(i.Seed_Para_Analysis)
    i.SetSysClock                            0x080014e4   Section        0  system_stm32f10x.o(i.SetSysClock)
    SetSysClock                              0x080014e5   Thumb Code     8  system_stm32f10x.o(i.SetSysClock)
    i.SetSysClockTo72                        0x080014ec   Section        0  system_stm32f10x.o(i.SetSysClockTo72)
    SetSysClockTo72                          0x080014ed   Thumb Code   264  system_stm32f10x.o(i.SetSysClockTo72)
    i.Start_Timer2                           0x08001604   Section        0  timer2.o(i.Start_Timer2)
    i.Switch_Driver_Mode                     0x08001618   Section        0  ytch_driver.o(i.Switch_Driver_Mode)
    i.SysTick_CLKSourceConfig                0x08001636   Section        0  misc.o(i.SysTick_CLKSourceConfig)
    i.SysTick_Handler                        0x0800165e   Section        0  stm32f10x_it.o(i.SysTick_Handler)
    i.SystemInit                             0x08001660   Section        0  system_stm32f10x.o(i.SystemInit)
    i.TIM2_IRQHandler                        0x080016cc   Section        0  stm32f10x_it.o(i.TIM2_IRQHandler)
    i.TIM2_Init                              0x080016f0   Section        0  timer2.o(i.TIM2_Init)
    i.TIM4_IRQHandler                        0x0800174c   Section        0  usart3.o(i.TIM4_IRQHandler)
    i.TIM4_Init                              0x0800177c   Section        0  usart3.o(i.TIM4_Init)
    i.TIM4_Set                               0x080017d4   Section        0  usart3.o(i.TIM4_Set)
    i.TIM_ClearITPendingBit                  0x080017fc   Section        0  stm32f10x_tim.o(i.TIM_ClearITPendingBit)
    i.TIM_Cmd                                0x08001802   Section        0  stm32f10x_tim.o(i.TIM_Cmd)
    i.TIM_GetITStatus                        0x0800181a   Section        0  stm32f10x_tim.o(i.TIM_GetITStatus)
    i.TIM_ITConfig                           0x0800183c   Section        0  stm32f10x_tim.o(i.TIM_ITConfig)
    i.TIM_SetCounter                         0x0800184e   Section        0  stm32f10x_tim.o(i.TIM_SetCounter)
    i.TIM_TimeBaseInit                       0x08001854   Section        0  stm32f10x_tim.o(i.TIM_TimeBaseInit)
    i.USART3_IRQHandler                      0x080018f8   Section        0  usart3.o(i.USART3_IRQHandler)
    i.USART3_Init                            0x0800195c   Section        0  usart3.o(i.USART3_Init)
    i.USART_Cmd                              0x08001a24   Section        0  stm32f10x_usart.o(i.USART_Cmd)
    i.USART_DMACmd                           0x08001a3c   Section        0  stm32f10x_usart.o(i.USART_DMACmd)
    i.USART_DeInit                           0x08001a50   Section        0  stm32f10x_usart.o(i.USART_DeInit)
    i.USART_GetFlagStatus                    0x08001aec   Section        0  stm32f10x_usart.o(i.USART_GetFlagStatus)
    i.USART_GetITStatus                      0x08001b06   Section        0  stm32f10x_usart.o(i.USART_GetITStatus)
    i.USART_ITConfig                         0x08001b5a   Section        0  stm32f10x_usart.o(i.USART_ITConfig)
    i.USART_Init                             0x08001ba4   Section        0  stm32f10x_usart.o(i.USART_Init)
    i.USART_ReceiveData                      0x08001c7c   Section        0  stm32f10x_usart.o(i.USART_ReceiveData)
    i.USART_SendData                         0x08001c86   Section        0  stm32f10x_usart.o(i.USART_SendData)
    i.UsageFault_Handler                     0x08001c8e   Section        0  stm32f10x_it.o(i.UsageFault_Handler)
    i.Write_Driver_Reg                       0x08001c94   Section        0  ytch_driver.o(i.Write_Driver_Reg)
    i._sys_exit                              0x08001dac   Section        0  usart.o(i._sys_exit)
    i.delay_init                             0x08001db4   Section        0  delay.o(i.delay_init)
    i.delay_ms                               0x08001df8   Section        0  delay.o(i.delay_ms)
    i.main                                   0x08001e44   Section        0  main.o(i.main)
    i.transferH                              0x0800203c   Section        0  transfer.o(i.transferH)
    i.transferL                              0x08002042   Section        0  transfer.o(i.transferL)
    i.transferLL                             0x0800204a   Section        0  transfer.o(i.transferLL)
    i.transferM                              0x08002050   Section        0  transfer.o(i.transferM)
    i.uart_init                              0x08002058   Section        0  usart.o(i.uart_init)
    x$fpl$ddiv                               0x080020dc   Section      688  ddiv.o(x$fpl$ddiv)
    ddiv_entry                               0x080020e3   Thumb Code     0  ddiv.o(x$fpl$ddiv)
    x$fpl$dfixu                              0x0800238c   Section       90  dfixu.o(x$fpl$dfixu)
    x$fpl$dflt                               0x080023e6   Section       46  dflt_clz.o(x$fpl$dflt)
    x$fpl$dfltu                              0x08002414   Section       38  dflt_clz.o(x$fpl$dfltu)
    x$fpl$dmul                               0x0800243c   Section      340  dmul.o(x$fpl$dmul)
    x$fpl$dnaninf                            0x08002590   Section      156  dnaninf.o(x$fpl$dnaninf)
    x$fpl$dretinf                            0x0800262c   Section       12  dretinf.o(x$fpl$dretinf)
    x$fpl$fadd                               0x08002638   Section      196  faddsub_clz.o(x$fpl$fadd)
    _fadd1                                   0x08002647   Thumb Code     0  faddsub_clz.o(x$fpl$fadd)
    x$fpl$fdiv                               0x080026fc   Section      388  fdiv.o(x$fpl$fdiv)
    _fdiv1                                   0x080026fd   Thumb Code     0  fdiv.o(x$fpl$fdiv)
    x$fpl$ffixu                              0x08002880   Section       62  ffixu.o(x$fpl$ffixu)
    x$fpl$ffltu                              0x080028c0   Section       38  fflt_clz.o(x$fpl$ffltu)
    x$fpl$fmul                               0x080028e8   Section      258  fmul.o(x$fpl$fmul)
    x$fpl$fnaninf                            0x080029ea   Section      140  fnaninf.o(x$fpl$fnaninf)
    x$fpl$fretinf                            0x08002a76   Section       10  fretinf.o(x$fpl$fretinf)
    x$fpl$fsub                               0x08002a80   Section      234  faddsub_clz.o(x$fpl$fsub)
    _fsub1                                   0x08002a8f   Thumb Code     0  faddsub_clz.o(x$fpl$fsub)
    x$fpl$usenofp                            0x08002b6a   Section        0  usenofp.o(x$fpl$usenofp)
    .data                                    0x20000000   Section        6  main.o(.data)
    .data                                    0x20000008   Section       20  system_stm32f10x.o(.data)
    .data                                    0x2000001c   Section        8  ytch_driver.o(.data)
    .data                                    0x20000024   Section        4  delay.o(.data)
    fac_us                                   0x20000024   Data           1  delay.o(.data)
    fac_ms                                   0x20000026   Data           2  delay.o(.data)
    .data                                    0x20000028   Section        2  usart3.o(.data)
    .data                                    0x2000002a   Section       20  stm32f10x_rcc.o(.data)
    APBAHBPrescTable                         0x2000002a   Data          16  stm32f10x_rcc.o(.data)
    ADCPrescTable                            0x2000003a   Data           4  stm32f10x_rcc.o(.data)
    .bss                                     0x20000040   Section      166  main.o(.bss)
    .bss                                     0x200000e8   Section       20  ytch_driver.o(.bss)
    .bss                                     0x20000100   Section     2048  usart3.o(.bss)
    .bss                                     0x20000900   Section       96  libspace.o(.bss)
    HEAP                                     0x20000960   Section      512  startup_stm32f10x_cl.o(HEAP)
    Heap_Mem                                 0x20000960   Data         512  startup_stm32f10x_cl.o(HEAP)
    STACK                                    0x20000b60   Section     1024  startup_stm32f10x_cl.o(STACK)
    Stack_Mem                                0x20000b60   Data        1024  startup_stm32f10x_cl.o(STACK)
    __initial_sp                             0x20000f60   Data           0  startup_stm32f10x_cl.o(STACK)

    Global Symbols

    Symbol Name                              Value     Ov Type        Size  Object(Section)

    BuildAttributes$$THM_ISAv4$P$D$K$B$S$PE$A:L22UL41UL21$X:L11$S22US41US21$IEEE1$IW$USESV6$~STKCKD$USESV7$~SHL$OSPACE$ROPI$EBA8$UX$STANDARDLIB$REQ8$PRES8$EABIv2 0x00000000   Number         0  anon$$obj.o ABSOLUTE
    __ARM_use_no_argv                        0x00000000   Number         0  main.o ABSOLUTE
    __ARM_exceptions_init                     - Undefined Weak Reference
    __alloca_initialize                       - Undefined Weak Reference
    __arm_preinit_                            - Undefined Weak Reference
    __cpp_initialize__aeabi_                  - Undefined Weak Reference
    __cxa_finalize                            - Undefined Weak Reference
    __rt_locale                               - Undefined Weak Reference
    __sigvec_lookup                           - Undefined Weak Reference
    _atexit_init                              - Undefined Weak Reference
    _call_atexit_fns                          - Undefined Weak Reference
    _clock_init                               - Undefined Weak Reference
    _fp_trap_init                             - Undefined Weak Reference
    _fp_trap_shutdown                         - Undefined Weak Reference
    _get_lc_collate                           - Undefined Weak Reference
    _get_lc_ctype                             - Undefined Weak Reference
    _get_lc_monetary                          - Undefined Weak Reference
    _get_lc_numeric                           - Undefined Weak Reference
    _get_lc_time                              - Undefined Weak Reference
    _getenv_init                              - Undefined Weak Reference
    _handle_redirection                       - Undefined Weak Reference
    _init_alloc                               - Undefined Weak Reference
    _init_user_alloc                          - Undefined Weak Reference
    _initio                                   - Undefined Weak Reference
    _rand_init                                - Undefined Weak Reference
    _signal_finish                            - Undefined Weak Reference
    _signal_init                              - Undefined Weak Reference
    _terminate_alloc                          - Undefined Weak Reference
    _terminate_user_alloc                     - Undefined Weak Reference
    _terminateio                              - Undefined Weak Reference
    __Vectors_Size                           0x00000150   Number         0  startup_stm32f10x_cl.o ABSOLUTE
    __Vectors                                0x08000000   Data           4  startup_stm32f10x_cl.o(RESET)
    __Vectors_End                            0x08000150   Data           0  startup_stm32f10x_cl.o(RESET)
    __main                                   0x08000151   Thumb Code     8  __main.o(!!!main)
    __scatterload                            0x08000159   Thumb Code     0  __scatter.o(!!!scatter)
    __scatterload_rt2                        0x08000159   Thumb Code    44  __scatter.o(!!!scatter)
    __scatterload_rt2_thumb_only             0x08000159   Thumb Code     0  __scatter.o(!!!scatter)
    __scatterload_null                       0x08000167   Thumb Code     0  __scatter.o(!!!scatter)
    __scatterload_copy                       0x0800018d   Thumb Code    26  __scatter_copy.o(!!handler_copy)
    __scatterload_zeroinit                   0x080001a9   Thumb Code    28  __scatter_zi.o(!!handler_zi)
    __rt_lib_init                            0x080001c5   Thumb Code     0  libinit.o(.ARM.Collect$$libinit$$00000000)
    __rt_lib_init_alloca_1                   0x080001c7   Thumb Code     0  libinit2.o(.ARM.Collect$$libinit$$0000002E)
    __rt_lib_init_argv_1                     0x080001c7   Thumb Code     0  libinit2.o(.ARM.Collect$$libinit$$0000002C)
    __rt_lib_init_atexit_1                   0x080001c7   Thumb Code     0  libinit2.o(.ARM.Collect$$libinit$$0000001B)
    __rt_lib_init_clock_1                    0x080001c7   Thumb Code     0  libinit2.o(.ARM.Collect$$libinit$$00000021)
    __rt_lib_init_cpp_1                      0x080001c7   Thumb Code     0  libinit2.o(.ARM.Collect$$libinit$$00000032)
    __rt_lib_init_exceptions_1               0x080001c7   Thumb Code     0  libinit2.o(.ARM.Collect$$libinit$$00000030)
    __rt_lib_init_fp_1                       0x080001c7   Thumb Code     0  libinit2.o(.ARM.Collect$$libinit$$00000002)
    __rt_lib_init_fp_trap_1                  0x080001c7   Thumb Code     0  libinit2.o(.ARM.Collect$$libinit$$0000001F)
    __rt_lib_init_getenv_1                   0x080001c7   Thumb Code     0  libinit2.o(.ARM.Collect$$libinit$$00000023)
    __rt_lib_init_heap_1                     0x080001c7   Thumb Code     0  libinit2.o(.ARM.Collect$$libinit$$0000000A)
    __rt_lib_init_lc_collate_1               0x080001c7   Thumb Code     0  libinit2.o(.ARM.Collect$$libinit$$00000011)
    __rt_lib_init_lc_ctype_1                 0x080001c7   Thumb Code     0  libinit2.o(.ARM.Collect$$libinit$$00000013)
    __rt_lib_init_lc_monetary_1              0x080001c7   Thumb Code     0  libinit2.o(.ARM.Collect$$libinit$$00000015)
    __rt_lib_init_lc_numeric_1               0x080001c7   Thumb Code     0  libinit2.o(.ARM.Collect$$libinit$$00000017)
    __rt_lib_init_lc_time_1                  0x080001c7   Thumb Code     0  libinit2.o(.ARM.Collect$$libinit$$00000019)
    __rt_lib_init_preinit_1                  0x080001c7   Thumb Code     0  libinit2.o(.ARM.Collect$$libinit$$00000004)
    __rt_lib_init_rand_1                     0x080001c7   Thumb Code     0  libinit2.o(.ARM.Collect$$libinit$$0000000E)
    __rt_lib_init_return                     0x080001c7   Thumb Code     0  libinit2.o(.ARM.Collect$$libinit$$00000033)
    __rt_lib_init_signal_1                   0x080001c7   Thumb Code     0  libinit2.o(.ARM.Collect$$libinit$$0000001D)
    __rt_lib_init_stdio_1                    0x080001c7   Thumb Code     0  libinit2.o(.ARM.Collect$$libinit$$00000025)
    __rt_lib_init_user_alloc_1               0x080001c7   Thumb Code     0  libinit2.o(.ARM.Collect$$libinit$$0000000C)
    __rt_lib_shutdown                        0x080001c9   Thumb Code     0  libshutdown.o(.ARM.Collect$$libshutdown$$00000000)
    __rt_lib_shutdown_fp_trap_1              0x080001cb   Thumb Code     0  libshutdown2.o(.ARM.Collect$$libshutdown$$00000006)
    __rt_lib_shutdown_heap_1                 0x080001cb   Thumb Code     0  libshutdown2.o(.ARM.Collect$$libshutdown$$0000000E)
    __rt_lib_shutdown_return                 0x080001cb   Thumb Code     0  libshutdown2.o(.ARM.Collect$$libshutdown$$0000000F)
    __rt_lib_shutdown_signal_1               0x080001cb   Thumb Code     0  libshutdown2.o(.ARM.Collect$$libshutdown$$00000009)
    __rt_lib_shutdown_stdio_1                0x080001cb   Thumb Code     0  libshutdown2.o(.ARM.Collect$$libshutdown$$00000003)
    __rt_lib_shutdown_user_alloc_1           0x080001cb   Thumb Code     0  libshutdown2.o(.ARM.Collect$$libshutdown$$0000000B)
    __rt_entry                               0x080001cd   Thumb Code     0  __rtentry.o(.ARM.Collect$$rtentry$$00000000)
    __rt_entry_presh_1                       0x080001cd   Thumb Code     0  __rtentry2.o(.ARM.Collect$$rtentry$$00000002)
    __rt_entry_sh                            0x080001cd   Thumb Code     0  __rtentry4.o(.ARM.Collect$$rtentry$$00000004)
    __rt_entry_li                            0x080001d3   Thumb Code     0  __rtentry2.o(.ARM.Collect$$rtentry$$0000000A)
    __rt_entry_postsh_1                      0x080001d3   Thumb Code     0  __rtentry2.o(.ARM.Collect$$rtentry$$00000009)
    __rt_entry_main                          0x080001d7   Thumb Code     0  __rtentry2.o(.ARM.Collect$$rtentry$$0000000D)
    __rt_entry_postli_1                      0x080001d7   Thumb Code     0  __rtentry2.o(.ARM.Collect$$rtentry$$0000000C)
    __rt_exit                                0x080001df   Thumb Code     0  rtexit.o(.ARM.Collect$$rtexit$$00000000)
    __rt_exit_ls                             0x080001e1   Thumb Code     0  rtexit2.o(.ARM.Collect$$rtexit$$00000003)
    __rt_exit_prels_1                        0x080001e1   Thumb Code     0  rtexit2.o(.ARM.Collect$$rtexit$$00000002)
    __rt_exit_exit                           0x080001e5   Thumb Code     0  rtexit2.o(.ARM.Collect$$rtexit$$00000004)
    Reset_Handler                            0x080001ed   Thumb Code     8  startup_stm32f10x_cl.o(.text)
    ADC1_2_IRQHandler                        0x08000207   Thumb Code     0  startup_stm32f10x_cl.o(.text)
    CAN1_RX0_IRQHandler                      0x08000207   Thumb Code     0  startup_stm32f10x_cl.o(.text)
    CAN1_RX1_IRQHandler                      0x08000207   Thumb Code     0  startup_stm32f10x_cl.o(.text)
    CAN1_SCE_IRQHandler                      0x08000207   Thumb Code     0  startup_stm32f10x_cl.o(.text)
    CAN1_TX_IRQHandler                       0x08000207   Thumb Code     0  startup_stm32f10x_cl.o(.text)
    CAN2_RX1_IRQHandler                      0x08000207   Thumb Code     0  startup_stm32f10x_cl.o(.text)
    CAN2_SCE_IRQHandler                      0x08000207   Thumb Code     0  startup_stm32f10x_cl.o(.text)
    CAN2_TX_IRQHandler                       0x08000207   Thumb Code     0  startup_stm32f10x_cl.o(.text)
    DMA1_Channel1_IRQHandler                 0x08000207   Thumb Code     0  startup_stm32f10x_cl.o(.text)
    DMA1_Channel2_IRQHandler                 0x08000207   Thumb Code     0  startup_stm32f10x_cl.o(.text)
    DMA1_Channel3_IRQHandler                 0x08000207   Thumb Code     0  startup_stm32f10x_cl.o(.text)
    DMA1_Channel4_IRQHandler                 0x08000207   Thumb Code     0  startup_stm32f10x_cl.o(.text)
    DMA1_Channel5_IRQHandler                 0x08000207   Thumb Code     0  startup_stm32f10x_cl.o(.text)
    DMA1_Channel6_IRQHandler                 0x08000207   Thumb Code     0  startup_stm32f10x_cl.o(.text)
    DMA1_Channel7_IRQHandler                 0x08000207   Thumb Code     0  startup_stm32f10x_cl.o(.text)
    DMA2_Channel1_IRQHandler                 0x08000207   Thumb Code     0  startup_stm32f10x_cl.o(.text)
    DMA2_Channel2_IRQHandler                 0x08000207   Thumb Code     0  startup_stm32f10x_cl.o(.text)
    DMA2_Channel3_IRQHandler                 0x08000207   Thumb Code     0  startup_stm32f10x_cl.o(.text)
    DMA2_Channel4_IRQHandler                 0x08000207   Thumb Code     0  startup_stm32f10x_cl.o(.text)
    DMA2_Channel5_IRQHandler                 0x08000207   Thumb Code     0  startup_stm32f10x_cl.o(.text)
    ETH_IRQHandler                           0x08000207   Thumb Code     0  startup_stm32f10x_cl.o(.text)
    ETH_WKUP_IRQHandler                      0x08000207   Thumb Code     0  startup_stm32f10x_cl.o(.text)
    EXTI0_IRQHandler                         0x08000207   Thumb Code     0  startup_stm32f10x_cl.o(.text)
    EXTI15_10_IRQHandler                     0x08000207   Thumb Code     0  startup_stm32f10x_cl.o(.text)
    EXTI1_IRQHandler                         0x08000207   Thumb Code     0  startup_stm32f10x_cl.o(.text)
    EXTI2_IRQHandler                         0x08000207   Thumb Code     0  startup_stm32f10x_cl.o(.text)
    EXTI3_IRQHandler                         0x08000207   Thumb Code     0  startup_stm32f10x_cl.o(.text)
    EXTI4_IRQHandler                         0x08000207   Thumb Code     0  startup_stm32f10x_cl.o(.text)
    EXTI9_5_IRQHandler                       0x08000207   Thumb Code     0  startup_stm32f10x_cl.o(.text)
    FLASH_IRQHandler                         0x08000207   Thumb Code     0  startup_stm32f10x_cl.o(.text)
    I2C1_ER_IRQHandler                       0x08000207   Thumb Code     0  startup_stm32f10x_cl.o(.text)
    I2C1_EV_IRQHandler                       0x08000207   Thumb Code     0  startup_stm32f10x_cl.o(.text)
    I2C2_ER_IRQHandler                       0x08000207   Thumb Code     0  startup_stm32f10x_cl.o(.text)
    I2C2_EV_IRQHandler                       0x08000207   Thumb Code     0  startup_stm32f10x_cl.o(.text)
    OTG_FS_IRQHandler                        0x08000207   Thumb Code     0  startup_stm32f10x_cl.o(.text)
    OTG_FS_WKUP_IRQHandler                   0x08000207   Thumb Code     0  startup_stm32f10x_cl.o(.text)
    PVD_IRQHandler                           0x08000207   Thumb Code     0  startup_stm32f10x_cl.o(.text)
    RCC_IRQHandler                           0x08000207   Thumb Code     0  startup_stm32f10x_cl.o(.text)
    RTCAlarm_IRQHandler                      0x08000207   Thumb Code     0  startup_stm32f10x_cl.o(.text)
    RTC_IRQHandler                           0x08000207   Thumb Code     0  startup_stm32f10x_cl.o(.text)
    SPI1_IRQHandler                          0x08000207   Thumb Code     0  startup_stm32f10x_cl.o(.text)
    SPI2_IRQHandler                          0x08000207   Thumb Code     0  startup_stm32f10x_cl.o(.text)
    SPI3_IRQHandler                          0x08000207   Thumb Code     0  startup_stm32f10x_cl.o(.text)
    TAMPER_IRQHandler                        0x08000207   Thumb Code     0  startup_stm32f10x_cl.o(.text)
    TIM1_BRK_IRQHandler                      0x08000207   Thumb Code     0  startup_stm32f10x_cl.o(.text)
    TIM1_CC_IRQHandler                       0x08000207   Thumb Code     0  startup_stm32f10x_cl.o(.text)
    TIM1_TRG_COM_IRQHandler                  0x08000207   Thumb Code     0  startup_stm32f10x_cl.o(.text)
    TIM1_UP_IRQHandler                       0x08000207   Thumb Code     0  startup_stm32f10x_cl.o(.text)
    TIM3_IRQHandler                          0x08000207   Thumb Code     0  startup_stm32f10x_cl.o(.text)
    TIM5_IRQHandler                          0x08000207   Thumb Code     0  startup_stm32f10x_cl.o(.text)
    TIM6_IRQHandler                          0x08000207   Thumb Code     0  startup_stm32f10x_cl.o(.text)
    TIM7_IRQHandler                          0x08000207   Thumb Code     0  startup_stm32f10x_cl.o(.text)
    UART4_IRQHandler                         0x08000207   Thumb Code     0  startup_stm32f10x_cl.o(.text)
    UART5_IRQHandler                         0x08000207   Thumb Code     0  startup_stm32f10x_cl.o(.text)
    USART1_IRQHandler                        0x08000207   Thumb Code     0  startup_stm32f10x_cl.o(.text)
    USART2_IRQHandler                        0x08000207   Thumb Code     0  startup_stm32f10x_cl.o(.text)
    WWDG_IRQHandler                          0x08000207   Thumb Code     0  startup_stm32f10x_cl.o(.text)
    __user_initial_stackheap                 0x08000209   Thumb Code     0  startup_stm32f10x_cl.o(.text)
    __use_no_semihosting                     0x0800022d   Thumb Code     2  use_no_semi_2.o(.text)
    strchr                                   0x0800022f   Thumb Code    20  strchr.o(.text)
    strstr                                   0x08000243   Thumb Code    36  strstr.o(.text)
    __use_two_region_memory                  0x08000267   Thumb Code     2  heapauxi.o(.text)
    __rt_heap_escrow$2region                 0x08000269   Thumb Code     2  heapauxi.o(.text)
    __rt_heap_expand$2region                 0x0800026b   Thumb Code     2  heapauxi.o(.text)
    __I$use$semihosting                      0x0800026d   Thumb Code     0  use_no_semi.o(.text)
    __use_no_semihosting_swi                 0x0800026d   Thumb Code     2  use_no_semi.o(.text)
    __user_setup_stackheap                   0x0800026f   Thumb Code    74  sys_stackheap_outer.o(.text)
    exit                                     0x080002b9   Thumb Code    12  exit.o(.text)
    __user_libspace                          0x080002c5   Thumb Code     8  libspace.o(.text)
    __user_perproc_libspace                  0x080002c5   Thumb Code     0  libspace.o(.text)
    __user_perthread_libspace                0x080002c5   Thumb Code     0  libspace.o(.text)
    BusFault_Handler                         0x080002cd   Thumb Code     4  stm32f10x_it.o(i.BusFault_Handler)
    CAN2_Mode_Init                           0x080002d1   Thumb Code   254  can.o(i.CAN2_Mode_Init)
    CAN2_RX0_IRQHandler                      0x080003dd   Thumb Code    24  can.o(i.CAN2_RX0_IRQHandler)
    CAN_FilterInit                           0x080003f9   Thumb Code   258  stm32f10x_can.o(i.CAN_FilterInit)
    CAN_ITConfig                             0x08000501   Thumb Code    18  stm32f10x_can.o(i.CAN_ITConfig)
    CAN_Init                                 0x08000513   Thumb Code   276  stm32f10x_can.o(i.CAN_Init)
    CAN_Master_Handler                       0x08000629   Thumb Code    88  ytch_driver.o(i.CAN_Master_Handler)
    CAN_Receive                              0x08000689   Thumb Code   240  stm32f10x_can.o(i.CAN_Receive)
    CAN_Transmit                             0x08000779   Thumb Code   294  stm32f10x_can.o(i.CAN_Transmit)
    Ch_TX_Send1                              0x080008a1   Thumb Code    44  order.o(i.Ch_TX_Send1)
    Ch_TX_Send2                              0x080008d1   Thumb Code    44  order.o(i.Ch_TX_Send2)
    DMA_ClearFlag                            0x08000901   Thumb Code    18  stm32f10x_dma.o(i.DMA_ClearFlag)
    DMA_Cmd                                  0x0800091d   Thumb Code    24  stm32f10x_dma.o(i.DMA_Cmd)
    DMA_Config                               0x08000935   Thumb Code    82  usb_communication.o(i.DMA_Config)
    DMA_DeInit                               0x08000991   Thumb Code   324  stm32f10x_dma.o(i.DMA_DeInit)
    DMA_GetFlagStatus                        0x08000add   Thumb Code    36  stm32f10x_dma.o(i.DMA_GetFlagStatus)
    DMA_ITConfig                             0x08000b09   Thumb Code    18  stm32f10x_dma.o(i.DMA_ITConfig)
    DMA_Init                                 0x08000b1b   Thumb Code    60  stm32f10x_dma.o(i.DMA_Init)
    DebugMon_Handler                         0x08000b57   Thumb Code     2  stm32f10x_it.o(i.DebugMon_Handler)
    Enable_Driver                            0x08000b59   Thumb Code    92  ytch_driver.o(i.Enable_Driver)
    GPIO_Init                                0x08000bb5   Thumb Code   278  stm32f10x_gpio.o(i.GPIO_Init)
    GPIO_PinLockConfig                       0x08000ccb   Thumb Code    18  stm32f10x_gpio.o(i.GPIO_PinLockConfig)
    GPIO_PinRemapConfig                      0x08000cdd   Thumb Code   138  stm32f10x_gpio.o(i.GPIO_PinRemapConfig)
    GPIO_ResetBits                           0x08000d6d   Thumb Code     4  stm32f10x_gpio.o(i.GPIO_ResetBits)
    GPS_Analysis                             0x08000d71   Thumb Code    16  gps.o(i.GPS_Analysis)
    HardFault_Handler                        0x08000d81   Thumb Code     4  stm32f10x_it.o(i.HardFault_Handler)
    LED_Init                                 0x08000d85   Thumb Code    46  led.o(i.LED_Init)
    MemManage_Handler                        0x08000db9   Thumb Code     4  stm32f10x_it.o(i.MemManage_Handler)
    NMEA_Comma_Pos                           0x08000dbd   Thumb Code    50  gps.o(i.NMEA_Comma_Pos)
    NMEA_GPRMC_Analysis                      0x08000df1   Thumb Code   596  gps.o(i.NMEA_GPRMC_Analysis)
    NMEA_Pow                                 0x08001051   Thumb Code    22  gps.o(i.NMEA_Pow)
    NMEA_Str2num                             0x08001067   Thumb Code   234  gps.o(i.NMEA_Str2num)
    NMI_Handler                              0x08001151   Thumb Code     2  stm32f10x_it.o(i.NMI_Handler)
    NVIC_Init                                0x08001155   Thumb Code   100  misc.o(i.NVIC_Init)
    NVIC_PriorityGroupConfig                 0x080011c5   Thumb Code    10  misc.o(i.NVIC_PriorityGroupConfig)
    PVM_Set_Speed                            0x080011d9   Thumb Code    30  ytch_driver.o(i.PVM_Set_Speed)
    PendSV_Handler                           0x080011f7   Thumb Code     2  stm32f10x_it.o(i.PendSV_Handler)
    RCC_AHBPeriphClockCmd                    0x080011f9   Thumb Code    26  stm32f10x_rcc.o(i.RCC_AHBPeriphClockCmd)
    RCC_APB1PeriphClockCmd                   0x08001219   Thumb Code    26  stm32f10x_rcc.o(i.RCC_APB1PeriphClockCmd)
    RCC_APB1PeriphResetCmd                   0x08001239   Thumb Code    26  stm32f10x_rcc.o(i.RCC_APB1PeriphResetCmd)
    RCC_APB2PeriphClockCmd                   0x08001259   Thumb Code    26  stm32f10x_rcc.o(i.RCC_APB2PeriphClockCmd)
    RCC_APB2PeriphResetCmd                   0x08001279   Thumb Code    26  stm32f10x_rcc.o(i.RCC_APB2PeriphResetCmd)
    RCC_GetClocksFreq                        0x08001299   Thumb Code   374  stm32f10x_rcc.o(i.RCC_GetClocksFreq)
    SEED_Pow                                 0x08001425   Thumb Code    22  seedparameter.o(i.SEED_Pow)
    SVC_Handler                              0x0800143b   Thumb Code     2  stm32f10x_it.o(i.SVC_Handler)
    Seed_Para_Analysis                       0x0800143d   Thumb Code   168  seedparameter.o(i.Seed_Para_Analysis)
    Start_Timer2                             0x08001605   Thumb Code    20  timer2.o(i.Start_Timer2)
    Switch_Driver_Mode                       0x08001619   Thumb Code    30  ytch_driver.o(i.Switch_Driver_Mode)
    SysTick_CLKSourceConfig                  0x08001637   Thumb Code    40  misc.o(i.SysTick_CLKSourceConfig)
    SysTick_Handler                          0x0800165f   Thumb Code     2  stm32f10x_it.o(i.SysTick_Handler)
    SystemInit                               0x08001661   Thumb Code    92  system_stm32f10x.o(i.SystemInit)
    TIM2_IRQHandler                          0x080016cd   Thumb Code    32  stm32f10x_it.o(i.TIM2_IRQHandler)
    TIM2_Init                                0x080016f1   Thumb Code    92  timer2.o(i.TIM2_Init)
    TIM4_IRQHandler                          0x0800174d   Thumb Code    40  usart3.o(i.TIM4_IRQHandler)
    TIM4_Init                                0x0800177d   Thumb Code    82  usart3.o(i.TIM4_Init)
    TIM4_Set                                 0x080017d5   Thumb Code    34  usart3.o(i.TIM4_Set)
    TIM_ClearITPendingBit                    0x080017fd   Thumb Code     6  stm32f10x_tim.o(i.TIM_ClearITPendingBit)
    TIM_Cmd                                  0x08001803   Thumb Code    24  stm32f10x_tim.o(i.TIM_Cmd)
    TIM_GetITStatus                          0x0800181b   Thumb Code    34  stm32f10x_tim.o(i.TIM_GetITStatus)
    TIM_ITConfig                             0x0800183d   Thumb Code    18  stm32f10x_tim.o(i.TIM_ITConfig)
    TIM_SetCounter                           0x0800184f   Thumb Code     4  stm32f10x_tim.o(i.TIM_SetCounter)
    TIM_TimeBaseInit                         0x08001855   Thumb Code   122  stm32f10x_tim.o(i.TIM_TimeBaseInit)
    USART3_IRQHandler                        0x080018f9   Thumb Code    84  usart3.o(i.USART3_IRQHandler)
    USART3_Init                              0x0800195d   Thumb Code   188  usart3.o(i.USART3_Init)
    USART_Cmd                                0x08001a25   Thumb Code    24  stm32f10x_usart.o(i.USART_Cmd)
    USART_DMACmd                             0x08001a3d   Thumb Code    18  stm32f10x_usart.o(i.USART_DMACmd)
    USART_DeInit                             0x08001a51   Thumb Code   134  stm32f10x_usart.o(i.USART_DeInit)
    USART_GetFlagStatus                      0x08001aed   Thumb Code    26  stm32f10x_usart.o(i.USART_GetFlagStatus)
    USART_GetITStatus                        0x08001b07   Thumb Code    84  stm32f10x_usart.o(i.USART_GetITStatus)
    USART_ITConfig                           0x08001b5b   Thumb Code    74  stm32f10x_usart.o(i.USART_ITConfig)
    USART_Init                               0x08001ba5   Thumb Code   210  stm32f10x_usart.o(i.USART_Init)
    USART_ReceiveData                        0x08001c7d   Thumb Code    10  stm32f10x_usart.o(i.USART_ReceiveData)
    USART_SendData                           0x08001c87   Thumb Code     8  stm32f10x_usart.o(i.USART_SendData)
    UsageFault_Handler                       0x08001c8f   Thumb Code     4  stm32f10x_it.o(i.UsageFault_Handler)
    Write_Driver_Reg                         0x08001c95   Thumb Code   264  ytch_driver.o(i.Write_Driver_Reg)
    _sys_exit                                0x08001dad   Thumb Code     6  usart.o(i._sys_exit)
    delay_init                               0x08001db5   Thumb Code    50  delay.o(i.delay_init)
    delay_ms                                 0x08001df9   Thumb Code    72  delay.o(i.delay_ms)
    main                                     0x08001e45   Thumb Code   466  main.o(i.main)
    transferH                                0x0800203d   Thumb Code     6  transfer.o(i.transferH)
    transferL                                0x08002043   Thumb Code     8  transfer.o(i.transferL)
    transferLL                               0x0800204b   Thumb Code     6  transfer.o(i.transferLL)
    transferM                                0x08002051   Thumb Code     8  transfer.o(i.transferM)
    uart_init                                0x08002059   Thumb Code   124  usart.o(i.uart_init)
    __aeabi_ddiv                             0x080020dd   Thumb Code     0  ddiv.o(x$fpl$ddiv)
    _ddiv                                    0x080020dd   Thumb Code   552  ddiv.o(x$fpl$ddiv)
    __aeabi_d2uiz                            0x0800238d   Thumb Code     0  dfixu.o(x$fpl$dfixu)
    _dfixu                                   0x0800238d   Thumb Code    90  dfixu.o(x$fpl$dfixu)
    __aeabi_i2d                              0x080023e7   Thumb Code     0  dflt_clz.o(x$fpl$dflt)
    _dflt                                    0x080023e7   Thumb Code    46  dflt_clz.o(x$fpl$dflt)
    __aeabi_ui2d                             0x08002415   Thumb Code     0  dflt_clz.o(x$fpl$dfltu)
    _dfltu                                   0x08002415   Thumb Code    38  dflt_clz.o(x$fpl$dfltu)
    __aeabi_dmul                             0x0800243d   Thumb Code     0  dmul.o(x$fpl$dmul)
    _dmul                                    0x0800243d   Thumb Code   332  dmul.o(x$fpl$dmul)
    __fpl_dnaninf                            0x08002591   Thumb Code   156  dnaninf.o(x$fpl$dnaninf)
    __fpl_dretinf                            0x0800262d   Thumb Code    12  dretinf.o(x$fpl$dretinf)
    __aeabi_fadd                             0x08002639   Thumb Code     0  faddsub_clz.o(x$fpl$fadd)
    _fadd                                    0x08002639   Thumb Code   196  faddsub_clz.o(x$fpl$fadd)
    __aeabi_fdiv                             0x080026fd   Thumb Code     0  fdiv.o(x$fpl$fdiv)
    _fdiv                                    0x080026fd   Thumb Code   384  fdiv.o(x$fpl$fdiv)
    __aeabi_f2uiz                            0x08002881   Thumb Code     0  ffixu.o(x$fpl$ffixu)
    _ffixu                                   0x08002881   Thumb Code    62  ffixu.o(x$fpl$ffixu)
    __aeabi_ui2f                             0x080028c1   Thumb Code     0  fflt_clz.o(x$fpl$ffltu)
    _ffltu                                   0x080028c1   Thumb Code    38  fflt_clz.o(x$fpl$ffltu)
    __aeabi_fmul                             0x080028e9   Thumb Code     0  fmul.o(x$fpl$fmul)
    _fmul                                    0x080028e9   Thumb Code   258  fmul.o(x$fpl$fmul)
    __fpl_fnaninf                            0x080029eb   Thumb Code   140  fnaninf.o(x$fpl$fnaninf)
    __fpl_fretinf                            0x08002a77   Thumb Code    10  fretinf.o(x$fpl$fretinf)
    __aeabi_fsub                             0x08002a81   Thumb Code     0  faddsub_clz.o(x$fpl$fsub)
    _fsub                                    0x08002a81   Thumb Code   234  faddsub_clz.o(x$fpl$fsub)
    __I$use$fp                               0x08002b6a   Number         0  usenofp.o(x$fpl$usenofp)
    Region$$Table$$Base                      0x08002b6c   Number         0  anon$$obj.o(Region$$Table)
    Region$$Table$$Limit                     0x08002b8c   Number         0  anon$$obj.o(Region$$Table)
    sp                                       0x20000000   Data           6  main.o(.data)
    SystemCoreClock                          0x20000008   Data           4  system_stm32f10x.o(.data)
    AHBPrescTable                            0x2000000c   Data          16  system_stm32f10x.o(.data)
    timer2_cnt                               0x2000001c   Data           4  ytch_driver.o(.data)
    sdo_recv_cnt                             0x20000020   Data           4  ytch_driver.o(.data)
    USART3_RX_STA                            0x20000028   Data           2  usart3.o(.data)
    gpsx                                     0x20000040   Data         166  main.o(.bss)
    sdo_recv_msg                             0x200000e8   Data          20  ytch_driver.o(.bss)
    USART3_TX_BUF                            0x20000100   Data        1024  usart3.o(.bss)
    USART3_RX_BUF                            0x20000500   Data        1024  usart3.o(.bss)
    __libspace_start                         0x20000900   Data          96  libspace.o(.bss)
    __temporary_stack_top$libspace           0x20000960   Data           0  libspace.o(.bss)



==============================================================================

Memory Map of the image

  Image Entry point : 0x08000151

  Load Region LR_IROM1 (Base: 0x08000000, Size: 0x00002bcc, Max: 0x00040000, ABSOLUTE)

    Execution Region ER_IROM1 (Base: 0x08000000, Size: 0x00002b8c, Max: 0x00040000, ABSOLUTE)

    Base Addr    Size         Type   Attr      Idx    E Section Name        Object

    0x08000000   0x00000150   Data   RO         2134    RESET               startup_stm32f10x_cl.o
    0x08000150   0x00000008   Code   RO         2149  * !!!main             c_w.l(__main.o)
    0x08000158   0x00000034   Code   RO         2350    !!!scatter          c_w.l(__scatter.o)
    0x0800018c   0x0000001a   Code   RO         2352    !!handler_copy      c_w.l(__scatter_copy.o)
    0x080001a6   0x00000002   PAD
    0x080001a8   0x0000001c   Code   RO         2354    !!handler_zi        c_w.l(__scatter_zi.o)
    0x080001c4   0x00000002   Code   RO         2225    .ARM.Collect$$libinit$$00000000  c_w.l(libinit.o)
    0x080001c6   0x00000000   Code   RO         2232    .ARM.Collect$$libinit$$00000002  c_w.l(libinit2.o)
    0x080001c6   0x00000000   Code   RO         2234    .ARM.Collect$$libinit$$00000004  c_w.l(libinit2.o)
    0x080001c6   0x00000000   Code   RO         2237    .ARM.Collect$$libinit$$0000000A  c_w.l(libinit2.o)
    0x080001c6   0x00000000   Code   RO         2239    .ARM.Collect$$libinit$$0000000C  c_w.l(libinit2.o)
    0x080001c6   0x00000000   Code   RO         2241    .ARM.Collect$$libinit$$0000000E  c_w.l(libinit2.o)
    0x080001c6   0x00000000   Code   RO         2244    .ARM.Collect$$libinit$$00000011  c_w.l(libinit2.o)
    0x080001c6   0x00000000   Code   RO         2246    .ARM.Collect$$libinit$$00000013  c_w.l(libinit2.o)
    0x080001c6   0x00000000   Code   RO         2248    .ARM.Collect$$libinit$$00000015  c_w.l(libinit2.o)
    0x080001c6   0x00000000   Code   RO         2250    .ARM.Collect$$libinit$$00000017  c_w.l(libinit2.o)
    0x080001c6   0x00000000   Code   RO         2252    .ARM.Collect$$libinit$$00000019  c_w.l(libinit2.o)
    0x080001c6   0x00000000   Code   RO         2254    .ARM.Collect$$libinit$$0000001B  c_w.l(libinit2.o)
    0x080001c6   0x00000000   Code   RO         2256    .ARM.Collect$$libinit$$0000001D  c_w.l(libinit2.o)
    0x080001c6   0x00000000   Code   RO         2258    .ARM.Collect$$libinit$$0000001F  c_w.l(libinit2.o)
    0x080001c6   0x00000000   Code   RO         2260    .ARM.Collect$$libinit$$00000021  c_w.l(libinit2.o)
    0x080001c6   0x00000000   Code   RO         2262    .ARM.Collect$$libinit$$00000023  c_w.l(libinit2.o)
    0x080001c6   0x00000000   Code   RO         2264    .ARM.Collect$$libinit$$00000025  c_w.l(libinit2.o)
    0x080001c6   0x00000000   Code   RO         2268    .ARM.Collect$$libinit$$0000002C  c_w.l(libinit2.o)
    0x080001c6   0x00000000   Code   RO         2270    .ARM.Collect$$libinit$$0000002E  c_w.l(libinit2.o)
    0x080001c6   0x00000000   Code   RO         2272    .ARM.Collect$$libinit$$00000030  c_w.l(libinit2.o)
    0x080001c6   0x00000000   Code   RO         2274    .ARM.Collect$$libinit$$00000032  c_w.l(libinit2.o)
    0x080001c6   0x00000002   Code   RO         2275    .ARM.Collect$$libinit$$00000033  c_w.l(libinit2.o)
    0x080001c8   0x00000002   Code   RO         2293    .ARM.Collect$$libshutdown$$00000000  c_w.l(libshutdown.o)
    0x080001ca   0x00000000   Code   RO         2304    .ARM.Collect$$libshutdown$$00000003  c_w.l(libshutdown2.o)
    0x080001ca   0x00000000   Code   RO         2307    .ARM.Collect$$libshutdown$$00000006  c_w.l(libshutdown2.o)
    0x080001ca   0x00000000   Code   RO         2310    .ARM.Collect$$libshutdown$$00000009  c_w.l(libshutdown2.o)
    0x080001ca   0x00000000   Code   RO         2312    .ARM.Collect$$libshutdown$$0000000B  c_w.l(libshutdown2.o)
    0x080001ca   0x00000000   Code   RO         2315    .ARM.Collect$$libshutdown$$0000000E  c_w.l(libshutdown2.o)
    0x080001ca   0x00000002   Code   RO         2316    .ARM.Collect$$libshutdown$$0000000F  c_w.l(libshutdown2.o)
    0x080001cc   0x00000000   Code   RO         2191    .ARM.Collect$$rtentry$$00000000  c_w.l(__rtentry.o)
    0x080001cc   0x00000000   Code   RO         2202    .ARM.Collect$$rtentry$$00000002  c_w.l(__rtentry2.o)
    0x080001cc   0x00000006   Code   RO         2214    .ARM.Collect$$rtentry$$00000004  c_w.l(__rtentry4.o)
    0x080001d2   0x00000000   Code   RO         2204    .ARM.Collect$$rtentry$$00000009  c_w.l(__rtentry2.o)
    0x080001d2   0x00000004   Code   RO         2205    .ARM.Collect$$rtentry$$0000000A  c_w.l(__rtentry2.o)
    0x080001d6   0x00000000   Code   RO         2207    .ARM.Collect$$rtentry$$0000000C  c_w.l(__rtentry2.o)
    0x080001d6   0x00000008   Code   RO         2208    .ARM.Collect$$rtentry$$0000000D  c_w.l(__rtentry2.o)
    0x080001de   0x00000002   Code   RO         2229    .ARM.Collect$$rtexit$$00000000  c_w.l(rtexit.o)
    0x080001e0   0x00000000   Code   RO         2277    .ARM.Collect$$rtexit$$00000002  c_w.l(rtexit2.o)
    0x080001e0   0x00000004   Code   RO         2278    .ARM.Collect$$rtexit$$00000003  c_w.l(rtexit2.o)
    0x080001e4   0x00000006   Code   RO         2279    .ARM.Collect$$rtexit$$00000004  c_w.l(rtexit2.o)
    0x080001ea   0x00000002   PAD
    0x080001ec   0x00000040   Code   RO         2135    .text               startup_stm32f10x_cl.o
    0x0800022c   0x00000002   Code   RO         2141    .text               c_w.l(use_no_semi_2.o)
    0x0800022e   0x00000014   Code   RO         2143    .text               c_w.l(strchr.o)
    0x08000242   0x00000024   Code   RO         2145    .text               c_w.l(strstr.o)
    0x08000266   0x00000006   Code   RO         2147    .text               c_w.l(heapauxi.o)
    0x0800026c   0x00000002   Code   RO         2189    .text               c_w.l(use_no_semi.o)
    0x0800026e   0x0000004a   Code   RO         2216    .text               c_w.l(sys_stackheap_outer.o)
    0x080002b8   0x0000000c   Code   RO         2218    .text               c_w.l(exit.o)
    0x080002c4   0x00000008   Code   RO         2226    .text               c_w.l(libspace.o)
    0x080002cc   0x00000004   Code   RO          203    i.BusFault_Handler  stm32f10x_it.o
    0x080002d0   0x0000010c   Code   RO          446    i.CAN2_Mode_Init    can.o
    0x080003dc   0x0000001c   Code   RO          447    i.CAN2_RX0_IRQHandler  can.o
    0x080003f8   0x00000108   Code   RO          751    i.CAN_FilterInit    stm32f10x_can.o
    0x08000500   0x00000012   Code   RO          757    i.CAN_ITConfig      stm32f10x_can.o
    0x08000512   0x00000114   Code   RO          758    i.CAN_Init          stm32f10x_can.o
    0x08000626   0x00000002   PAD
    0x08000628   0x00000060   Code   RO          277    i.CAN_Master_Handler  ytch_driver.o
    0x08000688   0x000000f0   Code   RO          761    i.CAN_Receive       stm32f10x_can.o
    0x08000778   0x00000126   Code   RO          766    i.CAN_Transmit      stm32f10x_can.o
    0x0800089e   0x00000002   PAD
    0x080008a0   0x00000030   Code   RO          515    i.Ch_TX_Send1       order.o
    0x080008d0   0x00000030   Code   RO          516    i.Ch_TX_Send2       order.o
    0x08000900   0x0000001c   Code   RO         2050    i.DMA_ClearFlag     stm32f10x_dma.o
    0x0800091c   0x00000018   Code   RO         2052    i.DMA_Cmd           stm32f10x_dma.o
    0x08000934   0x0000005c   Code   RO          533    i.DMA_Config        usb_communication.o
    0x08000990   0x0000014c   Code   RO         2053    i.DMA_DeInit        stm32f10x_dma.o
    0x08000adc   0x0000002c   Code   RO         2055    i.DMA_GetFlagStatus  stm32f10x_dma.o
    0x08000b08   0x00000012   Code   RO         2057    i.DMA_ITConfig      stm32f10x_dma.o
    0x08000b1a   0x0000003c   Code   RO         2058    i.DMA_Init          stm32f10x_dma.o
    0x08000b56   0x00000002   Code   RO          204    i.DebugMon_Handler  stm32f10x_it.o
    0x08000b58   0x0000005c   Code   RO          279    i.Enable_Driver     ytch_driver.o
    0x08000bb4   0x00000116   Code   RO          960    i.GPIO_Init         stm32f10x_gpio.o
    0x08000cca   0x00000012   Code   RO          961    i.GPIO_PinLockConfig  stm32f10x_gpio.o
    0x08000cdc   0x00000090   Code   RO          962    i.GPIO_PinRemapConfig  stm32f10x_gpio.o
    0x08000d6c   0x00000004   Code   RO          967    i.GPIO_ResetBits    stm32f10x_gpio.o
    0x08000d70   0x00000010   Code   RO          545    i.GPS_Analysis      gps.o
    0x08000d80   0x00000004   Code   RO          205    i.HardFault_Handler  stm32f10x_it.o
    0x08000d84   0x00000034   Code   RO          503    i.LED_Init          led.o
    0x08000db8   0x00000004   Code   RO          206    i.MemManage_Handler  stm32f10x_it.o
    0x08000dbc   0x00000032   Code   RO          547    i.NMEA_Comma_Pos    gps.o
    0x08000dee   0x00000002   PAD
    0x08000df0   0x00000260   Code   RO          552    i.NMEA_GPRMC_Analysis  gps.o
    0x08001050   0x00000016   Code   RO          553    i.NMEA_Pow          gps.o
    0x08001066   0x000000ea   Code   RO          554    i.NMEA_Str2num      gps.o
    0x08001150   0x00000002   Code   RO          207    i.NMI_Handler       stm32f10x_it.o
    0x08001152   0x00000002   PAD
    0x08001154   0x00000070   Code   RO          709    i.NVIC_Init         misc.o
    0x080011c4   0x00000014   Code   RO          710    i.NVIC_PriorityGroupConfig  misc.o
    0x080011d8   0x0000001e   Code   RO          281    i.PVM_Set_Speed     ytch_driver.o
    0x080011f6   0x00000002   Code   RO          208    i.PendSV_Handler    stm32f10x_it.o
    0x080011f8   0x00000020   Code   RO         1069    i.RCC_AHBPeriphClockCmd  stm32f10x_rcc.o
    0x08001218   0x00000020   Code   RO         1071    i.RCC_APB1PeriphClockCmd  stm32f10x_rcc.o
    0x08001238   0x00000020   Code   RO         1072    i.RCC_APB1PeriphResetCmd  stm32f10x_rcc.o
    0x08001258   0x00000020   Code   RO         1073    i.RCC_APB2PeriphClockCmd  stm32f10x_rcc.o
    0x08001278   0x00000020   Code   RO         1074    i.RCC_APB2PeriphResetCmd  stm32f10x_rcc.o
    0x08001298   0x0000018c   Code   RO         1081    i.RCC_GetClocksFreq  stm32f10x_rcc.o
    0x08001424   0x00000016   Code   RO          691    i.SEED_Pow          seedparameter.o
    0x0800143a   0x00000002   Code   RO          209    i.SVC_Handler       stm32f10x_it.o
    0x0800143c   0x000000a8   Code   RO          692    i.Seed_Para_Analysis  seedparameter.o
    0x080014e4   0x00000008   Code   RO          147    i.SetSysClock       system_stm32f10x.o
    0x080014ec   0x00000118   Code   RO          148    i.SetSysClockTo72   system_stm32f10x.o
    0x08001604   0x00000014   Code   RO          479    i.Start_Timer2      timer2.o
    0x08001618   0x0000001e   Code   RO          286    i.Switch_Driver_Mode  ytch_driver.o
    0x08001636   0x00000028   Code   RO          713    i.SysTick_CLKSourceConfig  misc.o
    0x0800165e   0x00000002   Code   RO          210    i.SysTick_Handler   stm32f10x_it.o
    0x08001660   0x0000006c   Code   RO          150    i.SystemInit        system_stm32f10x.o
    0x080016cc   0x00000024   Code   RO          211    i.TIM2_IRQHandler   stm32f10x_it.o
    0x080016f0   0x0000005c   Code   RO          481    i.TIM2_Init         timer2.o
    0x0800174c   0x00000030   Code   RO          648    i.TIM4_IRQHandler   usart3.o
    0x0800177c   0x00000058   Code   RO          649    i.TIM4_Init         usart3.o
    0x080017d4   0x00000028   Code   RO          650    i.TIM4_Set          usart3.o
    0x080017fc   0x00000006   Code   RO         1333    i.TIM_ClearITPendingBit  stm32f10x_tim.o
    0x08001802   0x00000018   Code   RO         1338    i.TIM_Cmd           stm32f10x_tim.o
    0x0800181a   0x00000022   Code   RO         1359    i.TIM_GetITStatus   stm32f10x_tim.o
    0x0800183c   0x00000012   Code   RO         1363    i.TIM_ITConfig      stm32f10x_tim.o
    0x0800184e   0x00000004   Code   RO         1403    i.TIM_SetCounter    stm32f10x_tim.o
    0x08001852   0x00000002   PAD
    0x08001854   0x000000a4   Code   RO         1409    i.TIM_TimeBaseInit  stm32f10x_tim.o
    0x080018f8   0x00000064   Code   RO          651    i.USART3_IRQHandler  usart3.o
    0x0800195c   0x000000c8   Code   RO          652    i.USART3_Init       usart3.o
    0x08001a24   0x00000018   Code   RO         1874    i.USART_Cmd         stm32f10x_usart.o
    0x08001a3c   0x00000012   Code   RO         1875    i.USART_DMACmd      stm32f10x_usart.o
    0x08001a4e   0x00000002   PAD
    0x08001a50   0x0000009c   Code   RO         1876    i.USART_DeInit      stm32f10x_usart.o
    0x08001aec   0x0000001a   Code   RO         1877    i.USART_GetFlagStatus  stm32f10x_usart.o
    0x08001b06   0x00000054   Code   RO         1878    i.USART_GetITStatus  stm32f10x_usart.o
    0x08001b5a   0x0000004a   Code   RO         1880    i.USART_ITConfig    stm32f10x_usart.o
    0x08001ba4   0x000000d8   Code   RO         1881    i.USART_Init        stm32f10x_usart.o
    0x08001c7c   0x0000000a   Code   RO         1888    i.USART_ReceiveData  stm32f10x_usart.o
    0x08001c86   0x00000008   Code   RO         1891    i.USART_SendData    stm32f10x_usart.o
    0x08001c8e   0x00000004   Code   RO          212    i.UsageFault_Handler  stm32f10x_it.o
    0x08001c92   0x00000002   PAD
    0x08001c94   0x00000118   Code   RO          287    i.Write_Driver_Reg  ytch_driver.o
    0x08001dac   0x00000006   Code   RO          408    i._sys_exit         usart.o
    0x08001db2   0x00000002   PAD
    0x08001db4   0x00000044   Code   RO          353    i.delay_init        delay.o
    0x08001df8   0x0000004c   Code   RO          354    i.delay_ms          delay.o
    0x08001e44   0x000001f8   Code   RO            1    i.main              main.o
    0x0800203c   0x00000006   Code   RO          618    i.transferH         transfer.o
    0x08002042   0x00000008   Code   RO          619    i.transferL         transfer.o
    0x0800204a   0x00000006   Code   RO          620    i.transferLL        transfer.o
    0x08002050   0x00000008   Code   RO          621    i.transferM         transfer.o
    0x08002058   0x00000084   Code   RO          410    i.uart_init         usart.o
    0x080020dc   0x000002b0   Code   RO         2152    x$fpl$ddiv          fz_ws.l(ddiv.o)
    0x0800238c   0x0000005a   Code   RO         2155    x$fpl$dfixu         fz_ws.l(dfixu.o)
    0x080023e6   0x0000002e   Code   RO         2160    x$fpl$dflt          fz_ws.l(dflt_clz.o)
    0x08002414   0x00000026   Code   RO         2159    x$fpl$dfltu         fz_ws.l(dflt_clz.o)
    0x0800243a   0x00000002   PAD
    0x0800243c   0x00000154   Code   RO         2165    x$fpl$dmul          fz_ws.l(dmul.o)
    0x08002590   0x0000009c   Code   RO         2192    x$fpl$dnaninf       fz_ws.l(dnaninf.o)
    0x0800262c   0x0000000c   Code   RO         2194    x$fpl$dretinf       fz_ws.l(dretinf.o)
    0x08002638   0x000000c4   Code   RO         2167    x$fpl$fadd          fz_ws.l(faddsub_clz.o)
    0x080026fc   0x00000184   Code   RO         2174    x$fpl$fdiv          fz_ws.l(fdiv.o)
    0x08002880   0x0000003e   Code   RO         2177    x$fpl$ffixu         fz_ws.l(ffixu.o)
    0x080028be   0x00000002   PAD
    0x080028c0   0x00000026   Code   RO         2181    x$fpl$ffltu         fz_ws.l(fflt_clz.o)
    0x080028e6   0x00000002   PAD
    0x080028e8   0x00000102   Code   RO         2187    x$fpl$fmul          fz_ws.l(fmul.o)
    0x080029ea   0x0000008c   Code   RO         2196    x$fpl$fnaninf       fz_ws.l(fnaninf.o)
    0x08002a76   0x0000000a   Code   RO         2198    x$fpl$fretinf       fz_ws.l(fretinf.o)
    0x08002a80   0x000000ea   Code   RO         2169    x$fpl$fsub          fz_ws.l(faddsub_clz.o)
    0x08002b6a   0x00000000   Code   RO         2200    x$fpl$usenofp       fz_ws.l(usenofp.o)
    0x08002b6a   0x00000002   PAD
    0x08002b6c   0x00000020   Data   RO         2348    Region$$Table       anon$$obj.o


    Execution Region RW_IRAM1 (Base: 0x20000000, Size: 0x00000f60, Max: 0x00010000, ABSOLUTE)

    Base Addr    Size         Type   Attr      Idx    E Section Name        Object

    0x20000000   0x00000006   Data   RW            3    .data               main.o
    0x20000006   0x00000002   PAD
    0x20000008   0x00000014   Data   RW          151    .data               system_stm32f10x.o
    0x2000001c   0x00000008   Data   RW          289    .data               ytch_driver.o
    0x20000024   0x00000004   Data   RW          356    .data               delay.o
    0x20000028   0x00000002   Data   RW          654    .data               usart3.o
    0x2000002a   0x00000014   Data   RW         1109    .data               stm32f10x_rcc.o
    0x2000003e   0x00000002   PAD
    0x20000040   0x000000a6   Zero   RW            2    .bss                main.o
    0x200000e6   0x00000002   PAD
    0x200000e8   0x00000014   Zero   RW          288    .bss                ytch_driver.o
    0x200000fc   0x00000004   PAD
    0x20000100   0x00000800   Zero   RW          653    .bss                usart3.o
    0x20000900   0x00000060   Zero   RW         2227    .bss                c_w.l(libspace.o)
    0x20000960   0x00000200   Zero   RW         2133    HEAP                startup_stm32f10x_cl.o
    0x20000b60   0x00000400   Zero   RW         2132    STACK               startup_stm32f10x_cl.o


==============================================================================

Image component sizes


      Code (inc. data)   RO Data    RW Data    ZI Data      Debug   Object Name

       296         18          0          0          0       1487   can.o
       144         22          0          4          0       1164   delay.o
       930         12          0          0          0       3896   gps.o
        52          6          0          0          0        475   led.o
       504         38          0          6        166     294177   main.o
       172         22          0          0          0       1941   misc.o
        96          8          0          0          0       1348   order.o
       190          0          0          0          0       1712   seedparameter.o
        64         26        336          0       1536        788   startup_stm32f10x_cl.o
      1092          6          0          0          0       4172   stm32f10x_can.o
       506         26          0          0          0       4929   stm32f10x_dma.o
       444          6          0          0          0       3764   stm32f10x_gpio.o
        62          4          0          0          0       4148   stm32f10x_it.o
       556         52          0         20          0       6740   stm32f10x_rcc.o
       250         42          0          0          0       3879   stm32f10x_tim.o
       616         28          0          0          0       7019   stm32f10x_usart.o
         0          0          0          0          0         32   sys.o
       396         32          0         20          0       2113   system_stm32f10x.o
       112          0          0          0          0       1091   timer2.o
        28          0          0          0          0       1805   transfer.o
       138          8          0          0          0       1112   usart.o
       476         48          0          2       2048       3331   usart3.o
        92         10          0          0          0        641   usb_communication.o
       528         40          0          8         20       3940   ytch_driver.o

    ----------------------------------------------------------------------
      7760        454        368         64       3776     355704   Object Totals
         0          0         32          0          0          0   (incl. Generated)
        16          0          0          4          6          0   (incl. Padding)

    ----------------------------------------------------------------------

      Code (inc. data)   RO Data    RW Data    ZI Data      Debug   Library Member Name

         8          0          0          0          0         68   __main.o
         0          0          0          0          0          0   __rtentry.o
        12          0          0          0          0          0   __rtentry2.o
         6          0          0          0          0          0   __rtentry4.o
        52          8          0          0          0          0   __scatter.o
        26          0          0          0          0          0   __scatter_copy.o
        28          0          0          0          0          0   __scatter_zi.o
        12          0          0          0          0         72   exit.o
         6          0          0          0          0        152   heapauxi.o
         2          0          0          0          0          0   libinit.o
         2          0          0          0          0          0   libinit2.o
         2          0          0          0          0          0   libshutdown.o
         2          0          0          0          0          0   libshutdown2.o
         8          4          0          0         96         68   libspace.o
         2          0          0          0          0          0   rtexit.o
        10          0          0          0          0          0   rtexit2.o
        20          0          0          0          0         68   strchr.o
        36          0          0          0          0         80   strstr.o
        74          0          0          0          0         80   sys_stackheap_outer.o
         2          0          0          0          0         68   use_no_semi.o
         2          0          0          0          0         68   use_no_semi_2.o
       688        140          0          0          0        208   ddiv.o
        90          4          0          0          0         92   dfixu.o
        84          0          0          0          0        136   dflt_clz.o
       340         12          0          0          0        104   dmul.o
       156          4          0          0          0         92   dnaninf.o
        12          0          0          0          0         68   dretinf.o
       430          8          0          0          0        168   faddsub_clz.o
       388         76          0          0          0         96   fdiv.o
        62          4          0          0          0         84   ffixu.o
        38          0          0          0          0         68   fflt_clz.o
       258          4          0          0          0         84   fmul.o
       140          4          0          0          0         84   fnaninf.o
        10          0          0          0          0         68   fretinf.o
         0          0          0          0          0          0   usenofp.o

    ----------------------------------------------------------------------
      3020        268          0          0         96       2076   Library Totals
        12          0          0          0          0          0   (incl. Padding)

    ----------------------------------------------------------------------

      Code (inc. data)   RO Data    RW Data    ZI Data      Debug   Library Name

       312         12          0          0         96        724   c_w.l
      2696        256          0          0          0       1352   fz_ws.l

    ----------------------------------------------------------------------
      3020        268          0          0         96       2076   Library Totals

    ----------------------------------------------------------------------

==============================================================================


      Code (inc. data)   RO Data    RW Data    ZI Data      Debug   

     10780        722        368         64       3872     352472   Grand Totals
     10780        722        368         64       3872     352472   ELF Image Totals
     10780        722        368         64          0          0   ROM Totals

==============================================================================

    Total RO  Size (Code + RO Data)                11148 (  10.89kB)
    Total RW  Size (RW Data + ZI Data)              3936 (   3.84kB)
    Total ROM Size (Code + RO Data + RW Data)      11212 (  10.95kB)

==============================================================================

